---
source: tests-e2e/tests/package_manager/cli.rs
---
status: 0
--- stdout
Run the language server.

Usage: iris lsp [FLAGS]

Flags:
      --query-log <LevelFilter>     Log level for the query engine.
                                    [possible values: off, error, warn, info, debug, trace]
                                    (default: off)
      --checking-log <LevelFilter>  Log level for the type checker.
                                    [possible values: off, error, warn, info, debug, trace]
                                    (default: off)
      --stdio
      --lsp-log <LevelFilter>       Log level for the language server.
                                    [possible values: off, error, warn, info, debug, trace]
                                    (default: info)
      --config <JSON>               Language server configuration as a JSON object, read once at startup.
      --config-file <PATH>          Read language server JSON configuration once at startup from PATH, relative to the
                                    working directory.
  -h, --help                        Print help
--- stderr
