---
source: tests-e2e/tests/package_manager/build.rs
expression: stderr
---
Error! · [JavaScriptInitializerCycle] · src/Main.purs:6:1
  •
  │
  • This declaration is cyclic with other declarations
  │
  │   second :: Int
  │   ╰────────────
  │
  • This declaration is a member of the same cycle
  │
  │   first :: Int
  │   ╰───────────
  •

compilation failed
