---
source: tests-e2e/tests/package_manager/cli.rs
---
status: 2
--- stdout
--- stderr
Error! · [missing_flag_value] · command line:1:11
  •
  │
  • a value is required for '--spago-project <DIR>' but none was supplied
  │
  │ For more information, try '--help'.
  │
  │   iris docs --spago-project
  │             ╰──────────────
  •
