---
source: tests-integration/src/fixtures.rs
assertion_line: 134
expression: report
---
Hover at Position { line: 9, character: 6 }

```
      program \a ->
--    $
```

```purescript
((t :: Type) -> (t1 :: Type)) -> (t1 :: Type)
```


Hover at Position { line: 11, character: 8 }

```
        return (function a)
--      $       $
```

```purescript
(t :: Type) -> (t1 :: Type)
```


Hover at Position { line: 11, character: 16 }

```
        return (function a)
--      $       $
```

```purescript
(t :: Type) -> (t1 :: Type)
```
