---
source: tests-integration/src/fixtures.rs
assertion_line: 50
expression: report
---
Terms
Identity :: forall (@a :: Prim.Type). (a :: Prim.Type) -> Main.Identity (a :: Prim.Type)

Types
Identity :: Prim.Type -> Prim.Type

Derived
derive forall (a :: Prim.Type).
  Data.Show.Show (a :: Prim.Type) => Data.Show.Show (Main.Identity (a :: Prim.Type))

Roles
Identity = [Representational]
