---
source: tests-integration/src/fixtures.rs
assertion_line: 50
expression: report
---
Terms
Result :: Main.Result
Spec :: Main.Spec
Query :: forall (@a :: Prim.Type). (a :: Prim.Type) -> Main.Query (a :: Prim.Type)
Eval :: forall (@a :: Prim.Type). (a :: Prim.Type) -> Main.Eval (a :: Prim.Type)
identity :: forall (a :: Prim.Type). (a :: Prim.Type) -> (a :: Prim.Type)
mkEval ::
  forall (a :: Prim.Type). Main.Spec -> Main.Query (a :: Prim.Type) -> Main.Eval (a :: Prim.Type)
accept ::
  (forall (a :: Prim.Type). Main.Query (a :: Prim.Type) -> Main.Eval (a :: Prim.Type)) ->
  Main.Result
nestedApplication :: Main.Result

Types
Result :: Prim.Type
Spec :: Prim.Type
Query :: Prim.Type -> Prim.Type
Eval :: Prim.Type -> Prim.Type

Roles
Result = []
Spec = []
Query = [Representational]
Eval = [Representational]

Diagnostics
error[CannotUnify]: Cannot unify '?9' with '(a :: Type)'
  --> 21:28..21:32
   |
21 | nestedApplication = accept eval
   |                            ^~~~
error[CannotUnify]: Cannot unify 'Query (a :: Type)' with 'Query ?9'
  --> 21:28..21:32
   |
21 | nestedApplication = accept eval
   |                            ^~~~
