---
source: tests-integration/src/fixtures.rs
assertion_line: 50
expression: report
---
Terms
Unit :: Main.Unit
consume :: Prim.Int -> Main.Unit
test :: Main.Unit

Types
Unit :: Prim.Type

Roles
Unit = []

Diagnostics
error[CannotUnify]: Cannot unify '?0 -> Int' with 'Int'
  --> 8:17..8:28
  |
8 | test = consume (\value -> 0)
  |                 ^~~~~~~~~~~
