---
source: tests-integration/src/fixtures.rs
assertion_line: 68
expression: report
---
module Main where

missingAction :: Box Int
missingAction = <error-statement>; pure 42

missingFinalAction :: Box Int
missingFinalAction = bind boxedInt (\value -> <error-statement>; <error>)

localLet :: Box Int
localLet = bind boxedInt (\value -> let { kept :: Int } in pure kept)

finalBind :: Box Int
finalBind = <error-statement>; <error>

finalLet :: Box Int
finalLet = let { value :: Int } in <error>

empty :: ?[empty do block]
empty = <error>

partialApplication :: ?[invalid function application]
partialApplication = <partial-application bind boxedInt (\value -> pure value)>
