---
source: tests-integration/src/fixtures.rs
assertion_line: 286
expression: report
---
Terms

Types

Derived
derive Data.Show.Show (Prim.Int -> Prim.Int)

Diagnostics
Error! · [CannotDeriveForType] · Main.purs:5:1
  •
  │
  • Cannot derive for type: Int -> Int
  │
  │   derive newtype instance Show (Int -> Int)
  │   ╰────────────────────────────────────────
  •
