---
source: tests-integration/src/fixtures.rs
assertion_line: 294
expression: diagnostics_report
---
Terms
escaped :: Alexandrite.StyleX.ConditionalCase Prim.String

Types

Backend Diagnostics
Error! · [FunctionalCodegen] · Main.purs:5:1
  •
  │
  • Cannot generate JavaScript for module 'Main'.
  │
  │ 'Alexandrite.StyleX.ancestor' must be used directly in a conditionalValue case array.
  │
  │   escaped = When.ancestor ":hover" "red"
  │   ╰─────────────────────────────────────
  •
