---
source: tests-integration/src/fixtures.rs
assertion_line: 286
expression: report
---
Terms
MkWrap ::
  forall t0 (@f :: t0 -> Prim.Type) (@a :: t0).
    (f :: t0 -> Prim.Type) (a :: t0) -> Main.Wrap @t0 (f :: t0 -> Prim.Type) (a :: t0)
MkWrapNoEq1 ::
  forall t0 (@f :: t0 -> Prim.Type) (@a :: t0).
    (f :: t0 -> Prim.Type) (a :: t0) -> Main.WrapNoEq1 @t0 (f :: t0 -> Prim.Type) (a :: t0)

Types
Wrap :: forall t0. (t0 -> Prim.Type) -> t0 -> Prim.Type
WrapNoEq1 :: forall t0. (t0 -> Prim.Type) -> t0 -> Prim.Type

Derived
derive forall (f :: Prim.Type -> Prim.Type) a.
  Data.Eq.Eq1 (f :: Prim.Type -> Prim.Type) =>
  Data.Eq.Eq a =>
  Data.Eq.Eq (Main.Wrap @Prim.Type (f :: Prim.Type -> Prim.Type) a)
derive forall a (f :: Prim.Type -> Prim.Type).
  Data.Eq.Eq a => Data.Eq.Eq (Main.WrapNoEq1 @Prim.Type (f :: Prim.Type -> Prim.Type) a)

Roles
Wrap = [Representational, Nominal]
WrapNoEq1 = [Representational, Nominal]

Diagnostics
Error! · [NoInstanceFound] · Main.purs:11:1
  •
  │
  • No instance found for: Eq1 (f :: Type -> Type)
  │
  │   derive instance Eq a => Eq (WrapNoEq1 f a)
  │   ╰─────────────────────────────────────────
  • while
  │
  │   Eq a is in scope
  •
