---
source: tests-integration/src/fixtures.rs
assertion_line: 50
expression: report
---
Terms
MkWrap ::
  forall (t :: Prim.Type) (@f :: (t :: Prim.Type) -> Prim.Type) (@a :: (t :: Prim.Type)).
    (f :: (t :: Prim.Type) -> Prim.Type) (a :: (t :: Prim.Type)) ->
    Main.Wrap @(t :: Prim.Type) (f :: (t :: Prim.Type) -> Prim.Type) (a :: (t :: Prim.Type))
MkWrapNoEq1 ::
  forall (t :: Prim.Type) (@f :: (t :: Prim.Type) -> Prim.Type) (@a :: (t :: Prim.Type)).
    (f :: (t :: Prim.Type) -> Prim.Type) (a :: (t :: Prim.Type)) ->
    Main.WrapNoEq1 @(t :: Prim.Type) (f :: (t :: Prim.Type) -> Prim.Type) (a :: (t :: Prim.Type))

Types
Wrap :: forall (t :: Prim.Type). ((t :: Prim.Type) -> Prim.Type) -> (t :: Prim.Type) -> Prim.Type
WrapNoEq1 ::
  forall (t :: Prim.Type). ((t :: Prim.Type) -> Prim.Type) -> (t :: Prim.Type) -> Prim.Type

Derived
derive forall (t :: Prim.Type -> Prim.Type) (t1 :: Prim.Type).
  Data.Eq.Eq1 (t :: Prim.Type -> Prim.Type) =>
  Data.Eq.Eq (t1 :: Prim.Type) =>
  Data.Eq.Eq (Main.Wrap @Prim.Type (t :: Prim.Type -> Prim.Type) (t1 :: Prim.Type))
derive forall (t :: Prim.Type) (t1 :: Prim.Type -> Prim.Type).
  Data.Eq.Eq (t :: Prim.Type) =>
  Data.Eq.Eq (Main.WrapNoEq1 @Prim.Type (t1 :: Prim.Type -> Prim.Type) (t :: Prim.Type))

Roles
Wrap = [Representational, Nominal]
WrapNoEq1 = [Representational, Nominal]

Diagnostics
error[NoInstanceFound]: No instance found for: Eq1 (t :: Type -> Type)
  --> 11:1..11:43
   |
11 | derive instance Eq a => Eq (WrapNoEq1 f a)
   | ^~~~~~~~~~~~~~~~~~~~~~~~~~~~~~~~~~~~~~~~~~
  trivia: Eq (t1 :: Type) is in scope
