---
source: tests-integration/src/fixtures.rs
assertion_line: 286
expression: report
---
Terms
Reader :: forall @a. (Prim.Int -> a) -> Main.Reader a

Types
Reader :: Prim.Type -> Prim.Type

Instances
instance Data.Foldable.Foldable Main.Reader

Derived
derive Data.Functor.Functor Main.Reader
derive Data.Traversable.Traversable Main.Reader

Roles
Reader = [Representational]

Diagnostics
Error! · [CannotDeriveForType] · Main.purs:16:1
  •
  │
  • Cannot derive for type: Int -> t0
  │
  │   derive instance Traversable Reader
  │   ╰─────────────────────────────────
  •
