---
source: tests-integration/src/fixtures.rs
assertion_line: 269
expression: ssa_report
---
@export function integer($int) {
  entry() {
    case$0();
  }
  case$0() {
    const matches = pattern.literal($int, 0);
    if (matches) {
      match$success();
    } else {
      case$1();
    }
  }
  case$1() {
    const literal$1 = false;
    case$join(literal$1);
  }
  case$failure() {
    throw patternMatchFailure();
  }
  case$join(result) {
    return result;
  }
  match$success() {
    const literal = true;
    case$join(literal);
  }
}

@export function number($number) {
  entry() {
    case$0();
  }
  case$0() {
    const matches = pattern.literal($number, 1.5);
    if (matches) {
      match$success();
    } else {
      case$1();
    }
  }
  case$1() {
    const literal$1 = false;
    case$join(literal$1);
  }
  case$failure() {
    throw patternMatchFailure();
  }
  case$join(result) {
    return result;
  }
  match$success() {
    const literal = true;
    case$join(literal);
  }
}

@export function character($char) {
  entry() {
    case$0();
  }
  case$0() {
    const matches = pattern.literal($char, 'a');
    if (matches) {
      match$success();
    } else {
      case$1();
    }
  }
  case$1() {
    const literal$1 = false;
    case$join(literal$1);
  }
  case$failure() {
    throw patternMatchFailure();
  }
  case$join(result) {
    return result;
  }
  match$success() {
    const literal = true;
    case$join(literal);
  }
}

@export const escapedDoubleQuote = initialize {
  entry() {
    const literal = '"';
    return literal;
  }
}

@export function matchesEscapedDoubleQuote($char) {
  entry() {
    case$0();
  }
  case$0() {
    const matches = pattern.literal($char, '"');
    if (matches) {
      match$success();
    } else {
      case$1();
    }
  }
  case$1() {
    const literal$1 = false;
    case$join(literal$1);
  }
  case$failure() {
    throw patternMatchFailure();
  }
  case$join(result) {
    return result;
  }
  match$success() {
    const literal = true;
    case$join(literal);
  }
}

@export function string($string) {
  entry() {
    case$0();
  }
  case$0() {
    const matches = pattern.literal($string, "alexandrite");
    if (matches) {
      match$success();
    } else {
      case$1();
    }
  }
  case$1() {
    const literal$1 = false;
    case$join(literal$1);
  }
  case$failure() {
    throw patternMatchFailure();
  }
  case$join(result) {
    return result;
  }
  match$success() {
    const literal = true;
    case$join(literal);
  }
}

@export function boolean($boolean) {
  entry() {
    case$0();
  }
  case$0() {
    const matches = pattern.literal($boolean, true);
    if (matches) {
      match$success();
    } else {
      case$1();
    }
  }
  case$1() {
    const matches$1 = pattern.literal($boolean, false);
    if (matches$1) {
      match$success$1();
    } else {
      case$failure();
    }
  }
  case$failure() {
    throw patternMatchFailure();
  }
  case$join(result) {
    return result;
  }
  match$success() {
    const literal = true;
    case$join(literal);
  }
  match$success$1() {
    const literal$1 = false;
    case$join(literal$1);
  }
}
