---
source: tests-integration/src/fixtures.rs
assertion_line: 50
expression: report
---
Terms
F ::
  forall (t :: Type) (@f :: (t :: Type) -> Type) (@a :: (t :: Type)).
    (f :: (t :: Type) -> Type) (a :: (t :: Type)) ->
    F @(t :: Type) (f :: (t :: Type) -> Type) (a :: (t :: Type))

Types
F :: forall (t :: Type). ((t :: Type) -> Type) -> (t :: Type) -> Type

Roles
F = [Representational, Nominal]
