---
source: tests-integration/src/fixtures.rs
assertion_line: 56
expression: ssa_report
---
function choose(first, second) {
  entry() {
    case$0();
  }
  case$0() {
    const matches = pattern.literal(first, true);
    if (matches) {
      match$success();
    } else {
      case$1();
    }
  }
  case$1() {
    const matches$2 = pattern.literal(first, true);
    if (matches$2) {
      match$success$2();
    } else {
      case$2();
    }
  }
  case$2() {
    const matches$4 = pattern.literal(first, false);
    if (matches$4) {
      match$success$4();
    } else {
      case$failure();
    }
  }
  case$failure() {
    throw patternMatchFailure();
  }
  case$join(result) {
    return result;
  }
  match$success() {
    const matches$1 = pattern.literal(second, true);
    if (matches$1) {
      match$success$1();
    } else {
      case$1();
    }
  }
  match$success$1() {
    const literal = 2;
    case$join(literal);
  }
  match$success$2() {
    const matches$3 = pattern.literal(second, false);
    if (matches$3) {
      match$success$3();
    } else {
      case$2();
    }
  }
  match$success$3() {
    const literal$1 = 1;
    case$join(literal$1);
  }
  match$success$4() {
    const literal$2 = 0;
    case$join(literal$2);
  }
}
