---
source: tests-integration/src/fixtures.rs
assertion_line: 142
expression: javascript_report
---
// Main/index.js
export function choose(first) {
  return second => {
    function case$1(first, second) {
      const matches$2 = first === true;
      if (matches$2) {
        const matches$3 = second === false;
        if (matches$3) {
          const literal$1 = 1 | 0;
          return literal$1;
        } else {
          return case$2(first);
        }
      } else {
        return case$2(first);
      }
    }

    function case$2(first) {
      const matches$4 = first === false;
      if (matches$4) {
        const literal$2 = 0 | 0;
        return literal$2;
      } else {
        throw new Error("Pattern match failure");
      }
    }

    const matches = first === true;
    if (matches) {
      const matches$1 = second === true;
      if (matches$1) {
        const literal = 2 | 0;
        return literal;
      } else {
        return case$1(first, second);
      }
    } else {
      return case$1(first, second);
    }
  };
}
