---
source: tests-integration/src/fixtures.rs
assertion_line: 50
expression: report
---
Terms
App ::
  forall (k :: Type) (@f :: (k :: Type) -> Type) (@a :: (k :: Type)).
    (f :: (k :: Type) -> Type) (a :: (k :: Type)) ->
    App @(k :: Type) (f :: (k :: Type) -> Type) (a :: (k :: Type))

Types
App :: forall (k :: Type). ((k :: Type) -> Type) -> (k :: Type) -> Type

Derived
derive forall (t :: Type) (t1 :: (t :: Type) -> Type) (t2 :: (t :: Type)).
  Newtype @Type
    (App @(t :: Type) (t1 :: (t :: Type) -> Type) (t2 :: (t :: Type)))
    ((t1 :: (t :: Type) -> Type) (t2 :: (t :: Type)))
derive forall (t :: Type -> Type) (t1 :: Type).
  Eq1 (t :: Type -> Type) => Eq (t1 :: Type) => Eq (App @Type (t :: Type -> Type) (t1 :: Type))
derive forall (t :: Type -> Type). Eq1 (t :: Type -> Type) => Eq1 (App @Type (t :: Type -> Type))
derive forall (t :: Type -> Type) (t1 :: Type).
  Ord1 (t :: Type -> Type) => Ord (t1 :: Type) => Ord (App @Type (t :: Type -> Type) (t1 :: Type))
derive forall (t :: Type -> Type). Ord1 (t :: Type -> Type) => Ord1 (App @Type (t :: Type -> Type))

Roles
App = [Representational, Nominal]
