---
source: tests-integration/src/fixtures.rs
assertion_line: 286
expression: report
---
Terms
Left :: forall @a @b. a -> Main.Either a b
Right :: forall @a @b. b -> Main.Either a b

Types
Either :: Prim.Type -> Prim.Type -> Prim.Type

Derived
derive forall b. Data.Eq.Eq b => Data.Eq.Eq (Main.Either Prim.Int b)
derive forall b. Data.Eq.Eq (Main.Either Prim.Int b)

Roles
Either = [Representational, Representational]

Diagnostics
Error! · [OverlappingInstances] · Main.purs:9:1
  •
  │
  • Overlapping type class instances found for: Eq (Either Int b)
  │
  │   derive instance Eq (Either Int b)
  │   ╰────────────────────────────────
  • while
  │
  │   forall b1. Eq b1 => Eq (Either Int b1) is matching
  │   forall b. Eq (Either Int b) is matching
  •

Error! · [NoInstanceFound] · Main.purs:9:1
  •
  │
  • No instance found for: Eq b
  │
  │   derive instance Eq (Either Int b)
  │   ╰────────────────────────────────
  •
