---
source: tests-integration/src/fixtures.rs
assertion_line: 50
expression: report
---
Terms
Left :: forall @a @b. a -> Main.Either a b
Right :: forall @a @b. b -> Main.Either a b

Types
Either :: Prim.Type -> Prim.Type -> Prim.Type

Derived
derive forall b. Data.Eq.Eq b => Data.Eq.Eq (Main.Either Prim.Int b)
derive forall b. Data.Eq.Eq (Main.Either Prim.Int b)

Roles
Either = [Representational, Representational]

Diagnostics
error[OverlappingInstances]: Overlapping type class instances found for: Eq (Either Int b)
  --> 9:1..9:34
  |
9 | derive instance Eq (Either Int b)
  | ^~~~~~~~~~~~~~~~~~~~~~~~~~~~~~~~~
  trivia: forall b1. Eq b1 => Eq (Either Int b1) is matching
  trivia: forall b. Eq (Either Int b) is matching
error[NoInstanceFound]: No instance found for: Eq b
  --> 9:1..9:34
  |
9 | derive instance Eq (Either Int b)
  | ^~~~~~~~~~~~~~~~~~~~~~~~~~~~~~~~~
