---
source: tests-integration/src/fixtures.rs
assertion_line: 311
expression: functional_report
---
@export constructor FirstToken/0

@export constructor SecondToken/0

@export first = \dictionary%0 -> dictionary%0.first

@export second = \dictionary%1 -> dictionary%1.second

@export instance exampleToken = { first: "FirstToken", second: "SecondToken" }
