---
source: tests-integration/src/fixtures.rs
assertion_line: 286
expression: report
---
Terms
Product :: forall @a @b. a -> b -> Main.Product a b

Types
LocalOpaque :: Prim.Type -> Prim.Type
LocalAlias :: Prim.Type -> Prim.Type
ImportedAlias :: Prim.Type -> Prim.Type
NoBase :: Prim.Type -> Prim.Type
Product :: Prim.Type -> Prim.Type -> Prim.Type
ProductInt :: Prim.Type -> Prim.Type

Synonyms
type LocalAlias = Main.LocalOpaque
type ImportedAlias = Library.ImportedOpaque
type ProductInt a = Main.Product Prim.Int a

Instances
instance forall a. Data.Eq.Eq a => Data.Eq.Eq (Main.LocalOpaque a)

Derived
derive Data.Eq.Eq1 Main.LocalAlias
derive Data.Eq.Eq1 Main.ImportedAlias
derive Data.Eq.Eq1 Main.NoBase
derive Data.Eq.Eq1 ?[partial synonym application]

Roles
LocalOpaque = [Nominal]
NoBase = [Nominal]
Product = [Representational, Representational]

Diagnostics
Error! · [CannotDeriveForType] · Main.purs:17:1
  •
  │
  • Cannot derive for type: ImportedAlias
  │
  │   derive instance Eq1 ImportedAlias
  │   ╰────────────────────────────────
  •

Error! · [PartialSynonymApplication] · Main.purs:27:21
  •
  │
  • Partial type synonym application
  │
  │   derive instance Eq1 ProductInt
  │                       ╰─────────
  •

Error! · [CannotUnify] · Main.purs:27:21
  •
  │
  • Cannot unify '?[partial synonym application]' with 'Type -> Type'
  │
  │   derive instance Eq1 ProductInt
  │                       ╰─────────
  •

Error! · [CannotDeriveForType] · Main.purs:27:1
  •
  │
  • Cannot derive for type: ?[partial synonym application]
  │
  │   derive instance Eq1 ProductInt
  │   ╰─────────────────────────────
  •

Error! · [NoInstanceFound] · Main.purs:21:1
  •
  │
  • No instance found for: Eq (NoBase t0)
  │
  │   derive instance Eq1 NoBase
  │   ╰─────────────────────────
  • while
  │
  │   Eq t0 is in scope
  •
