---
source: tests-integration/src/fixtures.rs
assertion_line: 386
expression: report
---
Diagnostics

4:0..4:30 analyzer/functional [FunctionalCodegen] Cannot generate JavaScript for module 'Main'.

'Alexandrite.StyleX.props' must be called directly with all of its arguments.

It cannot be passed around as a function or partially applied.
