---
source: tests-integration/src/fixtures.rs
assertion_line: 50
expression: report
---
Terms
ArrowSyntax :: forall @a @b. (a -> b) -> Main.ArrowSyntax a b
ArrowConstructor :: forall @a @b. Prim.Function a b -> Main.ArrowConstructor a b

Types
ArrowSyntax :: Prim.Type -> Prim.Type -> Prim.Type
ArrowConstructor :: Prim.Type -> Prim.Type -> Prim.Type

Derived
derive Data.Bifunctor.Bifunctor Main.ArrowSyntax
derive Data.Bifunctor.Bifunctor Main.ArrowConstructor

Roles
ArrowSyntax = [Representational, Representational]
ArrowConstructor = [Representational, Representational]

Diagnostics
error[ContravariantOccurrence]: Type variable occurs in contravariant position: t0
  --> 6:1..6:38
  |
6 | derive instance Bifunctor ArrowSyntax
  | ^~~~~~~~~~~~~~~~~~~~~~~~~~~~~~~~~~~~~
error[ContravariantOccurrence]: Type variable occurs in contravariant position: t1
  --> 9:1..9:43
  |
9 | derive instance Bifunctor ArrowConstructor
  | ^~~~~~~~~~~~~~~~~~~~~~~~~~~~~~~~~~~~~~~~~~
