---
source: tests-integration/src/fixtures.rs
assertion_line: 269
expression: ssa_report
---
@export function mutual(condition) {
  entry() {
    const [second, first] = closures.recursive({
      second: closure(second$function, first),
      first: closure(first$function, second)
    });
    const call = source.call(first, condition);
    return call;
  }
}

@export function capturedMutual(captured, condition) {
  entry() {
    const [second, first] = closures.recursive({
      second: closure(second$function$1, captured, first),
      first: closure(first$function$1, captured, second)
    });
    const call = source.call(first, condition);
    return call;
  }
}

@export function nestedRecursive(condition) {
  entry() {
    const [go] = closures.recursive({ go: closure(go$function, go) });
    const call = source.call(go, condition);
    return call;
  }
}

closure second$function[first]($boolean) {
  entry() {
    case$0();
  }
  case$0() {
    const matches = pattern.literal($boolean, true);
    if (matches) {
      match$success();
    } else {
      case$1();
    }
  }
  case$1() {
    const matches$1 = pattern.literal($boolean, false);
    if (matches$1) {
      match$success$1();
    } else {
      case$failure();
    }
  }
  case$failure() {
    throw patternMatchFailure();
  }
  case$join(result) {
    return result;
  }
  match$success() {
    const literal = 2;
    case$join(literal);
  }
  match$success$1() {
    const literal$1 = true;
    const call = source.call(first, literal$1);
    case$join(call);
  }
}

closure first$function[second]($boolean) {
  entry() {
    case$0();
  }
  case$0() {
    const matches = pattern.literal($boolean, true);
    if (matches) {
      match$success();
    } else {
      case$1();
    }
  }
  case$1() {
    const matches$1 = pattern.literal($boolean, false);
    if (matches$1) {
      match$success$1();
    } else {
      case$failure();
    }
  }
  case$failure() {
    throw patternMatchFailure();
  }
  case$join(result) {
    return result;
  }
  match$success() {
    const literal = 1;
    case$join(literal);
  }
  match$success$1() {
    const literal$1 = true;
    const call = source.call(second, literal$1);
    case$join(call);
  }
}

closure second$function$1[captured, first]($boolean) {
  entry() {
    case$0();
  }
  case$0() {
    const matches = pattern.literal($boolean, true);
    if (matches) {
      match$success();
    } else {
      case$1();
    }
  }
  case$1() {
    const matches$1 = pattern.literal($boolean, false);
    if (matches$1) {
      match$success$1();
    } else {
      case$failure();
    }
  }
  case$failure() {
    throw patternMatchFailure();
  }
  case$join(result) {
    return result;
  }
  match$success() {
    case$join(captured);
  }
  match$success$1() {
    const literal = true;
    const call = source.call(first, literal);
    case$join(call);
  }
}

closure first$function$1[captured, second]($boolean) {
  entry() {
    case$0();
  }
  case$0() {
    const matches = pattern.literal($boolean, true);
    if (matches) {
      match$success();
    } else {
      case$1();
    }
  }
  case$1() {
    const matches$1 = pattern.literal($boolean, false);
    if (matches$1) {
      match$success$1();
    } else {
      case$failure();
    }
  }
  case$failure() {
    throw patternMatchFailure();
  }
  case$join(result) {
    return result;
  }
  match$success() {
    case$join(captured);
  }
  match$success$1() {
    const literal = true;
    const call = source.call(second, literal);
    case$join(call);
  }
}

closure go$function[go]($boolean) {
  entry() {
    case$0();
  }
  case$0() {
    const matches = pattern.literal($boolean, true);
    if (matches) {
      match$success();
    } else {
      case$1();
    }
  }
  case$1() {
    const matches$1 = pattern.literal($boolean, false);
    if (matches$1) {
      match$success$1();
    } else {
      case$failure();
    }
  }
  case$failure() {
    throw patternMatchFailure();
  }
  case$join(result) {
    return result;
  }
  match$success() {
    const literal = false;
    const call = source.call(go, literal);
    case$join(call);
  }
  match$success$1() {
    const literal$1 = 0;
    case$join(literal$1);
  }
}
