---
source: tests-integration/src/fixtures.rs
assertion_line: 68
expression: report
---
data Identity :: Prim.Type -> Prim.Type
data Identity @a
  | Identity :: a -> Main.Identity a

dictionary foldableIdentity :: Data.Foldable.Foldable Main.Identity where
  foldr :: forall (a :: Prim.Type) (b :: Prim.Type). (a -> b -> b) -> b -> Main.Identity a -> b
  foldr = \@a -> \@b ->
    \function accumulator value ->
      case value of
        (Identity field0) -> function field0 accumulator
  foldl :: forall (a :: Prim.Type) (b :: Prim.Type). (b -> a -> b) -> b -> Main.Identity a -> b
  foldl = \@a -> \@b ->
    \function accumulator value ->
      case value of
        (Identity field0) -> function accumulator field0
  foldMap :: forall (a :: Prim.Type) (m :: Prim.Type). Data.Monoid.Monoid m => (a -> m) -> Main.Identity a -> m
  foldMap = \@a -> \@m -> \{monoidDict} ->
    \function value ->
      case value of
        (Identity field0) -> function field0
