---
source: tests-integration/src/fixtures.rs
assertion_line: 50
expression: report
---
Terms
Compose ::
  forall (t :: Type) (t1 :: Type) (@f :: (t :: Type) -> Type) (@g :: (t1 :: Type) -> (t :: Type))
    (@a :: (t1 :: Type)).
    (f :: (t :: Type) -> Type) ((g :: (t1 :: Type) -> (t :: Type)) (a :: (t1 :: Type))) ->
    Compose @(t :: Type) @(t1 :: Type)
      (f :: (t :: Type) -> Type)
      (g :: (t1 :: Type) -> (t :: Type))
      (a :: (t1 :: Type))

Types
Compose ::
  forall (t :: Type) (t1 :: Type).
    ((t :: Type) -> Type) -> ((t1 :: Type) -> (t :: Type)) -> (t1 :: Type) -> Type

Derived
derive forall (t :: Type -> Type) (t1 :: Type -> Type).
  Functor (t :: Type -> Type) =>
  Functor (t1 :: Type -> Type) =>
  Functor (Compose @Type @Type (t :: Type -> Type) (t1 :: Type -> Type))
derive forall (t :: Type -> Type) (t1 :: Type -> Type).
  Foldable (t :: Type -> Type) =>
  Foldable (t1 :: Type -> Type) =>
  Foldable (Compose @Type @Type (t :: Type -> Type) (t1 :: Type -> Type))
derive forall (t :: Type -> Type) (t1 :: Type -> Type).
  Traversable (t :: Type -> Type) =>
  Traversable (t1 :: Type -> Type) =>
  Traversable (Compose @Type @Type (t :: Type -> Type) (t1 :: Type -> Type))

Roles
Compose = [Representational, Representational, Nominal]
