---
source: tests-integration/src/fixtures.rs
assertion_line: 307
expression: diagnostics_report
---
Error! · [OverlappingInstances] · Main.purs:9:1
  •
  │
  • Overlapping type class instances found for: Test Int
  │
  │   instance testInt :: Test Int where
  │   ╰─────────────────────────────────
  • while
  │
  │   forall a. Test a is matching
  │   Test Int is matching
  •
