---
source: tests-integration/src/fixtures.rs
assertion_line: 50
expression: report
---
Terms
Sentence :: Prim.String -> Main.Content
Paragraph :: Prim.Array Prim.String -> Main.Content
fromContent :: forall @a. Main.ContentOverload a => Main.Content -> a
fromContentPartialLambda :: forall @a. Main.ContentOverload a => Main.Content -> a
fromContentLambdaPartial :: forall @a. Main.ContentOverload a => Main.Content -> a

Types
Content :: Prim.Type
ContentOverload :: Prim.Type -> Prim.Constraint

Classes
class forall (a :: Prim.Type). Main.ContentOverload a
  fromContent :: forall @a. Main.ContentOverload a => Main.Content -> a
  fromContentPartialLambda :: forall @a. Main.ContentOverload a => Main.Content -> a
  fromContentLambdaPartial :: forall @a. Main.ContentOverload a => Main.Content -> a

Instances
instance Main.ContentOverload Prim.String
instance Main.ContentOverload (Prim.Array Prim.String)

Roles
Content = []

Diagnostics
error[CannotUnify]: Cannot unify 'String' with 'Partial => String'
  --> 14:35..15:32
   |
14 |   fromContent = unsafePartial <<< case _ of
   |                                   ^~~~~~~~~
warning[MissingPatterns]: Pattern match is not exhaustive. Missing: Paragraph _
  --> 14:35..15:32
   |
14 |   fromContent = unsafePartial <<< case _ of
   |                                   ^~~~~~~~~
error[NoInstanceFound]: No instance found for: Partial
  --> 13:1..19:28
   |
13 | instance ContentOverload String where
   | ^~~~~~~~~~~~~~~~~~~~~~~~~~~~~~~~~~~~~
error[CannotUnify]: Cannot unify 'Array String' with 'Partial => Array String'
  --> 22:35..23:33
   |
22 |   fromContent = unsafePartial <<< case _ of
   |                                   ^~~~~~~~~
warning[MissingPatterns]: Pattern match is not exhaustive. Missing: Sentence _
  --> 22:35..23:33
   |
22 |   fromContent = unsafePartial <<< case _ of
   |                                   ^~~~~~~~~
error[NoInstanceFound]: No instance found for: Partial
  --> 21:1..27:29
   |
21 | instance ContentOverload (Array String) where
   | ^~~~~~~~~~~~~~~~~~~~~~~~~~~~~~~~~~~~~~~~~~~~~
