---
source: tests-integration/src/fixtures.rs
assertion_line: 50
expression: report
---
Terms
Tuple ::
  forall (@a :: Prim.Type) (@b :: Prim.Type).
    (a :: Prim.Type) -> (b :: Prim.Type) -> Main.Tuple (a :: Prim.Type) (b :: Prim.Type)
Just :: forall (@a :: Prim.Type). (a :: Prim.Type) -> Main.Maybe (a :: Prim.Type)
Nothing :: forall (@a :: Prim.Type). Main.Maybe (a :: Prim.Type)
complete ::
  forall (t :: Prim.Type) (t1 :: Prim.Type).
    Main.Tuple (Main.Maybe (t :: Prim.Type)) (Main.Maybe (t1 :: Prim.Type)) -> Prim.Int
incomplete1 ::
  forall (t :: Prim.Type) (t1 :: Prim.Type).
    Prim.Partial =>
    Main.Tuple (Main.Maybe (t :: Prim.Type)) (Main.Maybe (t1 :: Prim.Type)) -> Prim.Int
incomplete2 ::
  forall (t :: Prim.Type) (t1 :: Prim.Type).
    Prim.Partial =>
    Main.Tuple (Main.Maybe (t :: Prim.Type)) (Main.Maybe (t1 :: Prim.Type)) -> Prim.Int
incomplete3 ::
  forall (t :: Prim.Type) (t1 :: Prim.Type).
    Prim.Partial =>
    Main.Tuple (Main.Maybe (t :: Prim.Type)) (Main.Maybe (t1 :: Prim.Type)) -> Prim.Int
incomplete4 ::
  forall (t :: Prim.Type) (t1 :: Prim.Type).
    Prim.Partial =>
    Main.Tuple (Main.Maybe (t :: Prim.Type)) (Main.Maybe (t1 :: Prim.Type)) -> Prim.Int

Types
Tuple :: Prim.Type -> Prim.Type -> Prim.Type
Maybe :: Prim.Type -> Prim.Type

Roles
Tuple = [Representational, Representational]
Maybe = [Representational]

Diagnostics
warning[MissingPatterns]: Pattern match is not exhaustive. Missing: Tuple (Just _) (Just _)
  --> 13:15..16:29
   |
13 | incomplete1 = case _ of
   |               ^~~~~~~~~
warning[MissingPatterns]: Pattern match is not exhaustive. Missing: Tuple (Just _) Nothing
  --> 18:15..21:29
   |
18 | incomplete2 = case _ of
   |               ^~~~~~~~~
warning[MissingPatterns]: Pattern match is not exhaustive. Missing: Tuple Nothing (Just _)
  --> 23:15..26:29
   |
23 | incomplete3 = case _ of
   |               ^~~~~~~~~
warning[MissingPatterns]: Pattern match is not exhaustive. Missing: Tuple Nothing Nothing
  --> 28:15..31:30
   |
28 | incomplete4 = case _ of
   |               ^~~~~~~~~
