---
source: tests-integration/src/fixtures.rs
assertion_line: 50
expression: report
---
Terms
Just :: forall (@a :: Prim.Type). (a :: Prim.Type) -> Main.Maybe (a :: Prim.Type)
Nothing :: forall (@a :: Prim.Type). Main.Maybe (a :: Prim.Type)
test1 :: forall (t0 :: Prim.Type). Prim.Partial => Main.Maybe (t0 :: Prim.Type) -> Prim.Int
test2 :: forall (t0 :: Prim.Type). Prim.Partial => Main.Maybe (t0 :: Prim.Type) -> Prim.Int

Types
Maybe :: Prim.Type -> Prim.Type

Roles
Maybe = [Representational]

Diagnostics
warning[MissingPatterns]: Pattern match is not exhaustive. Missing: Nothing
  --> 7:9..8:26
  |
7 | test1 = case _ of
  |         ^~~~~~~~~
warning[MissingPatterns]: Pattern match is not exhaustive. Missing: Just _
  --> 10:9..11:22
   |
10 | test2 = case _ of
   |         ^~~~~~~~~
