---
source: tests-integration/src/fixtures.rs
assertion_line: 50
expression: report
---
Terms
append ::
  forall (@a :: Prim.Type).
    Main.Semigroup (a :: Prim.Type) => (a :: Prim.Type) -> (a :: Prim.Type) -> (a :: Prim.Type)
test ::
  forall (a :: Prim.Type). Main.Semigroup (a :: Prim.Type) => (a :: Prim.Type) -> (a :: Prim.Type)

Types
Semigroup :: Prim.Type -> Prim.Constraint

Classes
class forall (a :: Prim.Type). Main.Semigroup (a :: Prim.Type)
  append ::
  forall (@a :: Prim.Type).
    Main.Semigroup (a :: Prim.Type) => (a :: Prim.Type) -> (a :: Prim.Type) -> (a :: Prim.Type)
