---
source: tests-integration/src/fixtures.rs
assertion_line: 50
expression: report
---
Terms
Pair ::
  forall (@a :: Prim.Type) (@b :: Prim.Type).
    (a :: Prim.Type) -> (b :: Prim.Type) -> Main.Pair (a :: Prim.Type) (b :: Prim.Type)
test :: forall (@a :: Prim.Type). Main.Test (a :: Prim.Type) => (a :: Prim.Type) -> Prim.Int

Types
Pair :: Prim.Type -> Prim.Type -> Prim.Type
Test :: Prim.Type -> Prim.Constraint

Classes
class forall (a :: Prim.Type). Main.Test (a :: Prim.Type)
  test :: forall (@a :: Prim.Type). Main.Test (a :: Prim.Type) => (a :: Prim.Type) -> Prim.Int

Instances
instance forall (t :: Prim.Type). Main.Test (Main.Pair (t :: Prim.Type) Prim.Int)
instance forall (t :: Prim.Type). Main.Test (Main.Pair Prim.String (t :: Prim.Type))

Roles
Pair = [Representational, Representational]

Diagnostics
error[OverlappingInstances]: Overlapping type class instances found for: Test (Pair String (t :: Type))
  --> 11:1..12:13
   |
11 | instance testRight :: Test (Pair String b) where
   | ^~~~~~~~~~~~~~~~~~~~~~~~~~~~~~~~~~~~~~~~~~~~~~~~
  trivia: forall (t1 :: Type). Test (Pair (t1 :: Type) Int) is matching
  trivia: forall (t :: Type). Test (Pair String (t :: Type)) is matching
