---
source: tests-integration/src/fixtures.rs
assertion_line: 307
expression: diagnostics_report
---
Error! · [NoInstanceFound] · Main.purs:12:1
  •
  │
  • No instance found for: Coercible @Type (Nominal Int) (Nominal String)
  │
  │   coerceNominalDifferent :: Nominal Int -> Nominal String
  │   ╰──────────────────────────────────────────────────────
  •
