---
source: tests-integration/src/fixtures.rs
assertion_line: 50
expression: report
---
Terms
Proxy ::
  forall (t0 :: Prim.Type) (@a :: (t0 :: Prim.Type)).
    Main.Proxy @(t0 :: Prim.Type) (a :: (t0 :: Prim.Type))
coerceProxy ::
  forall (t0 :: Prim.Type) (t1 :: Prim.Type) (a :: (t0 :: Prim.Type)) (b :: (t1 :: Prim.Type)).
    Main.Proxy @(t0 :: Prim.Type) (a :: (t0 :: Prim.Type)) ->
    Main.Proxy @(t1 :: Prim.Type) (b :: (t1 :: Prim.Type))
coerceProxyIntString :: Main.Proxy @Prim.Type Prim.Int -> Main.Proxy @Prim.Type Prim.String

Types
Proxy :: forall (t0 :: Prim.Type). (t0 :: Prim.Type) -> Prim.Type

Roles
Proxy = [Phantom]
