---
source: tests-integration/src/fixtures.rs
assertion_line: 265
expression: diagnostics_report
---
Terms
requested :: Prim.Int

Types

Diagnostics
Error! · [MissingFFIModule] · Main.purs:3:1
  •
  │
  • No JavaScript FFI module was found for foreign import 'requested'
  │
  │   foreign import requested :: Int
  │   ╰──────────────────────────────
  •
