---
source: tests-integration/src/fixtures.rs
assertion_line: 50
expression: report
---
Terms
consume ::
  forall (@a :: Prim.Type). Main.Given (a :: Prim.Type) => (a :: Prim.Type) -> (a :: Prim.Type)
testGiven ::
  forall (a :: Prim.Type). Main.Given (a :: Prim.Type) => (a :: Prim.Type) -> (a :: Prim.Type)

Types
Given :: Prim.Type -> Prim.Constraint

Classes
class forall (a :: Prim.Type). Main.Given (a :: Prim.Type)
  consume ::
  forall (@a :: Prim.Type). Main.Given (a :: Prim.Type) => (a :: Prim.Type) -> (a :: Prim.Type)

Diagnostics
error[NoInstanceFound]: No instance found for: Given Int
  --> 6:1..6:41
  |
6 | testGiven :: forall a. Given a => a -> a
  | ^~~~~~~~~~~~~~~~~~~~~~~~~~~~~~~~~~~~~~~~
  trivia: Given (a :: Type) is in scope
