---
source: tests-integration/src/fixtures.rs
assertion_line: 286
expression: report
---
Terms
consume :: forall @a. Main.Given a => a -> a
testGiven :: forall a. Main.Given a => a -> a

Types
Given :: Prim.Type -> Prim.Constraint

Classes
class forall (a :: Prim.Type). Main.Given a
  consume :: forall @a. Main.Given a => a -> a

Diagnostics
Error! · [NoInstanceFound] · Main.purs:6:1
  •
  │
  • No instance found for: Given Int
  │
  │   testGiven :: forall a. Given a => a -> a
  │   ╰───────────────────────────────────────
  • while
  │
  │   Given a is in scope
  •
