---
source: tests-integration/src/fixtures.rs
assertion_line: 286
expression: report
---
Terms
show :: forall @a. Main.Eq a => a -> Prim.String
evidenceDoesNotEscape ::
  forall a. { leaked :: a -> Prim.String, scoped :: Main.Eq a => a -> Prim.String }
consume :: forall result. { value :: forall a. a -> result } -> result
typeDoesNotEscape :: a

Types
Eq :: Prim.Type -> Prim.Constraint

Classes
class forall (a :: Prim.Type). Main.Eq a
  show :: forall @a. Main.Eq a => a -> Prim.String

Diagnostics
Error! · [NoInstanceFound] · Main.purs:7:1
  •
  │
  • No instance found for: Eq a
  │
  │   evidenceDoesNotEscape
  │   ╰────────────────────
  •

Error! · [EscapedSkolem] · Main.purs:19:1
  •
  │
  • Type variable 'a1' has escaped its scope, appearing in type 'a1'
  │
  │   typeDoesNotEscape = consume { value: \value -> value }
  │   ╰─────────────────────────────────────────────────────
  •
