---
source: tests-integration/src/fixtures.rs
assertion_line: 269
expression: ssa_report
---
@export function unwrap(value) {
  entry() {
    return value;
  }
}

@export instance function eqWrapper(eqADict) {
  entry() {
    const on = global(on);
    const eq = global(eq);
    const call = source.call(eq, eqADict);
    const call$1 = source.call(on, call);
    const unwrap = global(unwrap);
    const call$2 = source.call(call$1, unwrap);
    const record = { eq: call$2 };
    return record;
  }
}
