---
source: tests-integration/src/fixtures.rs
assertion_line: 68
expression: report
---
identity :: forall a. a -> a
identity = \@a -> \value -> value

record :: { function :: Prim.Int -> Prim.Int, nested :: { value :: Prim.Int } }
record = { function: identity @Prim.Int, nested: { value: 42 } }

direct :: { value :: Prim.Int }
direct = record.nested

chained :: Prim.Int
chained = record.nested.value

functionPosition :: Prim.Int
functionPosition = record.function 1

argument :: { value :: Prim.Int }
argument = identity @{ value :: Prim.Int } record.nested

applicationBase :: Prim.Int
applicationBase =
  (identity @{ function :: Prim.Int -> Prim.Int, nested :: { value :: Prim.Int } }
    record).nested.value
