---
source: tests-integration/src/fixtures.rs
assertion_line: 50
expression: report
---
Terms
WrongFirst ::
  forall (@a :: Prim.Type) (@b :: Prim.Type).
    (a :: Prim.Type) -> (b :: Prim.Type) -> Main.WrongFirst (a :: Prim.Type) (b :: Prim.Type)
WrongSecond ::
  forall (@a :: Prim.Type) (@b :: Prim.Type).
    ((b :: Prim.Type) -> (a :: Prim.Type)) -> Main.WrongSecond (a :: Prim.Type) (b :: Prim.Type)

Types
WrongFirst :: Prim.Type -> Prim.Type -> Prim.Type
WrongSecond :: Prim.Type -> Prim.Type -> Prim.Type

Derived
derive Data.Profunctor.Profunctor Main.WrongFirst
derive Data.Profunctor.Profunctor Main.WrongSecond

Roles
WrongFirst = [Representational, Representational]
WrongSecond = [Representational, Representational]

Diagnostics
error[CovariantOccurrence]: Type variable occurs in covariant position: (t :: Type)
  --> 6:1..6:38
  |
6 | derive instance Profunctor WrongFirst
  | ^~~~~~~~~~~~~~~~~~~~~~~~~~~~~~~~~~~~~
error[ContravariantOccurrence]: Type variable occurs in contravariant position: (t1 :: Type)
  --> 9:1..9:39
  |
9 | derive instance Profunctor WrongSecond
  | ^~~~~~~~~~~~~~~~~~~~~~~~~~~~~~~~~~~~~~
error[CovariantOccurrence]: Type variable occurs in covariant position: (t2 :: Type)
  --> 9:1..9:39
  |
9 | derive instance Profunctor WrongSecond
  | ^~~~~~~~~~~~~~~~~~~~~~~~~~~~~~~~~~~~~~
