---
source: tests-integration/src/fixtures.rs
assertion_line: 286
expression: report
---
Terms
bind :: forall a b. Main.Effect a -> (a -> Main.Effect b) -> Main.Effect b
before :: Main.Effect { field :: Prim.Int }
expectString :: Prim.String -> Prim.Int
test :: forall t0. Main.Effect t0

Types
Effect :: Prim.Type -> Prim.Type

Roles
Effect = [Nominal]

Diagnostics
Error! · [InvalidFinalLet] · Main.purs:11:3
  •
  │
  • Invalid final let statement in do expression
  │
  │     let _ = expectString record.field
  │     ╰────────────────────────────────
  •

Error! · [CannotUnify] · Main.purs:11:24
  •
  │
  • Cannot unify 'Int' with 'String'
  │
  │     let _ = expectString record.field
  │                          ╰───────────
  •
