---
source: tests-integration/src/fixtures.rs
assertion_line: 50
expression: report
---
Terms
Nothing :: forall @a. Main.Maybe a
Just :: forall @a. a -> Main.Maybe a
Nil :: forall @a. Main.List a
Cons :: forall @a. a -> Main.List a -> Main.List a
coerceContainerDifferent :: Main.Container Main.Maybe -> Main.Container Main.List

Types
Maybe :: Prim.Type -> Prim.Type
List :: Prim.Type -> Prim.Type
Container :: (Prim.Type -> Prim.Type) -> Prim.Type

Roles
Maybe = [Representational]
List = [Representational]
Container = [Representational]

Diagnostics
error[NoInstanceFound]: No instance found for: Coercible @Type (Maybe t0) (List t0)
  --> 11:1..11:62
   |
11 | coerceContainerDifferent :: Container Maybe -> Container List
   | ^~~~~~~~~~~~~~~~~~~~~~~~~~~~~~~~~~~~~~~~~~~~~~~~~~~~~~~~~~~~~
