---
source: tests-integration/src/fixtures.rs
assertion_line: 50
expression: report
---
Terms
Just :: forall (@a :: Prim.Type). (a :: Prim.Type) -> Main.Maybe (a :: Prim.Type)
Nothing :: forall (@a :: Prim.Type). Main.Maybe (a :: Prim.Type)
foldMap ::
  forall (@f :: Prim.Type -> Prim.Type).
    Main.Foldable (f :: Prim.Type -> Prim.Type) =>
    (forall (a :: Prim.Type) (m :: Prim.Type).
      ((a :: Prim.Type) -> (m :: Prim.Type)) ->
      (f :: Prim.Type -> Prim.Type) (a :: Prim.Type) ->
      (m :: Prim.Type))
foldMapWithIndex ::
  forall (@i :: Prim.Type) (@f :: Prim.Type -> Prim.Type).
    Main.FoldableWithIndex (i :: Prim.Type) (f :: Prim.Type -> Prim.Type) =>
    (forall (a :: Prim.Type) (m :: Prim.Type).
      ((i :: Prim.Type) -> (a :: Prim.Type) -> (m :: Prim.Type)) ->
      (f :: Prim.Type -> Prim.Type) (a :: Prim.Type) ->
      (m :: Prim.Type))
foldlWithIndex ::
  forall (@i :: Prim.Type) (@f :: Prim.Type -> Prim.Type).
    Main.FoldableWithIndex (i :: Prim.Type) (f :: Prim.Type -> Prim.Type) =>
    (forall (a :: Prim.Type) (b :: Prim.Type).
      ((i :: Prim.Type) -> (b :: Prim.Type) -> (a :: Prim.Type) -> (b :: Prim.Type)) ->
      (b :: Prim.Type) ->
      (f :: Prim.Type -> Prim.Type) (a :: Prim.Type) ->
      (b :: Prim.Type))
foldrWithIndex ::
  forall (@i :: Prim.Type) (@f :: Prim.Type -> Prim.Type).
    Main.FoldableWithIndex (i :: Prim.Type) (f :: Prim.Type -> Prim.Type) =>
    (forall (a :: Prim.Type) (b :: Prim.Type).
      ((i :: Prim.Type) -> (a :: Prim.Type) -> (b :: Prim.Type) -> (b :: Prim.Type)) ->
      (b :: Prim.Type) ->
      (f :: Prim.Type -> Prim.Type) (a :: Prim.Type) ->
      (b :: Prim.Type))
NonEmpty ::
  forall (@f :: Prim.Type -> Prim.Type) (@a :: Prim.Type).
    (a :: Prim.Type) ->
    (f :: Prim.Type -> Prim.Type) (a :: Prim.Type) ->
    Main.NonEmpty (f :: Prim.Type -> Prim.Type) (a :: Prim.Type)

Types
Maybe :: Prim.Type -> Prim.Type
Foldable :: (Prim.Type -> Prim.Type) -> Prim.Constraint
FoldableWithIndex :: Prim.Type -> (Prim.Type -> Prim.Type) -> Prim.Constraint
NonEmpty :: (Prim.Type -> Prim.Type) -> Prim.Type -> Prim.Type

Classes
class forall (f :: Prim.Type -> Prim.Type). Main.Foldable (f :: Prim.Type -> Prim.Type)
  foldMap ::
  forall (@f :: Prim.Type -> Prim.Type).
    Main.Foldable (f :: Prim.Type -> Prim.Type) =>
    (forall (a :: Prim.Type) (m :: Prim.Type).
      ((a :: Prim.Type) -> (m :: Prim.Type)) ->
      (f :: Prim.Type -> Prim.Type) (a :: Prim.Type) ->
      (m :: Prim.Type))
class forall (i :: Prim.Type) (f :: Prim.Type -> Prim.Type). Main.Foldable (f :: Prim.Type -> Prim.Type) <= Main.FoldableWithIndex (i :: Prim.Type) (f :: Prim.Type -> Prim.Type)
  foldMapWithIndex ::
  forall (@i :: Prim.Type) (@f :: Prim.Type -> Prim.Type).
    Main.FoldableWithIndex (i :: Prim.Type) (f :: Prim.Type -> Prim.Type) =>
    (forall (a :: Prim.Type) (m :: Prim.Type).
      ((i :: Prim.Type) -> (a :: Prim.Type) -> (m :: Prim.Type)) ->
      (f :: Prim.Type -> Prim.Type) (a :: Prim.Type) ->
      (m :: Prim.Type))
  foldlWithIndex ::
  forall (@i :: Prim.Type) (@f :: Prim.Type -> Prim.Type).
    Main.FoldableWithIndex (i :: Prim.Type) (f :: Prim.Type -> Prim.Type) =>
    (forall (a1 :: Prim.Type) (b :: Prim.Type).
      ((i :: Prim.Type) -> (b :: Prim.Type) -> (a1 :: Prim.Type) -> (b :: Prim.Type)) ->
      (b :: Prim.Type) ->
      (f :: Prim.Type -> Prim.Type) (a1 :: Prim.Type) ->
      (b :: Prim.Type))
  foldrWithIndex ::
  forall (@i :: Prim.Type) (@f :: Prim.Type -> Prim.Type).
    Main.FoldableWithIndex (i :: Prim.Type) (f :: Prim.Type -> Prim.Type) =>
    (forall (a2 :: Prim.Type) (b1 :: Prim.Type).
      ((i :: Prim.Type) -> (a2 :: Prim.Type) -> (b1 :: Prim.Type) -> (b1 :: Prim.Type)) ->
      (b1 :: Prim.Type) ->
      (f :: Prim.Type -> Prim.Type) (a2 :: Prim.Type) ->
      (b1 :: Prim.Type))

Instances
instance forall (t0 :: Prim.Type -> Prim.Type).
  Main.Foldable (t0 :: Prim.Type -> Prim.Type) =>
  Main.Foldable (Main.NonEmpty (t0 :: Prim.Type -> Prim.Type))
instance forall (t0 :: Prim.Type) (t1 :: Prim.Type -> Prim.Type).
  Main.FoldableWithIndex (t0 :: Prim.Type) (t1 :: Prim.Type -> Prim.Type) =>
  Main.FoldableWithIndex
    (Main.Maybe (t0 :: Prim.Type))
    (Main.NonEmpty (t1 :: Prim.Type -> Prim.Type))

Roles
Maybe = [Representational]
NonEmpty = [Representational, Nominal]
