---
source: tests-integration/src/fixtures.rs
assertion_line: 50
expression: report
---
Terms
useUnwrap ::
  forall (t :: Prim.Type).
    Data.Newtype.Newtype @Prim.Type (t :: Prim.Type) Lib.HiddenInt =>
    (t :: Prim.Type) -> Lib.HiddenInt
useCoerce ::
  forall (t :: Prim.Type).
    Data.Newtype.Newtype @Prim.Type (t :: Prim.Type) Lib.HiddenInt =>
    (t :: Prim.Type) -> Lib.HiddenInt

Types
