---
source: tests-integration/src/fixtures.rs
assertion_line: 134
expression: report
---
Completion at Position { line: 4, character: 2 }

```
    
--^
```

╭─────────┬────────────────┬─────────────────────┬─────────────┬───────────────┬──────────────────────────────────────────────────────────────┬─────────────┬─────────────────────────╮
│  label  │  label_detail  │  label_description  │  sort_text  │  filter_text  │  detail                                                      │  text_edit  │  additional_text_edits  │
├─────────┼────────────────┼─────────────────────┼─────────────┼───────────────┼──────────────────────────────────────────────────────────────┼─────────────┼─────────────────────────┤
│  check  │   ...          │  Local              │  check      │  check        │  check :: forall (t0 :: Type). (t0 :: Type) -> (t0 :: Type)  │  ...        │  ...                    │
╰─────────┴────────────────┴─────────────────────┴─────────────┴───────────────┴──────────────────────────────────────────────────────────────┴─────────────┴─────────────────────────╯
