---
source: tests-integration/src/fixtures.rs
assertion_line: 50
expression: report
---
Terms
WrapBoth ::
  forall (t :: Prim.Type) (t1 :: Prim.Type) (@f :: (t :: Prim.Type) -> Prim.Type)
    (@g :: (t1 :: Prim.Type) -> Prim.Type) (@a :: (t :: Prim.Type)) (@b :: (t1 :: Prim.Type)).
    (f :: (t :: Prim.Type) -> Prim.Type) (a :: (t :: Prim.Type)) ->
    (g :: (t1 :: Prim.Type) -> Prim.Type) (b :: (t1 :: Prim.Type)) ->
    Main.WrapBoth @(t :: Prim.Type) @(t1 :: Prim.Type)
      (f :: (t :: Prim.Type) -> Prim.Type)
      (g :: (t1 :: Prim.Type) -> Prim.Type)
      (a :: (t :: Prim.Type))
      (b :: (t1 :: Prim.Type))

Types
WrapBoth ::
  forall (t :: Prim.Type) (t1 :: Prim.Type).
    ((t :: Prim.Type) -> Prim.Type) ->
    ((t1 :: Prim.Type) -> Prim.Type) ->
    (t :: Prim.Type) ->
    (t1 :: Prim.Type) ->
    Prim.Type

Derived
derive forall (t :: Prim.Type -> Prim.Type) (t1 :: Prim.Type -> Prim.Type).
  Data.Functor.Functor (t :: Prim.Type -> Prim.Type) =>
  Data.Functor.Functor (t1 :: Prim.Type -> Prim.Type) =>
  Data.Bifunctor.Bifunctor
    (Main.WrapBoth @Prim.Type @Prim.Type
      (t :: Prim.Type -> Prim.Type)
      (t1 :: Prim.Type -> Prim.Type))
derive forall (t :: Prim.Type -> Prim.Type) (t1 :: Prim.Type -> Prim.Type).
  Data.Foldable.Foldable (t :: Prim.Type -> Prim.Type) =>
  Data.Foldable.Foldable (t1 :: Prim.Type -> Prim.Type) =>
  Data.Bifoldable.Bifoldable
    (Main.WrapBoth @Prim.Type @Prim.Type
      (t :: Prim.Type -> Prim.Type)
      (t1 :: Prim.Type -> Prim.Type))
derive forall (t :: Prim.Type -> Prim.Type) (t1 :: Prim.Type -> Prim.Type).
  Data.Traversable.Traversable (t :: Prim.Type -> Prim.Type) =>
  Data.Traversable.Traversable (t1 :: Prim.Type -> Prim.Type) =>
  Data.Bitraversable.Bitraversable
    (Main.WrapBoth @Prim.Type @Prim.Type
      (t :: Prim.Type -> Prim.Type)
      (t1 :: Prim.Type -> Prim.Type))

Roles
WrapBoth = [Representational, Representational, Nominal, Nominal]
