---
source: tests-integration/src/fixtures.rs
assertion_line: 269
expression: ssa_report
---
@export foreign const firstAction;

@export foreign const secondAction;

@export foreign const independentAction;

@export const sequential = initialize {
  entry() {
    const bind = global(bind);
    const bindEffect1 = global(bindEffect1);
    const call = source.call(bind, bindEffect1);
    const firstAction = global(firstAction);
    const call$1 = source.call(call, firstAction);
    const closure = closure(sequential$initialize$closure);
    const call$2 = source.call(call$1, closure);
    return call$2;
  }
}

@export const independent = initialize {
  entry() {
    const apply = global(apply);
    const applyEffect1 = global(applyEffect1);
    const call = source.call(apply, applyEffect1);
    const map = global(map);
    const functorEffect = global(functorEffect);
    const call$1 = source.call(map, functorEffect);
    const closure = closure(independent$initialize$closure);
    const call$2 = source.call(call$1, closure);
    const firstAction = global(firstAction);
    const call$3 = source.call(call$2, firstAction);
    const call$4 = source.call(call, call$3);
    const independentAction = global(independentAction);
    const call$5 = source.call(call$4, independentAction);
    return call$5;
  }
}

@export const pureValue = initialize {
  entry() {
    const pure = global(pure);
    const applicativeEffect = global(applicativeEffect);
    const call = source.call(pure, applicativeEffect);
    const literal = 42;
    const call$1 = source.call(call, literal);
    return call$1;
  }
}

closure sequential$initialize$closure[](first) {
  entry() {
    const secondAction = global(secondAction);
    const call = source.call(secondAction, first);
    return call;
  }
}

closure independent$initialize$closure[](first, second) {
  entry() {
    const record = { first: first, second: second };
    return record;
  }
}
