---
source: tests-integration/src/fixtures.rs
assertion_line: 309
expression: functional_report
---
@export safeZero = \partialDict%1 -> \$int%0@(0) -> 0

@export unsafeZeroLambda = unsafePartial (\partialDict%2 -> \$int%3@(0) -> 0)

@export unsafeZeroName = unsafePartial (\partialDict%4 -> safeZero partialDict%4)
