---
source: tests-integration/src/fixtures.rs
assertion_line: 278
expression: diagnostics_report
---
Terms
lead :: Prim.String
trail :: Prim.String
escapedPair :: Prim.String
scalar :: Prim.String
matchesLead :: Prim.String -> Prim.Boolean

Types

Diagnostics
Warning! · [RedundantPattern] · Main.purs:15:1
  •
  │
  • Pattern match has redundant patterns: _
  │
  │   matchesLead :: String -> Boolean
  │   ╰───────────────────────────────
  •
