---
source: tests-integration/src/fixtures.rs
assertion_line: 351
expression: report
---
module Main

Unqualified Imports:

Qualified Imports:

Second Terms:
  - sharedB is Implicit

Second Types:

Second Classes:
  - Shared is Implicit

First Terms:
  - sharedA is Implicit

First Types:

First Classes:
  - Shared is Implicit

Exported Terms:
  - sharedB
  - sharedA

Exported Types:

Exported Classes:
  - Shared

Local Terms:

Local Types:

Local Classes:

Class Members:
  - Shared.sharedA (imported)
  - Shared.sharedB (imported)

Errors:
  - TypeExportConflict { existing: (Idx::<File>(13), Idx::<IndexedTypeItem>(0), Import(AstId<syntax::cst::ImportStatement>(14))), duplicate: (Idx::<File>(12), Idx::<IndexedTypeItem>(0), Import(AstId<syntax::cst::ImportStatement>(10))) }
