---
source: tests-integration/src/fixtures.rs
assertion_line: 50
expression: report
---
Terms
Proxy :: forall k (@a :: k). Main.Proxy @k (a :: k)
lacksOpen ::
  forall (r :: Prim.Row Prim.Type).
    Prim.Row.Lacks @Prim.Type
      "missing"
      ( a :: Prim.Int, b :: Prim.String | (r :: Prim.Row Prim.Type) ) =>
    Main.Proxy @(Prim.Row Prim.Type) (r :: Prim.Row Prim.Type) -> Prim.Int
lacksPresent ::
  forall (r :: Prim.Row Prim.Type).
    Prim.Row.Lacks @Prim.Type "a" ( a :: Prim.Int | (r :: Prim.Row Prim.Type) ) =>
    Main.Proxy @(Prim.Row Prim.Type) (r :: Prim.Row Prim.Type) -> Prim.Int
empty :: forall t0. Main.Proxy @(Prim.Row t0) ()
forceSolve :: { lacksOpen :: Prim.Int, lacksPresent :: Prim.Int }

Types
Proxy :: forall k. k -> Prim.Type

Roles
Proxy = [Phantom]

Diagnostics
error[NoInstanceFound]: No instance found for: Lacks @Type "a" ( a :: Int )
  --> 17:1..17:78
   |
17 | forceSolve = { lacksOpen: lacksOpen empty, lacksPresent: lacksPresent empty }
   | ^~~~~~~~~~~~~~~~~~~~~~~~~~~~~~~~~~~~~~~~~~~~~~~~~~~~~~~~~~~~~~~~~~~~~~~~~~~~~
