---
source: tests-integration/src/fixtures.rs
assertion_line: 50
expression: report
---
Terms
WrapBoth ::
  forall (t :: Prim.Type) (t1 :: Prim.Type) (@f :: (t :: Prim.Type) -> Prim.Type)
    (@g :: (t1 :: Prim.Type) -> Prim.Type) (@a :: (t :: Prim.Type)) (@b :: (t1 :: Prim.Type)).
    (f :: (t :: Prim.Type) -> Prim.Type) (a :: (t :: Prim.Type)) ->
    (g :: (t1 :: Prim.Type) -> Prim.Type) (b :: (t1 :: Prim.Type)) ->
    Main.WrapBoth @(t :: Prim.Type) @(t1 :: Prim.Type)
      (f :: (t :: Prim.Type) -> Prim.Type)
      (g :: (t1 :: Prim.Type) -> Prim.Type)
      (a :: (t :: Prim.Type))
      (b :: (t1 :: Prim.Type))
WrapBothNoConstraint ::
  forall (t :: Prim.Type) (t1 :: Prim.Type) (@f :: (t :: Prim.Type) -> Prim.Type)
    (@g :: (t1 :: Prim.Type) -> Prim.Type) (@a :: (t :: Prim.Type)) (@b :: (t1 :: Prim.Type)).
    (f :: (t :: Prim.Type) -> Prim.Type) (a :: (t :: Prim.Type)) ->
    (g :: (t1 :: Prim.Type) -> Prim.Type) (b :: (t1 :: Prim.Type)) ->
    Main.WrapBothNoConstraint @(t :: Prim.Type) @(t1 :: Prim.Type)
      (f :: (t :: Prim.Type) -> Prim.Type)
      (g :: (t1 :: Prim.Type) -> Prim.Type)
      (a :: (t :: Prim.Type))
      (b :: (t1 :: Prim.Type))

Types
WrapBoth ::
  forall (t :: Prim.Type) (t1 :: Prim.Type).
    ((t :: Prim.Type) -> Prim.Type) ->
    ((t1 :: Prim.Type) -> Prim.Type) ->
    (t :: Prim.Type) ->
    (t1 :: Prim.Type) ->
    Prim.Type
WrapBothNoConstraint ::
  forall (t :: Prim.Type) (t1 :: Prim.Type).
    ((t :: Prim.Type) -> Prim.Type) ->
    ((t1 :: Prim.Type) -> Prim.Type) ->
    (t :: Prim.Type) ->
    (t1 :: Prim.Type) ->
    Prim.Type

Derived
derive forall (t :: Prim.Type -> Prim.Type) (t1 :: Prim.Type -> Prim.Type).
  Data.Functor.Functor (t :: Prim.Type -> Prim.Type) =>
  Data.Functor.Functor (t1 :: Prim.Type -> Prim.Type) =>
  Data.Bifunctor.Bifunctor
    (Main.WrapBoth @Prim.Type @Prim.Type
      (t :: Prim.Type -> Prim.Type)
      (t1 :: Prim.Type -> Prim.Type))
derive forall (t :: Prim.Type -> Prim.Type) (t1 :: Prim.Type -> Prim.Type).
  Data.Bifunctor.Bifunctor
    (Main.WrapBothNoConstraint @Prim.Type @Prim.Type
      (t :: Prim.Type -> Prim.Type)
      (t1 :: Prim.Type -> Prim.Type))

Roles
WrapBoth = [Representational, Representational, Nominal, Nominal]
WrapBothNoConstraint = [Representational, Representational, Nominal, Nominal]

Diagnostics
error[NoInstanceFound]: No instance found for: Functor (t :: Type -> Type)
  --> 10:1..10:53
   |
10 | derive instance Bifunctor (WrapBothNoConstraint f g)
   | ^~~~~~~~~~~~~~~~~~~~~~~~~~~~~~~~~~~~~~~~~~~~~~~~~~~~
error[NoInstanceFound]: No instance found for: Functor (t1 :: Type -> Type)
  --> 10:1..10:53
   |
10 | derive instance Bifunctor (WrapBothNoConstraint f g)
   | ^~~~~~~~~~~~~~~~~~~~~~~~~~~~~~~~~~~~~~~~~~~~~~~~~~~~
