---
source: tests-integration/src/fixtures.rs
assertion_line: 142
expression: ssa_report
---
@export foreign const foreignValue;

@export foreign const foreignFunction;

@export const value = initialize {
  entry() {
    const foreignFunction = global(foreignFunction);
    const foreignValue = global(foreignValue);
    const call = source.call(foreignFunction, foreignValue);
    return call;
  }
}
