---
source: tests-integration/src/fixtures.rs
assertion_line: 286
expression: report
---
Terms
c :: forall @a. Main.C a => a -> Prim.Int

Types
C :: Prim.Type -> Prim.Constraint

Classes
class forall (a :: Prim.Type). Main.C a
  c :: forall @a. Main.C a => a -> Prim.Int

Instances
instance Main.C Prim.Boolean

Diagnostics
Warning! · [MissingPatterns] · Main.purs:6:1
  •
  │
  • Pattern match is not exhaustive. Missing: false
  │
  │   instance cBool :: C Boolean where
  │   ╰────────────────────────────────
  •
