---
source: tests-integration/src/fixtures.rs
assertion_line: 50
expression: report
---
Terms
unsafeCoerce :: forall (a :: Prim.Type) (b :: Prim.Type). (a :: Prim.Type) -> (b :: Prim.Type)
coerceRecord ::
  forall (a :: Prim.Row Prim.Type) (b :: Prim.Row Prim.Type).
    Main.TypeEquals @(Prim.Row Prim.Type) (a :: Prim.Row Prim.Type) (b :: Prim.Row Prim.Type) =>
    {| (a :: Prim.Row Prim.Type) } -> {| (b :: Prim.Row Prim.Type) }
transform ::
  forall (a :: Prim.Row Prim.Type).
    Main.TypeEquals @(Prim.Row Prim.Type) (a :: Prim.Row Prim.Type) Main.Include =>
    {| (a :: Prim.Row Prim.Type) } -> { x :: Prim.Int, y :: Prim.String, z :: Prim.Boolean }
test :: { x :: Prim.Int, y :: Prim.String, z :: Prim.Boolean }

Types
RowApply ::
  forall (k :: Prim.Type).
    (Prim.Row (k :: Prim.Type) -> Prim.Row (k :: Prim.Type)) ->
    Prim.Row (k :: Prim.Type) ->
    Prim.Row (k :: Prim.Type)
+ ::
  forall (k :: Prim.Type).
    (Prim.Row (k :: Prim.Type) -> Prim.Row (k :: Prim.Type)) ->
    Prim.Row (k :: Prim.Type) ->
    Prim.Row (k :: Prim.Type)
IncludeX :: Prim.Row Prim.Type -> Prim.Row Prim.Type
IncludeY :: Prim.Row Prim.Type -> Prim.Row Prim.Type
IncludeZ :: Prim.Row Prim.Type -> Prim.Row Prim.Type
Include :: Prim.Row Prim.Type
TypeEquals :: forall (k :: Prim.Type). (k :: Prim.Type) -> (k :: Prim.Type) -> Prim.Constraint

Synonyms
type RowApply f a = (f :: Prim.Row (k :: Prim.Type) -> Prim.Row (k :: Prim.Type)) (a :: Prim.Row (k :: Prim.Type))
type IncludeX r = ( x :: Prim.Int | (r :: Prim.Row Prim.Type) )
type IncludeY r = ( y :: Prim.String | (r :: Prim.Row Prim.Type) )
type IncludeZ r = ( z :: Prim.Boolean | (r :: Prim.Row Prim.Type) )
type Include = Main.RowApply @Prim.Type
  Main.IncludeX
  (Main.RowApply @Prim.Type Main.IncludeY (Main.RowApply @Prim.Type Main.IncludeZ ()))

Classes
class forall (k :: Prim.Type) (a :: (k :: Prim.Type)) (b :: (k :: Prim.Type)). Main.TypeEquals @(k :: Prim.Type) (a :: (k :: Prim.Type)) (b :: (k :: Prim.Type))

Instances
instance forall (t0 :: Prim.Type) (a :: (t0 :: Prim.Type)).
  Main.TypeEquals @(t0 :: Prim.Type) (a :: (t0 :: Prim.Type)) (a :: (t0 :: Prim.Type))
