---
source: tests-integration/src/fixtures.rs
assertion_line: 142
expression: ssa_report
---
@export function unwrap(wrapped) {
  entry() {
    return wrapped;
  }
}

@export function select(record) {
  entry() {
    const first = record.first;
    const second = record.second;
    return second;
  }
}
