---
source: tests-integration/src/fixtures.rs
assertion_line: 68
expression: report
---
data Nested ::
  forall (k0 :: Prim.Type) (k1 :: Prim.Type). (k0 -> k1 -> Prim.Type) -> k0 -> k1 -> Prim.Type
data Nested @p @a @b
  | Nested :: p a b -> Main.Nested p a b

dictionary bifunctorNested ::
  forall p.
  { bifunctorDict :: Data.Bifunctor.Bifunctor p } =>
  Data.Bifunctor.Bifunctor (Main.Nested @Prim.Type @Prim.Type p)
  where
  bimap :: forall (a :: Prim.Type) (b :: Prim.Type) (c :: Prim.Type) (d :: Prim.Type).
  (a -> b) ->
  (c -> d) ->
  Main.Nested @Prim.Type @Prim.Type p a c ->
  Main.Nested @Prim.Type @Prim.Type p b d
  bimap = \@a -> \@b -> \@c -> \@d ->
    \firstFunction secondFunction value ->
      case value of
        (Nested field0) -> Nested @Prim.Type @Prim.Type @p @b @d
          (bimap @p {bifunctorDict} @a @b @c @d (\element -> firstFunction element)
            (\element -> secondFunction element)
            field0)

dictionary bifoldableNested ::
  forall p.
  { bifoldableDict :: Data.Bifoldable.Bifoldable p } =>
  Data.Bifoldable.Bifoldable (Main.Nested @Prim.Type @Prim.Type p)
  where
  bifoldr :: forall (a :: Prim.Type) (b :: Prim.Type) (c :: Prim.Type).
  (a -> c -> c) -> (b -> c -> c) -> c -> Main.Nested @Prim.Type @Prim.Type p a b -> c
  bifoldr = \@a -> \@b -> \@c ->
    \firstFunction secondFunction accumulator value ->
      case value of
        (Nested field0) -> bifoldr @p {bifoldableDict} @a @b @c
          (\element accumulator -> firstFunction element accumulator)
          (\element accumulator -> secondFunction element accumulator)
          accumulator
          field0
  bifoldl :: forall (a :: Prim.Type) (b :: Prim.Type) (c :: Prim.Type).
  (c -> a -> c) -> (c -> b -> c) -> c -> Main.Nested @Prim.Type @Prim.Type p a b -> c
  bifoldl = \@a -> \@b -> \@c ->
    \firstFunction secondFunction accumulator value ->
      case value of
        (Nested field0) -> bifoldl @p {bifoldableDict} @a @b @c
          (\accumulator element -> firstFunction accumulator element)
          (\accumulator element -> secondFunction accumulator element)
          accumulator
          field0
  bifoldMap :: forall (m :: Prim.Type) (a :: Prim.Type) (b :: Prim.Type).
  Data.Monoid.Monoid m => (a -> m) -> (b -> m) -> Main.Nested @Prim.Type @Prim.Type p a b -> m
  bifoldMap = \@m -> \@a -> \@b -> \{monoidDict} ->
    \firstFunction secondFunction value ->
      case value of
        (Nested field0) -> bifoldMap @p {bifoldableDict} @m @a @b {monoidDict}
          (\element -> firstFunction element)
          (\element -> secondFunction element)
          field0

dictionary bitraversableNested ::
  forall p.
  { bitraversableDict :: Data.Bitraversable.Bitraversable p } =>
  Data.Bitraversable.Bitraversable (Main.Nested @Prim.Type @Prim.Type p)
  where
  superclass bifunctorDict = bifunctorNested {bitraversableDict.bifunctorDict}
  superclass bifoldableDict = bifoldableNested {bitraversableDict.bifoldableDict}
  bitraverse :: forall (f :: Prim.Type -> Prim.Type) (a :: Prim.Type) (b :: Prim.Type) (c :: Prim.Type)
  (d :: Prim.Type).
  Control.Applicative.Applicative f =>
  (a -> f c) ->
  (b -> f d) ->
  Main.Nested @Prim.Type @Prim.Type p a b ->
  f (Main.Nested @Prim.Type @Prim.Type p c d)
  bitraverse = \@f -> \@a -> \@b -> \@c -> \@d -> \{applicativeDict} ->
    \firstFunction secondFunction value ->
      case value of
        (Nested field0) -> map @f {applicativeDict.applyDict.functorDict} @(p c d) @(Main.Nested @Prim.Type @Prim.Type p c d)
          (\field0Result -> Nested @Prim.Type @Prim.Type @p @c @d field0Result)
          (bitraverse @p {bitraversableDict} @f @a @b @c @d {applicativeDict}
            (\element -> firstFunction element)
            (\element -> secondFunction element)
            field0)
  bisequence :: forall (f :: Prim.Type -> Prim.Type) (a :: Prim.Type) (b :: Prim.Type).
  Control.Applicative.Applicative f =>
  Main.Nested @Prim.Type @Prim.Type p (f a) (f b) -> f (Main.Nested @Prim.Type @Prim.Type p a b)
  bisequence = \@f -> \@a -> \@b -> \{applicativeDict} ->
    \value ->
      bitraverse @(Main.Nested @Prim.Type @Prim.Type p) {bitraversableNested {bitraversableDict}} @f @(f a) @(f b) @a @b {applicativeDict}
        (\effect0 -> effect0)
        (\effect1 -> effect1)
        value
