---
source: tests-integration/src/fixtures.rs
assertion_line: 50
expression: report
---
Terms
Just :: forall (@a :: Prim.Type). (a :: Prim.Type) -> Main.Maybe (a :: Prim.Type)
Nothing :: forall (@a :: Prim.Type). Main.Maybe (a :: Prim.Type)
test :: forall (t0 :: Prim.Type). Prim.Partial => Main.Maybe (t0 :: Prim.Type) -> Prim.Int

Types
Maybe :: Prim.Type -> Prim.Type

Roles
Maybe = [Representational]

Diagnostics
warning[MissingPatterns]: Pattern match is not exhaustive. Missing: Nothing
  --> 5:8..6:14
  |
5 | test = case _ of
  |        ^~~~~~~~~
