---
source: tests-integration/src/fixtures.rs
assertion_line: 50
expression: report
---
Terms
Age :: Prim.Int -> Main.Age
Proxy ::
  forall (t0 :: Prim.Type) (@a :: (t0 :: Prim.Type)).
    Main.Proxy @(t0 :: Prim.Type) (a :: (t0 :: Prim.Type))
coerceProxy :: Main.Proxy @Prim.Type Prim.Int -> Main.Proxy @Prim.Type Prim.String
Nothing :: forall (@a :: Prim.Type). Main.Maybe (a :: Prim.Type)
Just :: forall (@a :: Prim.Type). (a :: Prim.Type) -> Main.Maybe (a :: Prim.Type)
coerceMaybe :: Main.Maybe Main.Age -> Main.Maybe Prim.Int
coerceMaybeReverse :: Main.Maybe Prim.Int -> Main.Maybe Main.Age
coerceRecord :: { age :: Main.Age, name :: Prim.String } -> { age :: Prim.Int, name :: Prim.String }
coerceFunction :: (Prim.Int -> Main.Age) -> Prim.Int -> Prim.Int

Types
Age :: Prim.Type
Proxy :: forall (t0 :: Prim.Type). (t0 :: Prim.Type) -> Prim.Type
Maybe :: Prim.Type -> Prim.Type

Roles
Age = []
Proxy = [Phantom]
Maybe = [Representational]
