---
source: tests-integration/src/fixtures.rs
assertion_line: 307
expression: diagnostics_report
---
Error! · [CovariantOccurrence] · Main.purs:6:1
  •
  │
  • Type variable occurs in covariant position: t0
  │
  │   derive instance Contravariant Identity
  │   ╰─────────────────────────────────────
  •

Error! · [CovariantOccurrence] · Main.purs:9:1
  •
  │
  • Type variable occurs in covariant position: t1
  │
  │   derive instance Contravariant Producer
  │   ╰─────────────────────────────────────
  •

Error! · [FunctionalCodegen] · Main.purs:1:1
  •
  │
  • checked instance declaration is missing
  │
  │   module Main where
  │   ╰────────────────
  •
