---
source: tests-integration/src/fixtures.rs
assertion_line: 50
expression: report
---
Terms
Proxy :: forall k (@a :: k). Main.Proxy @k (a :: k)

Types
Proxy :: forall k. k -> Prim.Type
T :: forall k. k -> Prim.Type

Classes
class forall (k :: Prim.Type) (a :: k). Main.T @k (a :: k)

Instances
instance Main.T @(Prim.Row Prim.Type) ( a :: Prim.Int )
instance Main.T @Prim.Type { a :: Prim.Int }
instance Main.T @Prim.Type (Main.Proxy @(Prim.Row Prim.Type) ( a :: Prim.Int ))
instance Main.T @Prim.Type (Main.Proxy @Prim.Type { a :: Prim.Int })

Roles
Proxy = [Phantom]

Diagnostics
error[CannotUnify]: Cannot unify 'Type' with 'Constraint'
  --> 1:1..12:32
  |
1 | module Main where
  | ^~~~~~~~~~~~~~~~~
error[InstanceHeadLabeledRow]: Instance argument at position 0 contains a labeled row, but this position is not determined by any functional dependency. Only the `( | r )` form is allowed. Got '( a :: Int )' instead.
  --> 1:1..12:32
  |
1 | module Main where
  | ^~~~~~~~~~~~~~~~~
error[CannotUnify]: Cannot unify 'Type' with 'Constraint'
  --> 1:1..12:32
  |
1 | module Main where
  | ^~~~~~~~~~~~~~~~~
error[InstanceHeadLabeledRow]: Instance argument at position 0 contains a labeled row, but this position is not determined by any functional dependency. Only the `( | r )` form is allowed. Got '{ a :: Int }' instead.
  --> 1:1..12:32
  |
1 | module Main where
  | ^~~~~~~~~~~~~~~~~
error[CannotUnify]: Cannot unify 'Type' with 'Constraint'
  --> 1:1..12:32
  |
1 | module Main where
  | ^~~~~~~~~~~~~~~~~
error[InstanceHeadLabeledRow]: Instance argument at position 0 contains a labeled row, but this position is not determined by any functional dependency. Only the `( | r )` form is allowed. Got 'Proxy @(Row Type) ( a :: Int )' instead.
  --> 1:1..12:32
  |
1 | module Main where
  | ^~~~~~~~~~~~~~~~~
error[CannotUnify]: Cannot unify 'Type' with 'Constraint'
  --> 1:1..12:32
  |
1 | module Main where
  | ^~~~~~~~~~~~~~~~~
error[InstanceHeadLabeledRow]: Instance argument at position 0 contains a labeled row, but this position is not determined by any functional dependency. Only the `( | r )` form is allowed. Got 'Proxy @Type { a :: Int }' instead.
  --> 1:1..12:32
  |
1 | module Main where
  | ^~~~~~~~~~~~~~~~~
