---
source: tests-integration/src/fixtures.rs
assertion_line: 50
expression: report
---
Terms

Types
Opaque1 :: Prim.Type -> Prim.Type

Derived
derive Data.Eq.Eq1 Main.Opaque1
derive Data.Ord.Ord1 Main.Opaque1
derive forall (a :: Prim.Type).
  Data.Eq.Eq (a :: Prim.Type) => Data.Eq.Eq (Library.Imported (a :: Prim.Type))
derive Data.Eq.Eq1 Library.Imported
derive forall (a :: Prim.Type).
  Data.Ord.Ord (a :: Prim.Type) => Data.Ord.Ord (Library.Imported (a :: Prim.Type))
derive Data.Ord.Ord1 Library.Imported

Roles
Opaque1 = [Nominal]

Diagnostics
error[CannotDeriveForType]: Cannot derive for type: Opaque1
  --> 9:1..9:28
  |
9 | derive instance Eq1 Opaque1
  | ^~~~~~~~~~~~~~~~~~~~~~~~~~~
error[CannotDeriveForType]: Cannot derive for type: Opaque1
  --> 10:1..10:29
   |
10 | derive instance Ord1 Opaque1
   | ^~~~~~~~~~~~~~~~~~~~~~~~~~~~
error[CannotDeriveForType]: Cannot derive for type: Imported (a :: Type)
  --> 12:1..12:40
   |
12 | derive instance Eq a => Eq (Imported a)
   | ^~~~~~~~~~~~~~~~~~~~~~~~~~~~~~~~~~~~~~~
error[CannotDeriveForType]: Cannot derive for type: Imported
  --> 13:1..13:29
   |
13 | derive instance Eq1 Imported
   | ^~~~~~~~~~~~~~~~~~~~~~~~~~~~
error[CannotDeriveForType]: Cannot derive for type: Imported (a1 :: Type)
  --> 14:1..14:42
   |
14 | derive instance Ord a => Ord (Imported a)
   | ^~~~~~~~~~~~~~~~~~~~~~~~~~~~~~~~~~~~~~~~~
error[CannotDeriveForType]: Cannot derive for type: Imported
  --> 15:1..15:30
   |
15 | derive instance Ord1 Imported
   | ^~~~~~~~~~~~~~~~~~~~~~~~~~~~~
