---
source: tests-integration/tests/nbe.rs
assertion_line: 14
expression: report
---
@export instance namedString = { name: \value%0 -> value%0 }

@export use = \namedADict%1 ->
  \value%3 ->
    let
      alias%2 = \namedADict%4 -> namedADict%4.name
    in alias%2 namedADict%1 value%3

@export useLet = \namedADict%5 ->
  \value%7 ->
    let
      alias%6 = \namedADict%8 -> namedADict%8.name
    in alias%6 namedADict%5 value%7
