---
source: tests-integration/src/fixtures.rs
assertion_line: 269
expression: ssa_report
---
@export instance const namedString = initialize {
  entry() {
    const closure = closure(namedString$initialize$closure);
    const record = { name: closure };
    return record;
  }
}

@export function use(namedADict) {
  entry() {
    const closure = closure(use$closure, namedADict);
    return closure;
  }
}

@export function useLet(namedADict) {
  entry() {
    const closure = closure(useLet$closure, namedADict);
    return closure;
  }
}

closure namedString$initialize$closure[](value) {
  entry() {
    return value;
  }
}

closure use$closure[namedADict](value) {
  entry() {
    const name = global(name);
    const call = source.call(name, namedADict);
    const call$1 = source.call(call, value);
    return call$1;
  }
}

closure useLet$closure[namedADict](value) {
  entry() {
    const name = global(name);
    const call = source.call(name, namedADict);
    const call$1 = source.call(call, value);
    return call$1;
  }
}
