---
source: tests-integration/src/fixtures.rs
assertion_line: 286
expression: report
---
Terms
Just :: forall @a. a -> Main.Maybe a
Nothing :: forall @a. Main.Maybe a
complete :: forall t0 t1. Main.Maybe t0 -> Main.Maybe t1 -> Prim.Int
incomplete1 :: forall t0 t1. Prim.Partial => Main.Maybe t0 -> Main.Maybe t1 -> Prim.Int
incomplete2 :: forall t0 t1. Prim.Partial => Main.Maybe t0 -> Main.Maybe t1 -> Prim.Int
incomplete3 :: forall t0 t1. Prim.Partial => Main.Maybe t0 -> Main.Maybe t1 -> Prim.Int
incomplete4 :: forall t0 t1. Prim.Partial => Main.Maybe t0 -> Main.Maybe t1 -> Prim.Int

Types
Maybe :: Prim.Type -> Prim.Type

Roles
Maybe = [Representational]

Diagnostics
Warning! · [MissingPatterns] · Main.purs:11:15
  •
  │
  • Pattern match is not exhaustive. Missing: Just _, Just _
  │
  │   incomplete1 = case _, _ of
  │                 ╰───────────
  •

Warning! · [MissingPatterns] · Main.purs:16:15
  •
  │
  • Pattern match is not exhaustive. Missing: Just _, Nothing
  │
  │   incomplete2 = case _, _ of
  │                 ╰───────────
  •

Warning! · [MissingPatterns] · Main.purs:21:15
  •
  │
  • Pattern match is not exhaustive. Missing: Nothing, Just _
  │
  │   incomplete3 = case _, _ of
  │                 ╰───────────
  •

Warning! · [MissingPatterns] · Main.purs:26:15
  •
  │
  • Pattern match is not exhaustive. Missing: Nothing, Nothing
  │
  │   incomplete4 = case _, _ of
  │                 ╰───────────
  •
