---
source: tests-integration/src/fixtures.rs
assertion_line: 286
expression: report
---
Terms
classInt :: Prim.Int
test :: Prim.Array Prim.Int

Types
Class :: Prim.Type -> Prim.Constraint

Classes
class forall (a :: Prim.Type). Main.Class a

Instances
instance Main.Class

Diagnostics
Error! · [InstanceHeadMismatch] · Main.purs:1:1
  •
  │
  • Instance head mismatch: expected 1 arguments, got 0
  │
  │   module Main where
  │   ╰────────────────
  •

Error! · [CannotUnify] · Main.purs:1:1
  •
  │
  • Cannot unify 'Type -> Constraint' with 'Constraint'
  │
  │   module Main where
  │   ╰────────────────
  •
