---
source: tests-integration/src/fixtures.rs
assertion_line: 50
expression: report
---
Terms
map ::
  forall (a :: Type) (b :: Type).
    ((a :: Type) -> (b :: Type)) -> Array (a :: Type) -> Array (b :: Type)
apply :: forall (a :: Type) (b :: Type). ((a :: Type) -> (b :: Type)) -> (a :: Type) -> (b :: Type)
f :: ({ foo :: Int } -> Int) -> Int
test1 ::
  forall (t :: Type) (t1 :: Row Type). { prop :: (t :: Type) | (t1 :: Row Type) } -> (t :: Type)
test2 ::
  forall (t :: Type) (t1 :: Row Type) (t2 :: Row Type) (t3 :: Row Type).
    { a :: { b :: { c :: (t :: Type) | (t1 :: Row Type) } | (t2 :: Row Type) }
    | (t3 :: Row Type)
    } ->
    (t :: Type)
test3 ::
  forall (t :: Type) (t1 :: Row Type). { poly :: (t :: Type) | (t1 :: Row Type) } -> (t :: Type)
test4 ::
  forall (t :: Type) (t1 :: Row Type).
    Array { prop :: (t :: Type) | (t1 :: Row Type) } -> Array (t :: Type)
test5 :: Int
test6 ::
  forall (t :: Type) (t1 :: Type) (t2 :: Row Type) (t3 :: Type).
    (t :: Type) ->
    (({ bar :: (t1 :: Type) | (t2 :: Row Type) } -> (t1 :: Type)) -> (t3 :: Type)) ->
    (t3 :: Type)
test7 ::
  forall (t :: Type) (t1 :: Row Type).
    { nonexistent :: (t :: Type) | (t1 :: Row Type) } -> (t :: Type)
test8 ::
  forall (t :: Type) (t1 :: Row Type) (t2 :: Type).
    (({ foo :: (t :: Type) | (t1 :: Row Type) } -> (t :: Type)) -> (t2 :: Type)) -> (t2 :: Type)
test9 ::
  forall (t :: Type) (t1 :: Row Type) (t2 :: Type).
    Array (({ prop :: (t :: Type) | (t1 :: Row Type) } -> (t :: Type)) -> (t2 :: Type)) ->
    Array (t2 :: Type)
test10 ::
  forall (t :: Type) (t1 :: Row Type) (t2 :: Row Type).
    { a :: { b :: (t :: Type) | (t1 :: Row Type) } | (t2 :: Row Type) } -> (t :: Type)
test11 ::
  forall (t :: Type) (t1 :: Type) (t2 :: Row Type).
    (t :: Type) ->
    { a :: (t :: Type), b :: { foo :: (t1 :: Type) | (t2 :: Row Type) } -> (t1 :: Type) }
test12 ::
  forall (t :: Type) (t1 :: Row Type).
    ({ bar :: (t :: Type) | (t1 :: Row Type) } -> (t :: Type)) ->
    Array ({ bar :: (t :: Type) | (t1 :: Row Type) } -> (t :: Type))
test13 ::
  forall (t :: Type) (t1 :: Type) (t2 :: Row Type).
    (t :: Type) -> { prop :: (t1 :: Type) | (t2 :: Row Type) } -> (t1 :: Type)
test14 ::
  forall (t :: Type) (t1 :: Row Type).
    Boolean -> { a :: (t :: Type), b :: (t :: Type) | (t1 :: Row Type) } -> (t :: Type)

Types
