---
source: tests-integration/src/fixtures.rs
assertion_line: 286
expression: report
---
Terms
test :: Effect.Effect Prim.Int
test' :: forall t0. t0

Types

Diagnostics
Error! · [InvalidFinalLet] · Main.purs:7:3
  •
  │
  • Invalid final let statement in do expression
  │
  │     let x = 1
  │     ╰────────
  •

Error! · [InvalidFinalLet] · Main.purs:10:3
  •
  │
  • Invalid final let statement in do expression
  │
  │     let x = 1
  │     ╰────────
  •
