---
source: tests-integration/src/fixtures.rs
assertion_line: 134
expression: report
---
Completion at Position { line: 3, character: 23 }

```
  first firstBinder = 0
--                     ^
```

╭────────────────┬────────────────┬─────────────────────┬────────────────┬────────────────┬──────────────────────────────────────────────────────────────────────────────────┬─────────────┬─────────────────────────╮
│  label         │  label_detail  │  label_description  │  sort_text     │  filter_text   │  detail                                                                          │  text_edit  │  additional_text_edits  │
├────────────────┼────────────────┼─────────────────────┼────────────────┼────────────────┼──────────────────────────────────────────────────────────────────────────────────┼─────────────┼─────────────────────────┤
│  secondBinder  │   ...          │  Local              │  secondBinder  │  secondBinder  │  ...                                                                             │  ...        │  ...                    │
├────────────────┼────────────────┼─────────────────────┼────────────────┼────────────────┼──────────────────────────────────────────────────────────────────────────────────┼─────────────┼─────────────────────────┤
│  first         │   ...          │  Local              │  first         │  first         │  first :: (t0 :: Type) -> Int                                                    │  ...        │  ...                    │
├────────────────┼────────────────┼─────────────────────┼────────────────┼────────────────┼──────────────────────────────────────────────────────────────────────────────────┼─────────────┼─────────────────────────┤
│  second        │   ...          │  Local              │  second        │  second        │  second :: ?8 -> (t0 :: Type)                                                    │  ...        │  ...                    │
├────────────────┼────────────────┼─────────────────────┼────────────────┼────────────────┼──────────────────────────────────────────────────────────────────────────────────┼─────────────┼─────────────────────────┤
│  input         │   ...          │  Local              │  input         │  input         │  ...                                                                             │  ...        │  ...                    │
├────────────────┼────────────────┼─────────────────────┼────────────────┼────────────────┼──────────────────────────────────────────────────────────────────────────────────┼─────────────┼─────────────────────────┤
│  check         │   ...          │  Local              │  check         │  check         │  check :: forall (t0 :: Type) (t1 :: Type). (t0 :: Type) -> (t1 :: Type) -> Int  │  ...        │  ...                    │
╰────────────────┴────────────────┴─────────────────────┴────────────────┴────────────────┴──────────────────────────────────────────────────────────────────────────────────┴─────────────┴─────────────────────────╯
