---
source: tests-integration/src/fixtures.rs
assertion_line: 286
expression: report
---
Terms
coerceNominalSame :: Main.Nominal Prim.Int -> Main.Nominal Prim.Int
coerceNominalDifferent :: Main.Nominal Prim.Int -> Main.Nominal Prim.String

Types
Nominal :: Prim.Type -> Prim.Type

Roles
Nominal = [Nominal]

Diagnostics
Error! · [NoInstanceFound] · Main.purs:12:1
  •
  │
  • No instance found for: Coercible @Type (Nominal Int) (Nominal String)
  │
  │   coerceNominalDifferent :: Nominal Int -> Nominal String
  │   ╰──────────────────────────────────────────────────────
  •
