---
source: tests-integration/src/fixtures.rs
assertion_line: 50
expression: report
---
Terms
Tuple ::
  forall (@a :: Prim.Type) (@b :: Prim.Type).
    (a :: Prim.Type) -> (b :: Prim.Type) -> Main.Tuple (a :: Prim.Type) (b :: Prim.Type)
map ::
  forall (f :: Prim.Type -> Prim.Type) (a :: Prim.Type) (b :: Prim.Type).
    ((a :: Prim.Type) -> (b :: Prim.Type)) ->
    (f :: Prim.Type -> Prim.Type) (a :: Prim.Type) ->
    (f :: Prim.Type -> Prim.Type) (b :: Prim.Type)
apply ::
  forall (f :: Prim.Type -> Prim.Type) (a :: Prim.Type) (b :: Prim.Type).
    (f :: Prim.Type -> Prim.Type) ((a :: Prim.Type) -> (b :: Prim.Type)) ->
    (f :: Prim.Type -> Prim.Type) (a :: Prim.Type) ->
    (f :: Prim.Type -> Prim.Type) (b :: Prim.Type)
pure ::
  forall (f :: Prim.Type -> Prim.Type) (a :: Prim.Type).
    (a :: Prim.Type) -> (f :: Prim.Type -> Prim.Type) (a :: Prim.Type)
test ::
  forall (f :: Prim.Type -> Prim.Type).
    (f :: Prim.Type -> Prim.Type) (Main.Tuple Prim.Int Prim.String)
test' ::
  forall (t :: Prim.Type -> Prim.Type).
    (t :: Prim.Type -> Prim.Type) (Main.Tuple Prim.Int Prim.String)

Types
Tuple :: Prim.Type -> Prim.Type -> Prim.Type

Roles
Tuple = [Representational, Representational]
