---
source: tests-integration/src/fixtures.rs
assertion_line: 50
expression: report
---
Terms
Unit :: Main.Unit
pure :: forall (a :: Prim.Type). (a :: Prim.Type) -> Main.Effect (a :: Prim.Type)
bind ::
  forall (a :: Prim.Type) (b :: Prim.Type).
    Main.Effect (a :: Prim.Type) ->
    ((a :: Prim.Type) -> Main.Effect (b :: Prim.Type)) ->
    Main.Effect (b :: Prim.Type)
discard ::
  forall (a :: Prim.Type) (b :: Prim.Type).
    Main.Effect (a :: Prim.Type) ->
    ((a :: Prim.Type) -> Main.Effect (b :: Prim.Type)) ->
    Main.Effect (b :: Prim.Type)
unit :: Main.Unit
test :: Main.Effect Main.Unit
test' :: Main.Effect Main.Unit

Types
Effect :: Prim.Type -> Prim.Type
Unit :: Prim.Type

Roles
Effect = [Nominal]
Unit = []
