---
source: tests-integration/src/fixtures.rs
assertion_line: 50
expression: report
---
Terms
compose ::
  forall (k :: Prim.Type) (@a :: (k :: Prim.Type) -> (k :: Prim.Type) -> Prim.Type).
    Main.Semigroupoid @(k :: Prim.Type) (a :: (k :: Prim.Type) -> (k :: Prim.Type) -> Prim.Type) =>
    (forall (b :: (k :: Prim.Type)) (c :: (k :: Prim.Type)) (d :: (k :: Prim.Type)).
      (a :: (k :: Prim.Type) -> (k :: Prim.Type) -> Prim.Type)
        (c :: (k :: Prim.Type))
        (d :: (k :: Prim.Type)) ->
      (a :: (k :: Prim.Type) -> (k :: Prim.Type) -> Prim.Type)
        (b :: (k :: Prim.Type))
        (c :: (k :: Prim.Type)) ->
      (a :: (k :: Prim.Type) -> (k :: Prim.Type) -> Prim.Type)
        (b :: (k :: Prim.Type))
        (d :: (k :: Prim.Type)))
identity ::
  forall (k :: Prim.Type) (@a :: (k :: Prim.Type) -> (k :: Prim.Type) -> Prim.Type).
    Main.Category @(k :: Prim.Type) (a :: (k :: Prim.Type) -> (k :: Prim.Type) -> Prim.Type) =>
    (forall (t :: (k :: Prim.Type)).
      (a :: (k :: Prim.Type) -> (k :: Prim.Type) -> Prim.Type)
        (t :: (k :: Prim.Type))
        (t :: (k :: Prim.Type)))
<<$>> ::
  forall (k :: Prim.Type) (@a :: (k :: Prim.Type) -> (k :: Prim.Type) -> Prim.Type).
    Main.Category @(k :: Prim.Type) (a :: (k :: Prim.Type) -> (k :: Prim.Type) -> Prim.Type) =>
    (forall (t :: (k :: Prim.Type)).
      (a :: (k :: Prim.Type) -> (k :: Prim.Type) -> Prim.Type)
        (t :: (k :: Prim.Type))
        (t :: (k :: Prim.Type)))
test :: forall (a :: Prim.Type). (a :: Prim.Type) -> (a :: Prim.Type)

Types
Semigroupoid ::
  forall (k :: Prim.Type). ((k :: Prim.Type) -> (k :: Prim.Type) -> Prim.Type) -> Prim.Constraint
Category ::
  forall (k :: Prim.Type). ((k :: Prim.Type) -> (k :: Prim.Type) -> Prim.Type) -> Prim.Constraint

Classes
class forall (k :: Prim.Type) (a :: (k :: Prim.Type) -> (k :: Prim.Type) -> Prim.Type). Main.Semigroupoid @(k :: Prim.Type) (a :: (k :: Prim.Type) -> (k :: Prim.Type) -> Prim.Type)
  compose ::
  forall (k :: Prim.Type) (@a :: (k :: Prim.Type) -> (k :: Prim.Type) -> Prim.Type).
    Main.Semigroupoid @(k :: Prim.Type) (a :: (k :: Prim.Type) -> (k :: Prim.Type) -> Prim.Type) =>
    (forall (b :: (k :: Prim.Type)) (c :: (k :: Prim.Type)) (d :: (k :: Prim.Type)).
      (a :: (k :: Prim.Type) -> (k :: Prim.Type) -> Prim.Type)
        (c :: (k :: Prim.Type))
        (d :: (k :: Prim.Type)) ->
      (a :: (k :: Prim.Type) -> (k :: Prim.Type) -> Prim.Type)
        (b :: (k :: Prim.Type))
        (c :: (k :: Prim.Type)) ->
      (a :: (k :: Prim.Type) -> (k :: Prim.Type) -> Prim.Type)
        (b :: (k :: Prim.Type))
        (d :: (k :: Prim.Type)))
class forall (k :: Prim.Type) (a :: (k :: Prim.Type) -> (k :: Prim.Type) -> Prim.Type). Main.Semigroupoid @(k :: Prim.Type) (a :: (k :: Prim.Type) -> (k :: Prim.Type) -> Prim.Type) <= Main.Category @(k :: Prim.Type) (a :: (k :: Prim.Type) -> (k :: Prim.Type) -> Prim.Type)
  identity ::
  forall (k :: Prim.Type) (@a :: (k :: Prim.Type) -> (k :: Prim.Type) -> Prim.Type).
    Main.Category @(k :: Prim.Type) (a :: (k :: Prim.Type) -> (k :: Prim.Type) -> Prim.Type) =>
    (forall (t :: (k :: Prim.Type)).
      (a :: (k :: Prim.Type) -> (k :: Prim.Type) -> Prim.Type)
        (t :: (k :: Prim.Type))
        (t :: (k :: Prim.Type)))

Instances
instance Main.Semigroupoid @Prim.Type Prim.Function
instance Main.Category @Prim.Type Prim.Function
