---
source: tests-integration/src/fixtures.rs
assertion_line: 39
expression: report
---
Terms
bareTail :: forall (opts :: Type). (opts :: Type) -> Int
plainTail :: forall (opts :: Type). (opts :: Type) -> Int
recordTail :: forall (opts :: Row Type). {| (opts :: Row Type) } -> Int
withBareTail :: Int
withPlainTail :: Int
withRecordTail :: Int

Types
