---
source: tests-integration/src/fixtures.rs
assertion_line: 50
expression: report
---
Terms

Types

Derived
derive forall t0. Data.Generic.Rep.Generic (Prim.Int -> Prim.Int) t0

Diagnostics
error[CannotDeriveForType]: Cannot derive for type: Int -> Int
  --> 5:1..5:39
  |
5 | derive instance Generic (Int -> Int) _
  | ^~~~~~~~~~~~~~~~~~~~~~~~~~~~~~~~~~~~~~
