---
source: tests-integration/src/fixtures.rs
assertion_line: 50
expression: report
---
Terms
make :: forall (@a :: Type) (@b :: Type). Make (a :: Type) (b :: Type) => (a :: Type) -> (b :: Type)
testMake :: { a :: Int, b :: String } -> { a :: Int, b :: String }
convert ::
  forall (@a :: Type) (@b :: Type). Convert (a :: Type) (b :: Type) => (a :: Type) -> (b :: Type)
testConvert :: { x :: Int } -> { converted :: { x :: Int } }

Types
Make :: Type -> Type -> Constraint
Convert :: Type -> Type -> Constraint

Classes
class forall (a :: Type) (b :: Type). Make (a :: Type) (b :: Type)
  make :: forall (@a :: Type) (@b :: Type). Make (a :: Type) (b :: Type) => (a :: Type) -> (b :: Type)
class forall (a :: Type) (b :: Type). Convert (a :: Type) (b :: Type)
  convert ::
  forall (@a :: Type) (@b :: Type). Convert (a :: Type) (b :: Type) => (a :: Type) -> (b :: Type)

Instances
instance forall (t :: Row Type). Make {| (t :: Row Type) } {| (t :: Row Type) }
instance forall (t :: Row Type). Convert {| (t :: Row Type) } { converted :: {| (t :: Row Type) } }
