---
source: tests-integration/src/fixtures.rs
assertion_line: 286
expression: report
---
Terms
variable :: Prim.Array Prim.Int -> Prim.Int
wildcard :: Prim.Array Prim.Int -> Prim.Int
refutable :: Prim.Array Prim.Int -> Prim.Int
arrayLength :: forall a. Prim.Array a -> Prim.Int

Types

Diagnostics
Warning! · [MissingPatterns] · Main.purs:14:13
  •
  │
  • Pattern match is not exhaustive. Missing: _
  │
  │   refutable = case _ of
  │               ╰────────
  •

Error! · [NoInstanceFound] · Main.purs:13:1
  •
  │
  • No instance found for: Partial
  │
  │   refutable :: Array Int -> Int
  │   ╰────────────────────────────
  •
