---
source: tests-integration/src/fixtures.rs
assertion_line: 142
expression: ssa_report
---
@export foreign const await;

@export const arguments = initialize {
  entry() {
    const await = global(await);
    return await;
  }
}

@export const default = initialize {
  entry() {
    const arguments = global(arguments);
    const record = { "hyphen-label": arguments };
    return record;
  }
}

@export function readLabel(record) {
  entry() {
    const hyphen_label = record["hyphen-label"];
    return hyphen_label;
  }
}

@export const emptyLabel = initialize {
  entry() {
    const arguments = global(arguments);
    const record = { "": arguments };
    return record;
  }
}

@export function readEmptyLabel(record) {
  entry() {
    const value = record[""];
    return value;
  }
}

@export constructor Tagged/1;

@export const tagged = initialize {
  entry() {
    const Tagged = constructor(Tagged);
    const default = global(default);
    const call = source.call(Tagged, default);
    return call;
  }
}
