---
source: tests-integration/tests/nbe.rs
assertion_line: 12
expression: report
---
foreign await

arguments = await

default = { "hyphen-label": arguments }

readLabel = \record%0 -> record%0."hyphen-label"

emptyLabel = { "": arguments }

readEmptyLabel = \record%1 -> record%1.""

tagged = Tagged default
