---
source: tests-integration/src/fixtures.rs
assertion_line: 50
expression: report
---
Terms
Wrapper :: forall (@a :: Prim.Type). (a :: Prim.Type) -> Main.Wrapper (a :: Prim.Type)

Types
Wrapper :: Prim.Type -> Prim.Type

Derived
derive forall (a :: Prim.Type).
  Data.Newtype.Newtype @Prim.Type (Main.Wrapper (a :: Prim.Type)) (a :: Prim.Type)

Roles
Wrapper = [Representational]
