---
source: tests-integration/src/fixtures.rs
assertion_line: 286
expression: report
---
Terms
unit :: Main.Unit
pure :: forall a. a -> Main.Effect a
bind :: forall a b. Main.Effect a -> (a -> Main.Effect b) -> Main.Effect b
discard :: forall a. Main.Effect a -> Main.Effect Main.Unit -> Main.Effect Main.Unit
thing1 :: Main.Effect Prim.String
test :: Main.Effect Main.Unit

Types
Effect :: Prim.Type -> Prim.Type
Unit :: Prim.Type

Roles
Effect = [Nominal]
Unit = []

Diagnostics
Error! · [CannotUnify] · Main.purs:19:9
  •
  │
  • Cannot unify 'String' with 'Int'
  │
  │       f = a
  │           ╰
  •
