---
source: tests-integration/src/fixtures.rs
assertion_line: 39
expression: report
---
Terms
Tagged ::
  forall (t2 :: Type) (@t :: (t2 :: Type)) (@a :: Type).
    (a :: Type) -> Tagged @(t2 :: Type) (t :: (t2 :: Type)) (a :: Type)

Types
Tagged :: forall (t2 :: Type). (t2 :: Type) -> Type -> Type

Roles
Tagged = [Phantom, Representational]
