---
source: tests-integration/src/fixtures.rs
assertion_line: 50
expression: report
---
Terms
Tagged ::
  forall (t :: Prim.Type) (@t1 :: (t :: Prim.Type)) (@a :: Prim.Type).
    (a :: Prim.Type) -> Main.Tagged @(t :: Prim.Type) (t1 :: (t :: Prim.Type)) (a :: Prim.Type)

Types
Tagged :: forall (t :: Prim.Type). (t :: Prim.Type) -> Prim.Type -> Prim.Type

Roles
Tagged = [Phantom, Representational]
