---
source: tests-integration/src/fixtures.rs
assertion_line: 68
expression: report
---
data RecordPair :: Prim.Type -> Prim.Type -> Prim.Type
data RecordPair @a @b
  | RecordPair :: { alpha :: a, fixed :: Prim.Int, zeta :: b } -> Main.RecordPair a b

dictionary bifunctorRecordPair :: Data.Bifunctor.Bifunctor Main.RecordPair where
  bimap :: forall (a :: Prim.Type) (b :: Prim.Type) (c :: Prim.Type) (d :: Prim.Type).
  (a -> b) -> (c -> d) -> Main.RecordPair a c -> Main.RecordPair b d
  bimap = \firstFunction secondFunction value ->
    case value of
      (RecordPair field0) -> RecordPair @b @d
        field0 { alpha = firstFunction field0.alpha, zeta = secondFunction field0.zeta }

dictionary bitraversableRecordPair :: Data.Bitraversable.Bitraversable Main.RecordPair where
  superclass bifunctorDict = bifunctorRecordPair
  superclass bifoldableDict = <instance>
  bitraverse :: forall (f :: Prim.Type -> Prim.Type) (a :: Prim.Type) (b :: Prim.Type) (c :: Prim.Type)
  (d :: Prim.Type).
  Control.Applicative.Applicative f =>
  (a -> f c) -> (b -> f d) -> Main.RecordPair a b -> f (Main.RecordPair c d)
  bitraverse = \{applicativeDict} ->
    \firstFunction secondFunction value ->
      case value of
        (RecordPair field0) -> map @f {applicativeDict.applyDict.functorDict} @{ alpha :: c, fixed :: Prim.Int, zeta :: d } @(Main.RecordPair c d)
          (\field0Result -> RecordPair @c @d field0Result)
          (apply @f {applicativeDict.applyDict} @d @{ alpha :: c, fixed :: Prim.Int, zeta :: d }
            (map @f {applicativeDict.applyDict.functorDict} @c @(d -> { alpha :: c, fixed :: Prim.Int, zeta :: d })
              (\recordField0 recordField1 -> field0 { alpha = recordField0, zeta = recordField1 })
              (firstFunction field0.alpha))
            (secondFunction field0.zeta))
  bisequence :: forall (f :: Prim.Type -> Prim.Type) (a :: Prim.Type) (b :: Prim.Type).
  Control.Applicative.Applicative f => Main.RecordPair (f a) (f b) -> f (Main.RecordPair a b)
  bisequence = \{applicativeDict} ->
    \value ->
      bitraverse @Main.RecordPair {bitraversableRecordPair} @f @(f a) @(f b) @a @b {applicativeDict}
        (\effect0 -> effect0)
        (\effect1 -> effect1)
        value
