---
source: tests-integration/src/fixtures.rs
assertion_line: 50
expression: report
---
Terms
Proxy ::
  forall (k :: Prim.Type) (@a :: (k :: Prim.Type)).
    Main.Proxy @(k :: Prim.Type) (a :: (k :: Prim.Type))
consOpen ::
  forall (r :: Prim.Row Prim.Type) (row :: Prim.Row Prim.Type).
    Prim.Row.Cons @Prim.Type
      "x"
      Prim.Int
      ( a :: Prim.String | (r :: Prim.Row Prim.Type) )
      (row :: Prim.Row Prim.Type) =>
    Main.Proxy @(Prim.Row Prim.Type) (row :: Prim.Row Prim.Type)
decomposeOpen ::
  forall (t :: Prim.Type) (tail :: Prim.Row Prim.Type) (r :: Prim.Row Prim.Type).
    Prim.Row.Cons @Prim.Type
      "x"
      (t :: Prim.Type)
      (tail :: Prim.Row Prim.Type)
      ( a :: Prim.String, x :: Prim.Int | (r :: Prim.Row Prim.Type) ) =>
    Main.Proxy @Prim.Type (t :: Prim.Type)
extractTail ::
  forall (tail :: Prim.Row Prim.Type) (r :: Prim.Row Prim.Type).
    Prim.Row.Cons @Prim.Type
      "x"
      Prim.Int
      (tail :: Prim.Row Prim.Type)
      ( a :: Prim.String, x :: Prim.Int | (r :: Prim.Row Prim.Type) ) =>
    Main.Proxy @(Prim.Row Prim.Type) (tail :: Prim.Row Prim.Type)
forceSolve ::
  forall (t :: Prim.Row Prim.Type) (t1 :: Prim.Row Prim.Type).
    { consOpen ::
        Main.Proxy @(Prim.Row Prim.Type)
          ( a :: Prim.String, x :: Prim.Int | (t :: Prim.Row Prim.Type) )
    , decomposeOpen :: Main.Proxy @Prim.Type Prim.Int
    , extractTail ::
        Main.Proxy @(Prim.Row Prim.Type) ( a :: Prim.String | (t1 :: Prim.Row Prim.Type) )
    }

Types
Proxy :: forall (k :: Prim.Type). (k :: Prim.Type) -> Prim.Type

Roles
Proxy = [Phantom]
