---
source: tests-integration/src/fixtures.rs
assertion_line: 50
expression: report
---
Terms
Z3 ::
  forall (@r :: Prim.Type) (@mode :: Prim.Type) (@a :: Prim.Type).
    Main.Aff (a :: Prim.Type) -> Main.Z3 (r :: Prim.Type) (mode :: Prim.Type) (a :: Prim.Type)
run ::
  forall (a :: Prim.Type).
    (forall (r :: Prim.Type) (mode :: Prim.Type).
      Main.Z3 (r :: Prim.Type) (mode :: Prim.Type) (a :: Prim.Type)) ->
    Main.Aff (a :: Prim.Type)
Box :: forall (@a :: Prim.Type). (a :: Prim.Type) -> Main.Box (a :: Prim.Type)
unbox ::
  (forall (a :: Prim.Type). Main.Box (a :: Prim.Type)) ->
  (forall (a1 :: Prim.Type). (a1 :: Prim.Type))

Types
Aff :: Prim.Type -> Prim.Type
Z3 :: Prim.Type -> Prim.Type -> Prim.Type -> Prim.Type
Box :: Prim.Type -> Prim.Type

Roles
Aff = [Nominal]
Z3 = [Phantom, Phantom, Representational]
Box = [Representational]
