---
source: tests-integration/src/fixtures.rs
assertion_line: 50
expression: report
---
Terms
append ::
  forall (@a :: Prim.Type).
    Main.Semigroup (a :: Prim.Type) => (a :: Prim.Type) -> (a :: Prim.Type) -> (a :: Prim.Type)
first ::
  forall (t :: Prim.Type). Main.Semigroup (t :: Prim.Type) => (t :: Prim.Type) -> (t :: Prim.Type)
second ::
  forall (t :: Prim.Type). Main.Semigroup (t :: Prim.Type) => (t :: Prim.Type) -> (t :: Prim.Type)

Types
Semigroup :: Prim.Type -> Prim.Constraint

Classes
class forall (a :: Prim.Type). Main.Semigroup (a :: Prim.Type)
  append ::
  forall (@a :: Prim.Type).
    Main.Semigroup (a :: Prim.Type) => (a :: Prim.Type) -> (a :: Prim.Type) -> (a :: Prim.Type)

Diagnostics
error[CannotGeneraliseRecursiveFunction]: Unable to generalise the type of this recursive function.
  --> 8:1..8:42
  |
8 | second value = append value (first value)
  | ^~~~~~~~~~~~~~~~~~~~~~~~~~~~~~~~~~~~~~~~~
  trivia: The inferred type was: forall (t :: Type). Semigroup (t :: Type) => (t :: Type) -> (t :: Type)
  trivia: Try adding a type signature.
error[CannotGeneraliseRecursiveFunction]: Unable to generalise the type of this recursive function.
  --> 6:1..6:42
  |
6 | first value = append value (second value)
  | ^~~~~~~~~~~~~~~~~~~~~~~~~~~~~~~~~~~~~~~~~
  trivia: The inferred type was: forall (t :: Type). Semigroup (t :: Type) => (t :: Type) -> (t :: Type)
  trivia: Try adding a type signature.
