---
source: tests-integration/src/fixtures.rs
assertion_line: 256
expression: ssa_report
---
@export constructor None/0;

@export constructor Some/1;

@export constructor Box/1;

@export function multiEquation($choice) {
  entry() {
    case$0();
  }
  case$0() {
    const matches = pattern.constructor($choice, None);
    if (matches) {
      match$success();
    } else {
      case$1();
    }
  }
  case$1() {
    const matches$1 = pattern.constructor($choice, Some);
    if (matches$1) {
      match$success$1();
    } else {
      case$failure();
    }
  }
  case$failure() {
    throw patternMatchFailure();
  }
  case$join(result) {
    return result;
  }
  match$success() {
    const literal = 0;
    case$join(literal);
  }
  match$success$1() {
    const value = pattern.argument($choice, Some, 0);
    case$join(value);
  }
}

@export function mixedArity($boolean, $int) {
  entry() {
    case$0();
  }
  case$0() {
    const matches = pattern.literal($boolean, true);
    if (matches) {
      match$success();
    } else {
      case$1();
    }
  }
  case$1() {
    const matches$1 = pattern.literal($boolean, false);
    if (matches$1) {
      match$success$1();
    } else {
      case$failure();
    }
  }
  case$failure() {
    throw patternMatchFailure();
  }
  case$join(result) {
    return result;
  }
  match$success() {
    const closure = closure(mixedArity$closure);
    const call = source.call(closure, $int);
    case$join(call);
  }
  match$success$1() {
    case$join($int);
  }
}

@export function singleConstructor($box) {
  entry() {
    const matches = pattern.constructor($box, Box);
    if (matches) {
      match$success();
    } else {
      parameter$failure();
    }
  }
  parameter$failure() {
    throw patternMatchFailure();
  }
  match$success() {
    const value = pattern.argument($box, Box, 0);
    return value;
  }
}

@export function singleWildcards($int, $int$1) {
  entry() {
    const literal = true;
    return literal;
  }
}

@export function functionWildcard($function) {
  entry() {
    const literal = 0;
    return literal;
  }
}

@export function rigidWildcard($value) {
  entry() {
    const literal = true;
    return literal;
  }
}

@export function namedPattern(record) {
  entry() {
    const value = record.value;
    return record;
  }
}

@export function capture(captured, $boolean) {
  entry() {
    return captured;
  }
}

closure mixedArity$closure[](value) {
  entry() {
    return value;
  }
}
