---
source: tests-integration/src/fixtures.rs
assertion_line: 50
expression: report
---
Terms
Box :: Prim.Int -> Main.Box

Types
Box :: Prim.Type

Derived
derive Data.Generic.Rep.Generic Main.Box

Roles
Box = []

Diagnostics
error[DeriveInvalidArity]: Invalid arity for derive: expected 2, got 1
  --> 7:1..7:28
  |
7 | derive instance Generic Box
  | ^~~~~~~~~~~~~~~~~~~~~~~~~~~
error[CannotUnify]: Cannot unify 'Type -> Constraint' with 'Constraint'
  --> 7:1..7:28
  |
7 | derive instance Generic Box
  | ^~~~~~~~~~~~~~~~~~~~~~~~~~~
error[DeriveInvalidArity]: Invalid arity for derive: expected 2, got 1
  --> 7:1..7:28
  |
7 | derive instance Generic Box
  | ^~~~~~~~~~~~~~~~~~~~~~~~~~~
