---
source: tests-integration/tests/functional.rs
expression: report
---
@export constructor Empty/0

@export constructor One/1

@export constructor Pair/2

@export constructor Outer/1

@export first = \$choice%0 ->
  case $choice%0 of
    Empty ->
      Empty
    One value%1 ->
      One value%1
    whole%2@(Pair left%3 _) ->
      case whole%2 of
        Pair _ _ ->
          One left%3
        _ ->
          Empty

@export unwrap = \value%4 -> value%4

@export nested = \$nested%5 ->
  case $nested%5 of
    Outer (One value%6) ->
      One value%6
    _ ->
      Empty

@export bind = \value%8 continuation%7 -> continuation%7 value%8

@export ordinaryBind = \identity%9 -> bind identity%9 (\value%10 -> value%10)
