---
source: tests-integration/src/fixtures.rs
assertion_line: 68
expression: report
---
bound :: Effect Int
bound = bind @Int @Int (pure @Int 1) \value -> pure @Int value

discarded :: Effect String
discarded = discard @Int @String (pure @Int 1) \_ -> pure @String "done"

withLet :: Effect Int
withLet =
  bind @Int @Int (pure @Int 1) \value -> let
    next :: Int
    next = value
  in
    pure @Int next

nested :: Effect Int
nested =
  bind @Int @Int (bind @Int @Int (pure @Int 1) \inner -> pure @Int inner) \value -> pure @Int value
