---
source: tests-integration/src/fixtures.rs
assertion_line: 50
expression: report
---
Terms
Tagged ::
  forall (k :: Prim.Type) (@t :: (k :: Prim.Type)) (@a :: Prim.Type).
    (a :: Prim.Type) -> Main.Tagged @(k :: Prim.Type) (t :: (k :: Prim.Type)) (a :: Prim.Type)

Types
Tagged :: forall (k :: Prim.Type). (k :: Prim.Type) -> Prim.Type -> Prim.Type

Roles
Tagged = [Phantom, Representational]
