---
source: tests-integration/src/fixtures.rs
assertion_line: 134
expression: report
---
CompletionAtEndOfFile at Position { line: 6, character: 40 }

```
  , Just secondGuard <- secondArgument =
-- completion eof
```

╭──────────────────┬────────────────┬─────────────────────┬──────────────────┬──────────────────┬───────────────────────────────────────────────────────────────────────────┬─────────────┬─────────────────────────╮
│  label           │  label_detail  │  label_description  │  sort_text       │  filter_text     │  detail                                                                   │  text_edit  │  additional_text_edits  │
├──────────────────┼────────────────┼─────────────────────┼──────────────────┼──────────────────┼───────────────────────────────────────────────────────────────────────────┼─────────────┼─────────────────────────┤
│  firstArgument   │   ...          │  Local              │  firstArgument   │  firstArgument   │  ...                                                                      │  ...        │  ...                    │
├──────────────────┼────────────────┼─────────────────────┼──────────────────┼──────────────────┼───────────────────────────────────────────────────────────────────────────┼─────────────┼─────────────────────────┤
│  secondArgument  │   ...          │  Local              │  secondArgument  │  secondArgument  │  ...                                                                      │  ...        │  ...                    │
├──────────────────┼────────────────┼─────────────────────┼──────────────────┼──────────────────┼───────────────────────────────────────────────────────────────────────────┼─────────────┼─────────────────────────┤
│  Nothing         │   ...          │  Local              │  Nothing         │  Nothing         │  Nothing :: forall (@a :: Type). Maybe (a :: Type)                        │  ...        │  ...                    │
├──────────────────┼────────────────┼─────────────────────┼──────────────────┼──────────────────┼───────────────────────────────────────────────────────────────────────────┼─────────────┼─────────────────────────┤
│  check           │   ...          │  Local              │  check           │  check           │  check ::                                                                 │  ...        │  ...                    │
│                  │                │                     │                  │                  │    forall (t0 :: Type) (t1 :: Type) (t2 :: Type).                         │             │                         │
│                  │                │                     │                  │                  │      Partial => Maybe (t0 :: Type) -> Maybe (t1 :: Type) -> (t2 :: Type)  │             │                         │
├──────────────────┼────────────────┼─────────────────────┼──────────────────┼──────────────────┼───────────────────────────────────────────────────────────────────────────┼─────────────┼─────────────────────────┤
│  Just            │   ...          │  Local              │  Just            │  Just            │  Just :: forall (@a :: Type). (a :: Type) -> Maybe (a :: Type)            │  ...        │  ...                    │
╰──────────────────┴────────────────┴─────────────────────┴──────────────────┴──────────────────┴───────────────────────────────────────────────────────────────────────────┴─────────────┴─────────────────────────╯
