---
source: tests-integration/src/fixtures.rs
assertion_line: 280
expression: diagnostics_report
---
Terms
partialConditional :: Alexandrite.StyleX.Style -> Alexandrite.StyleX.Style

Types

Backend Diagnostics
Error! · [FunctionalCodegen] · Main.purs:5:1
  •
  │
  • Alexandrite.StyleX.conditional must be used as a direct, saturated intrinsic call
  │
  │   partialConditional :: Style -> Style
  │   ╰───────────────────────────────────
  •
