---
source: tests-integration/tests/nbe.rs
assertion_line: 14
expression: report
---
@export constructor Box/1

@export liftApplicative = \applicativeFunctorDict%0 ->
  \function%1 value%2 ->
    applicativeFunctorDict%0."Apply0".apply (applicativeFunctorDict%0.pure function%1) value%2

@export applyMonad = \monadMonadDict%3 ->
  \functions%4 values%6 ->
    monadMonadDict%3."Bind1".bind functions%4
      (\function%5 ->
        monadMonadDict%3."Bind1".bind values%6
          (\value%7 -> monadMonadDict%3."Applicative0".pure (function%5 value%7)))

@export instance functorBox = { map: liftApplicative applicativeBox }

@export instance applyBox = { "Functor0": functorBox, apply: applyMonad monadBox }

@export instance applicativeBox = { "Apply0": applyBox, pure: Box }

@export instance bindBox = {
  "Apply0": applyBox,
  bind: \$box%10@(Box value%9) continuation%8 -> continuation%8 value%9
}

@export instance monadBox = { "Applicative0": applicativeBox, "Bind1": bindBox }

@export result = case functorBox.map (\value%11 -> value%11) (Box 42) of
  Box value%12 ->
    value%12
