---
source: tests-integration/src/fixtures.rs
assertion_line: 68
expression: report
---
data Pair :: Prim.Type -> Prim.Type -> Prim.Type
data Pair @a @b
  | Pair :: a -> Prim.Int -> b -> Main.Pair a b

dictionary bifunctorPair :: Data.Bifunctor.Bifunctor Main.Pair where
  bimap :: forall (a :: Prim.Type) (b :: Prim.Type) (c :: Prim.Type) (d :: Prim.Type).
  (a -> b) -> (c -> d) -> Main.Pair a c -> Main.Pair b d
  bimap = \firstFunction secondFunction value ->
    case value of
      (Pair field0 field1 field2) -> Pair @b @d (firstFunction field0) field1
        (secondFunction field2)

dictionary bitraversablePair :: Data.Bitraversable.Bitraversable Main.Pair where
  superclass bifunctorDict = bifunctorPair
  superclass bifoldableDict = <instance>
  bitraverse :: forall (f :: Prim.Type -> Prim.Type) (a :: Prim.Type) (b :: Prim.Type) (c :: Prim.Type)
  (d :: Prim.Type).
  Control.Applicative.Applicative f =>
  (a -> f c) -> (b -> f d) -> Main.Pair a b -> f (Main.Pair c d)
  bitraverse = \{applicativeDict} ->
    \firstFunction secondFunction value ->
      case value of
        (Pair field0 field1 field2) -> apply @f {applicativeDict.applyDict} @d @(Main.Pair c d)
          (map @f {applicativeDict.applyDict.functorDict} @c @(d -> Main.Pair c d)
            (\field0Result field2Result -> Pair @c @d field0Result field1 field2Result)
            (firstFunction field0))
          (secondFunction field2)
  bisequence :: forall (f :: Prim.Type -> Prim.Type) (a :: Prim.Type) (b :: Prim.Type).
  Control.Applicative.Applicative f => Main.Pair (f a) (f b) -> f (Main.Pair a b)
  bisequence = \{applicativeDict} ->
    \value ->
      bitraverse @Main.Pair {bitraversablePair} @f @(f a) @(f b) @a @b {applicativeDict}
        (\effect0 -> effect0)
        (\effect1 -> effect1)
        value
