---
source: tests-integration/src/fixtures.rs
assertion_line: 286
expression: report
---
Terms
ReaderPair :: forall @a @b. a -> (Prim.Int -> b) -> Main.ReaderPair a b

Types
ReaderPair :: Prim.Type -> Prim.Type -> Prim.Type

Derived
derive Data.Bifoldable.Bifoldable Main.ReaderPair

Roles
ReaderPair = [Representational, Representational]

Diagnostics
Error! · [CannotDeriveForType] · Main.purs:6:1
  •
  │
  • Cannot derive for type: Int -> t0
  │
  │   derive instance Bifoldable ReaderPair
  │   ╰────────────────────────────────────
  •
