---
source: tests-integration/src/fixtures.rs
assertion_line: 286
expression: report
---
Terms
show :: forall @a. Main.Show a => a -> Prim.String

Types
Show :: Prim.Type -> Prim.Constraint

Classes
class forall (a :: Prim.Type). Main.Show a
  show :: forall @a. Main.Show a => a -> Prim.String

Instances
instance Main.Show Prim.Int

Diagnostics
Error! · [TooManyBinders] · Main.purs:7:1
  •
  │
  • Too many binders: expected 1, got 2
  │
  │   instance Show Int where
  │   ╰──────────────────────
  •
