---
source: tests-integration/src/fixtures.rs
assertion_line: 50
expression: report
---
Terms
test :: Effect Int
test' :: forall (t :: Type -> Type). Applicative (t :: Type -> Type) => (t :: Type -> Type) Int

Types

Diagnostics
warning[InvalidFinalBind]: Invalid final bind statement in do expression
  --> 9:3..9:14
  |
9 |   x <- pure 1
  |   ^~~~~~~~~~~
warning[InvalidFinalBind]: Invalid final bind statement in do expression
  --> 12:3..12:14
   |
12 |   x <- pure 1
   |   ^~~~~~~~~~~
