---
source: tests-integration/src/fixtures.rs
assertion_line: 50
expression: report
---
Terms

Types

Derived
derive forall (t :: Type). Newtype @Type Wrapper (t :: Type)

Diagnostics
error[NonLocalNewtype]: Expected a local newtype, got: Wrapper
  --> 6:1..6:34
  |
6 | derive instance Newtype Wrapper _
  | ^~~~~~~~~~~~~~~~~~~~~~~~~~~~~~~~~
