---
source: tests-integration/src/fixtures.rs
assertion_line: 307
expression: diagnostics_report
---
Error! · [CannotUnify] · Main.purs:6:25
  •
  │
  • Cannot unify 'Type' with 'Type -> Type'
  │
  │   derive instance Functor (Pair Int String)
  │                           ╰────────────────
  •

Error! · [CannotUnify] · Main.purs:9:25
  •
  │
  • Cannot unify 'Type' with 'Type -> Type'
  │
  │   derive instance Functor Unit
  │                           ╰───
  •

Error! · [CannotDeriveForType] · Main.purs:6:1
  •
  │
  • Cannot derive for type: Pair Int String
  │
  │   derive instance Functor (Pair Int String)
  │   ╰────────────────────────────────────────
  •

Error! · [CannotDeriveForType] · Main.purs:9:1
  •
  │
  • Cannot derive for type: Unit
  │
  │   derive instance Functor Unit
  │   ╰───────────────────────────
  •

Error! · [FunctionalCodegen] · Main.purs:1:1
  •
  │
  • checked instance declaration is missing
  │
  │   module Main where
  │   ╰────────────────
  •
