---
source: tests-integration/src/fixtures.rs
assertion_line: 134
expression: report
---
Rename at Position { line: 4, character: 15 }

```
renameArgument argument =
--             /
```

```diff
--- Main.purs
+++ Main.purs
@@ -2,10 +2,10 @@

 data Maybe a = Just a | Nothing

-renameArgument argument =
+renameArgument renamed =
 --             /
-  let shadowed = argument
-  in argument
+  let shadowed = renamed
+  in renamed
 --   ?

 renameLet input =
```


PrepareRename at Position { line: 7, character: 5 }

```
  in argument
--   ?
```

7:5..7:13 argument


Rename at Position { line: 14, character: 5 }

```
  in local (Just input)
--   /
```

```diff
--- Main.purs
+++ Main.purs
@@ -9,10 +9,10 @@
 --   ?

 renameLet input =
-  let local :: Maybe Int -> Int
-      local (Just item) = item
-      local Nothing = input
-  in local (Just input)
+  let renamed :: Maybe Int -> Int
+      renamed (Just item) = item
+      renamed Nothing = input
+  in renamed (Just input)
 --   /

 renameNamed whole@(Just item) = whole
```


Rename at Position { line: 17, character: 12 }

```
renameNamed whole@(Just item) = whole
--          /
```

```diff
--- Main.purs
+++ Main.purs
@@ -15,7 +15,7 @@
   in local (Just input)
 --   /

-renameNamed whole@(Just item) = whole
+renameNamed renamed@(Just item) = renamed
 --          /

 renamePun { field } = field
```


Rename at Position { line: 20, character: 12 }

```
renamePun { field } = field
--          /
```

```diff
--- Main.purs
+++ Main.purs
@@ -18,7 +18,7 @@
 renameNamed whole@(Just item) = whole
 --          /

-renamePun { field } = field
+renamePun { field: renamed } = renamed
 --          /

 punReference value = { value }
```


Rename at Position { line: 23, character: 23 }

```
punReference value = { value }
--                     /
```

```diff
--- Main.purs
+++ Main.purs
@@ -21,7 +21,7 @@
 renamePun { field } = field
 --          /

-punReference value = { value }
+punReference renamed = { value: renamed }
 --                     /

 renamePun' { renamed: original } = original
```


Rename at Position { line: 26, character: 22 }

```
renamePun' { renamed: original } = original
--                    /
```

```diff
--- Main.purs
+++ Main.purs
@@ -24,7 +24,7 @@
 punReference value = { value }
 --                     /

-renamePun' { renamed: original } = original
+renamePun' { renamed } = renamed
 --                    /

 punReference' original = { renamed: original }
```


Rename at Position { line: 29, character: 36 }

```
punReference' original = { renamed: original }
--                                  /
```

```diff
--- Main.purs
+++ Main.purs
@@ -27,5 +27,5 @@
 renamePun' { renamed: original } = original
 --                    /

-punReference' original = { renamed: original }
+punReference' renamed = { renamed }
 --                                  /
```
