---
source: tests-integration/src/fixtures.rs
assertion_line: 50
expression: report
---
Terms
Tuple ::
  forall (@a :: Prim.Type) (@b :: Prim.Type).
    (a :: Prim.Type) -> (b :: Prim.Type) -> Main.Tuple (a :: Prim.Type) (b :: Prim.Type)
test1 :: Main.Identity @(Prim.Type -> Prim.Type) Prim.Array Prim.Int
test2 :: Main.Identity @(Prim.Type -> Prim.Type -> Prim.Type) Main.Tuple Prim.Int Prim.String
forceSolve :: { test1 :: Prim.Array Prim.Int, test2 :: Main.Tuple Prim.Int Prim.String }

Types
Identity :: forall (k :: Prim.Type). (k :: Prim.Type) -> (k :: Prim.Type)
Tuple :: Prim.Type -> Prim.Type -> Prim.Type

Synonyms
type Identity a = (a :: (k :: Prim.Type))

Roles
Tuple = [Representational, Representational]
