---
source: tests-integration/src/fixtures.rs
assertion_line: 50
expression: report
---
Terms
Identity :: forall @a. a -> Main.Identity a

Types
Identity :: Prim.Type -> Prim.Type

Derived
derive forall a. Data.Show.Show (Main.Identity a)

Roles
Identity = [Representational]

Diagnostics
error[NoInstanceFound]: No instance found for: Show a
  --> 7:1..7:42
  |
7 | derive newtype instance Show (Identity a)
  | ^~~~~~~~~~~~~~~~~~~~~~~~~~~~~~~~~~~~~~~~~
