---
source: tests-integration/src/fixtures.rs
assertion_line: 269
expression: ssa_report
---
@export function compareTwice(eqADict) {
  entry() {
    const closure = closure(compareTwice$closure, eqADict);
    return closure;
  }
}

@export function compareIntsTwice(left, right) {
  entry() {
    const eqInt = global(eqInt);
    const eq = eqInt.eq;
    const call = source.call(eq, left);
    const call$1 = source.call(call, right);
    if (call$1) {
      then();
    } else {
      else();
    }
  }
  then() {
    const eqInt$1 = global(eqInt);
    const eq$1 = eqInt$1.eq;
    const call$2 = source.call(eq$1, right);
    const call$3 = source.call(call$2, left);
    if$join(call$3);
  }
  else() {
    const literal = false;
    if$join(literal);
  }
  if$join(result) {
    return result;
  }
}

@export function compareArraysTwice(left, right) {
  entry() {
    const eqArray = global(eqArray);
    const eqInt = global(eqInt);
    const call = source.call(eqArray, eqInt);
    const eq = call.eq;
    const call$1 = source.call(eq, left);
    const call$2 = source.call(call$1, right);
    if (call$2) {
      then();
    } else {
      else();
    }
  }
  then() {
    const eq$1 = call.eq;
    const call$3 = source.call(eq$1, right);
    const call$4 = source.call(call$3, left);
    if$join(call$4);
  }
  else() {
    const literal = false;
    if$join(literal);
  }
  if$join(result) {
    return result;
  }
}

@export function compareArraysOnce(left, right) {
  entry() {
    const eqArray = global(eqArray);
    const eqInt = global(eqInt);
    const call = source.call(eqArray, eqInt);
    const eq = call.eq;
    const call$1 = source.call(eq, left);
    const call$2 = source.call(call$1, right);
    return call$2;
  }
}

@export function compareGenericArraysTwice(eqADict) {
  entry() {
    const closure = closure(compareGenericArraysTwice$closure, eqADict);
    return closure;
  }
}

@export function compareNestedArraysTwice(left, right, nestedLeft, nestedRight) {
  entry() {
    const eqArray = global(eqArray);
    const eqInt = global(eqInt);
    const call = source.call(eqArray, eqInt);
    const eqArray$1 = global(eqArray);
    const call$1 = source.call(eqArray$1, call);
    const eq = call$1.eq;
    const call$2 = source.call(eq, nestedLeft);
    const call$3 = source.call(call$2, nestedRight);
    if (call$3) {
      then();
    } else {
      else();
    }
  }
  then() {
    const eq$1 = call$1.eq;
    const call$4 = source.call(eq$1, nestedRight);
    const call$5 = source.call(call$4, nestedLeft);
    if$join(call$5);
  }
  else() {
    const eq$2 = call.eq;
    const call$6 = source.call(eq$2, left);
    const call$7 = source.call(call$6, right);
    if$join(call$7);
  }
  if$join(result) {
    return result;
  }
}

@export function distinctGivens(eqADict, eqBDict) {
  entry() {
    const closure = closure(distinctGivens$closure, eqADict, eqBDict);
    return closure;
  }
}

@export function distinctSubgoals(leftInt, rightInt, leftBoolean, rightBoolean) {
  entry() {
    const eqArray = global(eqArray);
    const eqInt = global(eqInt);
    const call = source.call(eqArray, eqInt);
    const eqArray$1 = global(eqArray);
    const eqBoolean = global(eqBoolean);
    const call$1 = source.call(eqArray$1, eqBoolean);
    const eq = call.eq;
    const call$2 = source.call(eq, leftInt);
    const call$3 = source.call(call$2, rightInt);
    if (call$3) {
      then();
    } else {
      else();
    }
  }
  then() {
    const eq$1 = call.eq;
    const call$4 = source.call(eq$1, rightInt);
    const call$5 = source.call(call$4, leftInt);
    if$join(call$5);
  }
  else() {
    const eq$2 = call$1.eq;
    const call$6 = source.call(eq$2, leftBoolean);
    const call$7 = source.call(call$6, rightBoolean);
    if (call$7) {
      then$1();
    } else {
      else$1();
    }
  }
  if$join(result) {
    return result;
  }
  then$1() {
    const eq$3 = call$1.eq;
    const call$8 = source.call(eq$3, rightBoolean);
    const call$9 = source.call(call$8, leftBoolean);
    if$join$1(call$9);
  }
  else$1() {
    const literal = false;
    if$join$1(literal);
  }
  if$join$1(result$1) {
    if$join(result$1);
  }
}

@export function compareArraysThrice(left, right) {
  entry() {
    const eqArray = global(eqArray);
    const eqInt = global(eqInt);
    const call = source.call(eqArray, eqInt);
    const eq = call.eq;
    const call$1 = source.call(eq, left);
    const call$2 = source.call(call$1, right);
    if (call$2) {
      then();
    } else {
      else();
    }
  }
  then() {
    const eq$1 = call.eq;
    const call$3 = source.call(eq$1, right);
    const call$4 = source.call(call$3, left);
    if (call$4) {
      then$1();
    } else {
      else$1();
    }
  }
  else() {
    const literal$1 = false;
    if$join(literal$1);
  }
  if$join(result) {
    return result;
  }
  then$1() {
    const eq$2 = call.eq;
    const call$5 = source.call(eq$2, left);
    const call$6 = source.call(call$5, right);
    if$join$1(call$6);
  }
  else$1() {
    const literal = false;
    if$join$1(literal);
  }
  if$join$1(result$1) {
    if$join(result$1);
  }
}

@export function compareNestedArraysWhole(left, right) {
  entry() {
    const eqArray = global(eqArray);
    const eqArray$1 = global(eqArray);
    const eqInt = global(eqInt);
    const call = source.call(eqArray$1, eqInt);
    const call$1 = source.call(eqArray, call);
    const eq = call$1.eq;
    const call$2 = source.call(eq, left);
    const call$3 = source.call(call$2, right);
    if (call$3) {
      then();
    } else {
      else();
    }
  }
  then() {
    const eq$1 = call$1.eq;
    const call$4 = source.call(eq$1, right);
    const call$5 = source.call(call$4, left);
    if$join(call$5);
  }
  else() {
    const literal = false;
    if$join(literal);
  }
  if$join(result) {
    return result;
  }
}

@export function compareSuperclassArraysTwice(orderedADict) {
  entry() {
    const closure = closure(compareSuperclassArraysTwice$closure, orderedADict);
    return closure;
  }
}

@export function compareSuperclassTwice(orderedADict) {
  entry() {
    const closure = closure(compareSuperclassTwice$closure, orderedADict);
    return closure;
  }
}

@export function lambdaScope(left, right) {
  entry() {
    const eqArray = global(eqArray);
    const eqInt = global(eqInt);
    const call = source.call(eqArray, eqInt);
    const eq = call.eq;
    const call$1 = source.call(eq, left);
    const call$2 = source.call(call$1, right);
    if (call$2) {
      then();
    } else {
      else();
    }
  }
  then() {
    const closure = closure(lambdaScope$closure);
    const call$3 = source.call(closure, left);
    const call$4 = source.call(call$3, right);
    if$join(call$4);
  }
  else() {
    const literal = false;
    if$join(literal);
  }
  if$join(result) {
    return result;
  }
}

@export function whereIsolation(left, right) {
  entry() {
    const closure = closure(whereIsolation$closure);
    const call = source.call(closure, left);
    const call$1 = source.call(call, right);
    if (call$1) {
      then();
    } else {
      else();
    }
  }
  then() {
    const eqArray = global(eqArray);
    const eqInt = global(eqInt);
    const call$2 = source.call(eqArray, eqInt);
    const eq = call$2.eq;
    const call$3 = source.call(eq, left);
    const call$4 = source.call(call$3, right);
    if$join(call$4);
  }
  else() {
    const literal = false;
    if$join(literal);
  }
  if$join(result) {
    return result;
  }
}

@export function equationScope($boolean, $array, $array$1) {
  entry() {
    const eqArray = global(eqArray);
    const eqInt = global(eqInt);
    const call = source.call(eqArray, eqInt);
    case$0();
  }
  case$0() {
    const matches = pattern.literal($boolean, true);
    if (matches) {
      match$success();
    } else {
      case$1();
    }
  }
  case$1() {
    const matches$1 = pattern.literal($boolean, false);
    if (matches$1) {
      match$success$1();
    } else {
      case$failure();
    }
  }
  case$failure() {
    throw patternMatchFailure();
  }
  case$join(result) {
    return result;
  }
  match$success() {
    const eq = call.eq;
    const call$1 = source.call(eq, $array);
    const call$2 = source.call(call$1, $array$1);
    case$join(call$2);
  }
  match$success$1() {
    const eq$1 = call.eq;
    const call$3 = source.call(eq$1, $array$1);
    const call$4 = source.call(call$3, $array);
    case$join(call$4);
  }
}

@export const firstComparison = initialize {
  entry() {
    const eqInt = global(eqInt);
    const eq = eqInt.eq;
    const literal = 1;
    const call = source.call(eq, literal);
    const literal$1 = 2;
    const call$1 = source.call(call, literal$1);
    return call$1;
  }
}

@export const secondComparison = initialize {
  entry() {
    const eqInt = global(eqInt);
    const eq = eqInt.eq;
    const literal = 3;
    const call = source.call(eq, literal);
    const literal$1 = 4;
    const call$1 = source.call(call, literal$1);
    return call$1;
  }
}

closure compareTwice$closure[eqADict](left, right) {
  entry() {
    const eq = eqADict.eq;
    const call = source.call(eq, left);
    const call$1 = source.call(call, right);
    if (call$1) {
      then();
    } else {
      else();
    }
  }
  then() {
    const eq$1 = eqADict.eq;
    const call$2 = source.call(eq$1, right);
    const call$3 = source.call(call$2, left);
    if$join(call$3);
  }
  else() {
    const literal = false;
    if$join(literal);
  }
  if$join(result) {
    return result;
  }
}

closure compareGenericArraysTwice$closure[eqADict](left, right) {
  entry() {
    const eqArray = global(eqArray);
    const call = source.call(eqArray, eqADict);
    const eq = call.eq;
    const call$1 = source.call(eq, left);
    const call$2 = source.call(call$1, right);
    if (call$2) {
      then();
    } else {
      else();
    }
  }
  then() {
    const eq$1 = call.eq;
    const call$3 = source.call(eq$1, right);
    const call$4 = source.call(call$3, left);
    if$join(call$4);
  }
  else() {
    const literal = false;
    if$join(literal);
  }
  if$join(result) {
    return result;
  }
}

closure distinctGivens$closure[eqADict, eqBDict](leftA, rightA, leftB, rightB) {
  entry() {
    const eqArray = global(eqArray);
    const call = source.call(eqArray, eqADict);
    const eqArray$1 = global(eqArray);
    const call$1 = source.call(eqArray$1, eqBDict);
    const eq = call.eq;
    const call$2 = source.call(eq, leftA);
    const call$3 = source.call(call$2, rightA);
    if (call$3) {
      then();
    } else {
      else();
    }
  }
  then() {
    const eq$1 = call.eq;
    const call$4 = source.call(eq$1, rightA);
    const call$5 = source.call(call$4, leftA);
    if$join(call$5);
  }
  else() {
    const eq$2 = call$1.eq;
    const call$6 = source.call(eq$2, leftB);
    const call$7 = source.call(call$6, rightB);
    if (call$7) {
      then$1();
    } else {
      else$1();
    }
  }
  if$join(result) {
    return result;
  }
  then$1() {
    const eq$3 = call$1.eq;
    const call$8 = source.call(eq$3, rightB);
    const call$9 = source.call(call$8, leftB);
    if$join$1(call$9);
  }
  else$1() {
    const literal = false;
    if$join$1(literal);
  }
  if$join$1(result$1) {
    if$join(result$1);
  }
}

closure compareSuperclassArraysTwice$closure[orderedADict](left, right) {
  entry() {
    const eqArray = global(eqArray);
    const Eq0 = orderedADict.Eq0;
    const evidence = evidence.trivial;
    const call = source.call(Eq0, evidence);
    const call$1 = source.call(eqArray, call);
    const eq = call$1.eq;
    const call$2 = source.call(eq, left);
    const call$3 = source.call(call$2, right);
    if (call$3) {
      then();
    } else {
      else();
    }
  }
  then() {
    const eq$1 = call$1.eq;
    const call$4 = source.call(eq$1, right);
    const call$5 = source.call(call$4, left);
    if$join(call$5);
  }
  else() {
    const literal = false;
    if$join(literal);
  }
  if$join(result) {
    return result;
  }
}

closure compareSuperclassTwice$closure[orderedADict](left, right) {
  entry() {
    const Eq0 = orderedADict.Eq0;
    const evidence = evidence.trivial;
    const call = source.call(Eq0, evidence);
    const eq = call.eq;
    const call$1 = source.call(eq, left);
    const call$2 = source.call(call$1, right);
    if (call$2) {
      then();
    } else {
      else();
    }
  }
  then() {
    const eq$1 = call.eq;
    const call$3 = source.call(eq$1, right);
    const call$4 = source.call(call$3, left);
    if$join(call$4);
  }
  else() {
    const literal = false;
    if$join(literal);
  }
  if$join(result) {
    return result;
  }
}

closure lambdaScope$closure[](lambdaLeft, lambdaRight) {
  entry() {
    const eqArray = global(eqArray);
    const eqInt = global(eqInt);
    const call = source.call(eqArray, eqInt);
    const eq = call.eq;
    const call$1 = source.call(eq, lambdaLeft);
    const call$2 = source.call(call$1, lambdaRight);
    if (call$2) {
      then();
    } else {
      else();
    }
  }
  then() {
    const eq$1 = call.eq;
    const call$3 = source.call(eq$1, lambdaRight);
    const call$4 = source.call(call$3, lambdaLeft);
    if$join(call$4);
  }
  else() {
    const literal = false;
    if$join(literal);
  }
  if$join(result) {
    return result;
  }
}

closure whereIsolation$closure[](helperLeft, helperRight) {
  entry() {
    const eqArray = global(eqArray);
    const eqInt = global(eqInt);
    const call = source.call(eqArray, eqInt);
    const eq = call.eq;
    const call$1 = source.call(eq, helperLeft);
    const call$2 = source.call(call$1, helperRight);
    return call$2;
  }
}
