---
source: tests-integration/tests/nbe.rs
assertion_line: 14
expression: report
---
@export foreign equalInt

@export foreign lessThanInt

@export instance equalInt1 = { equal: equalInt }

@export instance orderedInt = { "Equal0": equalInt1, lessThan: lessThanInt }

@export genericEqual = \equalADict%0 -> \left%1 right%2 -> equalADict%0.equal left%1 right%2

@export concreteEqual = equalInt1.equal 1 2

@export concreteLessThan = orderedInt.lessThan 1 2

@export superclassEqual = \orderedADict%3 ->
  \left%4 right%5 -> orderedADict%3."Equal0".equal left%4 right%5
