---
source: tests-integration/src/fixtures.rs
assertion_line: 256
expression: ssa_report
---
@export foreign const equalInt;

@export foreign const lessThanInt;

@export instance const equalInt1 = initialize {
  entry() {
    const equalInt = global(equalInt);
    const record = { equal: equalInt };
    return record;
  }
}

@export instance const orderedInt = initialize {
  entry() {
    const equalInt1 = global(equalInt1);
    const lessThanInt = global(lessThanInt);
    const record = { superclass17: equalInt1, lessThan: lessThanInt };
    return record;
  }
}

@export function genericEqual(equalADict) {
  entry() {
    const closure = closure(genericEqual$closure, equalADict);
    return closure;
  }
}

@export const concreteEqual = initialize {
  entry() {
    const equalInt1 = global(equalInt1);
    const equal = equalInt1.equal;
    const literal = 1;
    const call = source.call(equal, literal);
    const literal$1 = 2;
    const call$1 = source.call(call, literal$1);
    return call$1;
  }
}

@export const concreteLessThan = initialize {
  entry() {
    const orderedInt = global(orderedInt);
    const lessThan = orderedInt.lessThan;
    const literal = 1;
    const call = source.call(lessThan, literal);
    const literal$1 = 2;
    const call$1 = source.call(call, literal$1);
    return call$1;
  }
}

@export function superclassEqual(orderedADict) {
  entry() {
    const closure = closure(superclassEqual$closure, orderedADict);
    return closure;
  }
}

closure genericEqual$closure[equalADict](left, right) {
  entry() {
    const equal = equalADict.equal;
    const call = source.call(equal, left);
    const call$1 = source.call(call, right);
    return call$1;
  }
}

closure superclassEqual$closure[orderedADict](left, right) {
  entry() {
    const superclass17 = orderedADict.superclass17;
    const equal = superclass17.equal;
    const call = source.call(equal, left);
    const call$1 = source.call(call, right);
    return call$1;
  }
}
