---
source: tests-integration/src/fixtures.rs
assertion_line: 307
expression: diagnostics_report
---
Error! · [NonLocalNewtype] · Main.purs:6:1
  •
  │
  • Expected a local newtype, got: Wrapper
  │
  │   derive instance Newtype Wrapper _
  │   ╰────────────────────────────────
  •

Error! · [FunctionalCodegen] · Main.purs:1:1
  •
  │
  • checked instance declaration is missing
  │
  │   module Main where
  │   ╰────────────────
  •
