---
source: tests-integration/src/fixtures.rs
assertion_line: 50
expression: report
---
Terms
Age :: Prim.Int -> Main.Age
coerceFn :: (Main.Age -> Prim.Int) -> Prim.Int -> Main.Age
over ::
  forall (t :: Prim.Type) (a :: Prim.Type) (s :: Prim.Type) (b :: Prim.Type).
    Data.Newtype.Newtype @Prim.Type (t :: Prim.Type) (a :: Prim.Type) =>
    Data.Newtype.Newtype @Prim.Type (s :: Prim.Type) (b :: Prim.Type) =>
    ((a :: Prim.Type) -> (t :: Prim.Type)) ->
    ((a :: Prim.Type) -> (b :: Prim.Type)) ->
    (t :: Prim.Type) ->
    (s :: Prim.Type)
under ::
  forall (t :: Prim.Type) (a :: Prim.Type) (s :: Prim.Type) (b :: Prim.Type).
    Data.Newtype.Newtype @Prim.Type (t :: Prim.Type) (a :: Prim.Type) =>
    Data.Newtype.Newtype @Prim.Type (s :: Prim.Type) (b :: Prim.Type) =>
    ((a :: Prim.Type) -> (t :: Prim.Type)) ->
    ((t :: Prim.Type) -> (s :: Prim.Type)) ->
    (a :: Prim.Type) ->
    (b :: Prim.Type)
alaF ::
  forall (t :: Prim.Type) (f :: Prim.Type -> Prim.Type) (g :: (t :: Prim.Type) -> Prim.Type)
    (t1 :: Prim.Type) (a :: Prim.Type) (s :: (t :: Prim.Type)) (b :: (t :: Prim.Type)).
    Prim.Coerce.Coercible @Prim.Type
      ((f :: Prim.Type -> Prim.Type) (t1 :: Prim.Type))
      ((f :: Prim.Type -> Prim.Type) (a :: Prim.Type)) =>
    Prim.Coerce.Coercible @Prim.Type
      ((g :: (t :: Prim.Type) -> Prim.Type) (s :: (t :: Prim.Type)))
      ((g :: (t :: Prim.Type) -> Prim.Type) (b :: (t :: Prim.Type))) =>
    Data.Newtype.Newtype @Prim.Type (t1 :: Prim.Type) (a :: Prim.Type) =>
    Data.Newtype.Newtype @(t :: Prim.Type) (s :: (t :: Prim.Type)) (b :: (t :: Prim.Type)) =>
    ((a :: Prim.Type) -> (t1 :: Prim.Type)) ->
    ((f :: Prim.Type -> Prim.Type) (t1 :: Prim.Type) ->
    (g :: (t :: Prim.Type) -> Prim.Type) (s :: (t :: Prim.Type))) ->
    (f :: Prim.Type -> Prim.Type) (a :: Prim.Type) ->
    (g :: (t :: Prim.Type) -> Prim.Type) (b :: (t :: Prim.Type))

Types
Age :: Prim.Type

Derived
derive Data.Newtype.Newtype @Prim.Type Main.Age Prim.Int

Roles
Age = []
