---
source: tests-integration/src/fixtures.rs
assertion_line: 68
expression: report
---
module Main where

data Choice (a :: Type) = Empty | One ((a :: Type)) | Pair ((a :: Type)) ((a :: Type))

newtype Wrapped (a :: Type) = Wrapped (Choice (a :: Type))

data Fix (f :: ((k :: Type) -> Type) -> (k :: Type) -> Type) (a :: (k :: Type)) = Fix ((f :: ((k :: Type) -> Type) -> (k :: Type) -> Type)
  (Fix @(k :: Type) (f :: ((k :: Type) -> Type) -> (k :: Type) -> Type))
  (a :: (k :: Type)))

bare :: forall (t :: Type). (t :: Type) -> Choice (t :: Type)
bare = One

nullary :: forall (t :: Type). Choice (t :: Type)
nullary = Empty

applied :: Choice Int
applied = One 1

partial :: Int -> Choice Int
partial = Pair 1

operatorApplied :: Choice Int
operatorApplied = Pair 1 2

operatorBare :: forall (t :: Type). (t :: Type) -> (t :: Type) -> Choice (t :: Type)
operatorBare = Pair

unwrapOne :: forall (t :: Type). Choice (t :: Type) -> (t :: Type)
unwrapOne = \One(value) -> value

unwrapPair :: forall (t :: Type). Choice (t :: Type) -> (t :: Type)
unwrapPair = \Pair(left, right) -> left

unwrapNested :: forall (t :: Type). Choice (Choice (t :: Type)) -> Choice (t :: Type)
unwrapNested = \Pair(first, Pair(second, third)) -> first

choose :: Choice Int -> Int
choose = \choice -> case choice of
  Empty -> 0
  One(value) -> value
  Pair(left, _) -> left

guarded :: Boolean -> Choice (Choice Int) -> Int
guarded = \condition choice -> case choice of
  One(nested)
    | condition, One(value) <- nested -> value
  Pair(left, right)
    | One(value) <- left -> value
    | One(value) <- right -> value
  _ -> 0

matchPartial :: forall (t :: Type). Partial => Choice (t :: Type) -> (t :: Type)
matchPartial = \@{dict0} -> \choice -> case choice of
  One(value) -> value

chooseNested :: Choice (Choice Int) -> Int
chooseNested = \choice -> case choice of
  One(nested) -> case nested of
    One(value) -> value
    Pair(left, _) -> left
    _ -> 0
  _ -> 0

wrapped :: forall (t :: Type). Wrapped (t :: Type)
wrapped = Wrapped Empty
