---
source: tests-integration/src/fixtures.rs
assertion_line: 286
expression: report
---
Terms

Types
Add :: Prim.Type -> Prim.Type -> Prim.Type
+ :: Prim.Type -> Prim.Type -> Prim.Type
Bad :: Prim.Type

Synonyms
type Add a b = a
type Bad = Main.Add Prim.Int "hello"

Diagnostics
Error! · [CannotUnify] · Main.purs:8:18
  •
  │
  • Cannot unify 'Symbol' with 'Type'
  │
  │   type Bad = Int + "hello"
  │                    ╰──────
  •
