---
source: tests-integration/src/fixtures.rs
assertion_line: 286
expression: report
---
Terms

Types
Bad :: ?[cannot apply function type]

Synonyms
type Bad = Prim.Int Prim.String

Diagnostics
Error! · [InvalidTypeApplication] · Main.purs:3:12
  •
  │
  • Cannot apply type 'Int' to 'String'. 'Int' has kind 'Type', which is not a function kind.
  │
  │   type Bad = Int String
  │              ╰─────────
  •

Error! · [CannotUnify] · Main.purs:3:12
  •
  │
  • Cannot unify 'Type' with '?[invalid kind]'
  │
  │   type Bad = Int String
  │              ╰─────────
  •
