---
source: tests-integration/src/fixtures.rs
assertion_line: 73
expression: report
---
module InvalidConstructor

Unqualified Imports:

Qualified Imports:

Exported Terms:

Exported Types:
  - Invalid

Exported Classes:

Local Terms:

Local Types:
  - Invalid

Local Classes:

Class Members:

Errors:
