---
source: tests-integration/src/fixtures.rs
assertion_line: 39
expression: report
---
Terms
Hours :: DurationComponent
Minutes :: DurationComponent
Seconds :: DurationComponent
Duration :: DurationComponent -> Int -> Duration

Types
DurationComponent :: Type
Duration :: Type

Derived
derive Eq Duration
derive Eq DurationComponent

Roles
DurationComponent = []
Duration = []
