---
source: tests-integration/src/fixtures.rs
assertion_line: 50
expression: report
---
Terms
show :: forall (@a :: Prim.Type). Main.Show (a :: Prim.Type) => (a :: Prim.Type) -> Prim.String
Box :: forall (@a :: Prim.Type). (a :: Prim.Type) -> Main.Box (a :: Prim.Type)

Types
Show :: Prim.Type -> Prim.Constraint
Box :: Prim.Type -> Prim.Type

Classes
class forall (a :: Prim.Type). Main.Show (a :: Prim.Type)
  show :: forall (@a :: Prim.Type). Main.Show (a :: Prim.Type) => (a :: Prim.Type) -> Prim.String

Instances
instance forall (t :: Prim.Type). Main.Show (Main.Box (t :: Prim.Type))

Roles
Box = [Representational]

Diagnostics
error[NoInstanceFound]: No instance found for: Show (t :: Type)
  --> 9:1..11:24
  |
9 | instance Show (Box a) where
  | ^~~~~~~~~~~~~~~~~~~~~~~~~~~
