---
source: tests-integration/src/fixtures.rs
assertion_line: 39
expression: report
---
Terms
reflectKind ::
  forall (k :: Type) (@a :: (k :: Type)) (p :: (k :: Type) -> Type).
    HasKind @(k :: Type) (a :: (k :: Type)) =>
    (p :: (k :: Type) -> Type) (a :: (k :: Type)) -> String

Types
HasKind :: forall (k :: Type). (k :: Type) -> Constraint

Classes
class forall (k :: Type) (a :: (k :: Type)). HasKind @(k :: Type) (a :: (k :: Type))
  reflectKind ::
  forall (k :: Type) (@a :: (k :: Type)) (p :: (k :: Type) -> Type).
    HasKind @(k :: Type) (a :: (k :: Type)) =>
    (p :: (k :: Type) -> Type) (a :: (k :: Type)) -> String
