---
source: tests-integration/src/fixtures.rs
assertion_line: 68
expression: report
---
data Wrap ::
  forall (k0 :: Prim.Type) (k1 :: Prim.Type).
    (k0 -> Prim.Type) -> (k1 -> Prim.Type) -> k0 -> k1 -> Prim.Type
data Wrap @f @g @a @b
  | Wrap :: f a -> g b -> Main.Wrap f g a b

dictionary bifoldableWrap ::
  forall f g.
  { foldableDict :: Data.Foldable.Foldable f } =>
  { foldableDict1 :: Data.Foldable.Foldable g } =>
  Data.Bifoldable.Bifoldable (Main.Wrap @Prim.Type @Prim.Type f g)
  where
  bifoldr :: forall (a :: Prim.Type) (b :: Prim.Type) (c :: Prim.Type).
  (a -> c -> c) -> (b -> c -> c) -> c -> Main.Wrap @Prim.Type @Prim.Type f g a b -> c
  bifoldr = \@a -> \@b -> \@c ->
    \firstFunction secondFunction accumulator value ->
      case value of
        (Wrap field0 field1) -> foldr @f {foldableDict} @a @c
          (\element accumulator -> firstFunction element accumulator)
          (foldr @g {foldableDict1} @b @c
            (\element accumulator -> secondFunction element accumulator)
            accumulator
            field1)
          field0
  bifoldl :: forall (a :: Prim.Type) (b :: Prim.Type) (c :: Prim.Type).
  (c -> a -> c) -> (c -> b -> c) -> c -> Main.Wrap @Prim.Type @Prim.Type f g a b -> c
  bifoldl = \@a -> \@b -> \@c ->
    \firstFunction secondFunction accumulator value ->
      case value of
        (Wrap field0 field1) -> foldl @g {foldableDict1} @b @c
          (\accumulator element -> secondFunction accumulator element)
          (foldl @f {foldableDict} @a @c (\accumulator element -> firstFunction accumulator element)
            accumulator
            field0)
          field1
  bifoldMap :: forall (m :: Prim.Type) (a :: Prim.Type) (b :: Prim.Type).
  Data.Monoid.Monoid m => (a -> m) -> (b -> m) -> Main.Wrap @Prim.Type @Prim.Type f g a b -> m
  bifoldMap = \@m -> \@a -> \@b -> \{monoidDict} ->
    \firstFunction secondFunction value ->
      case value of
        (Wrap field0 field1) -> append @m {monoidDict.semigroupDict}
          (foldMap @f {foldableDict} @a @m {monoidDict} (\element -> firstFunction element) field0)
          (foldMap @g {foldableDict1} @b @m {monoidDict} (\element -> secondFunction element)
            field1)
