---
source: tests-integration/src/fixtures.rs
assertion_line: 50
expression: report
---
Terms
Pair ::
  forall (t :: Prim.Type) (@a :: Prim.Type) (@b :: (t :: Prim.Type)).
    (a :: Prim.Type) -> Main.Pair @(t :: Prim.Type) (a :: Prim.Type) (b :: (t :: Prim.Type))

Types
Pair :: forall (t :: Prim.Type). Prim.Type -> (t :: Prim.Type) -> Prim.Type

Derived
derive Data.Show.Show (Main.Pair @Prim.Type Prim.Int Prim.String)

Roles
Pair = [Representational, Phantom]
