---
source: tests-integration/src/fixtures.rs
assertion_line: 50
expression: report
---
Terms
Pair ::
  forall (t :: Type) (@a :: Type) (@b :: (t :: Type)).
    (a :: Type) -> Pair @(t :: Type) (a :: Type) (b :: (t :: Type))

Types
Pair :: forall (t :: Type). Type -> (t :: Type) -> Type

Derived
derive Show (Pair @Type Int String)

Roles
Pair = [Representational, Phantom]
