---
source: tests-integration/src/fixtures.rs
assertion_line: 286
expression: report
---
Terms
hole :: forall t0. t0

Types

Diagnostics
Error! · [TermHole] · Main.purs:3:8
  •
  │
  • Hole '?hole' has inferred type: t0
  │
  │   hole = ?hole
  │          ╰────
  • while
  │
  │   hole :: t0 is in scope
  •
