---
source: tests-integration/src/fixtures.rs
assertion_line: 50
expression: report
---
Terms

Types
Eq :: Prim.Type -> Prim.Constraint
TypeEq :: forall k. k -> k -> Prim.Constraint

Classes
class forall (a :: Prim.Type). Main.Eq a
class forall (k :: Prim.Type) (a :: k) (b :: k). Main.TypeEq @k (a :: k) (b :: k)

Instances
instance forall a. Main.Eq a => Main.Eq (Prim.Array a)
instance forall t0 (a :: t0). Main.TypeEq @t0 (a :: t0) (a :: t0)
