---
source: tests-integration/src/fixtures.rs
assertion_line: 99
expression: report
---
{
  "manifest": {
    "dependencies": {},
    "description": null,
    "license": null,
    "modules": [
      "Library",
      "Main"
    ],
    "name": "docs-fixture",
    "version": "0.0.0"
  },
  "modules": [
    {
      "documentation": "",
      "name": "Library",
      "terms": [],
      "types": [
        {
          "constructors": [],
          "documentation": "A documented foreign type.",
          "expansion": null,
          "instances": [],
          "kind": "Foreign",
          "members": [],
          "name": "LibraryType",
          "signature": {
            "reference": {
              "module": "Prim",
              "name": "Type",
              "package": null
            },
            "tag": "constructor"
          }
        }
      ]
    },
    {
      "documentation": "Main module documentation.",
      "name": "Main",
      "terms": [
        {
          "documentation": "A documented value.",
          "kind": "Value",
          "name": "answer",
          "signature": {
            "argument": {
              "reference": {
                "module": "Library",
                "name": "LibraryType",
                "package": "docs-fixture"
              },
              "tag": "constructor"
            },
            "result": {
              "reference": {
                "module": "Main",
                "name": "Choice",
                "package": "docs-fixture"
              },
              "tag": "constructor"
            },
            "tag": "function"
          }
        }
      ],
      "types": [
        {
          "constructors": [
            {
              "documentation": "",
              "kind": "Constructor",
              "name": "FirstChoice",
              "signature": {
                "reference": {
                  "module": "Main",
                  "name": "Choice",
                  "package": "docs-fixture"
                },
                "tag": "constructor"
              }
            },
            {
              "documentation": "",
              "kind": "Constructor",
              "name": "SecondChoice",
              "signature": {
                "reference": {
                  "module": "Main",
                  "name": "Choice",
                  "package": "docs-fixture"
                },
                "tag": "constructor"
              }
            }
          ],
          "documentation": "A documented data type.",
          "expansion": null,
          "instances": [
            {
              "documentation": "A documented instance.",
              "kind": "Instance",
              "name": "renderChoice",
              "signature": {
                "argument": {
                  "reference": {
                    "module": "Main",
                    "name": "Choice",
                    "package": "docs-fixture"
                  },
                  "tag": "constructor"
                },
                "function": {
                  "reference": {
                    "module": "Main",
                    "name": "Render",
                    "package": "docs-fixture"
                  },
                  "tag": "constructor"
                },
                "tag": "application"
              }
            }
          ],
          "kind": "Data",
          "members": [],
          "name": "Choice",
          "signature": {
            "reference": {
              "module": "Prim",
              "name": "Type",
              "package": null
            },
            "tag": "constructor"
          }
        },
        {
          "constructors": [],
          "documentation": "A documented synonym.",
          "expansion": {
            "reference": {
              "module": "Main",
              "name": "Choice",
              "package": "docs-fixture"
            },
            "tag": "constructor"
          },
          "instances": [],
          "kind": "Synonym",
          "members": [],
          "name": "ChoiceAlias",
          "signature": {
            "reference": {
              "module": "Prim",
              "name": "Type",
              "package": null
            },
            "tag": "constructor"
          }
        },
        {
          "constructors": [],
          "documentation": "A documented class.",
          "expansion": null,
          "instances": [
            {
              "documentation": "A documented instance.",
              "kind": "Instance",
              "name": "renderChoice",
              "signature": {
                "argument": {
                  "reference": {
                    "module": "Main",
                    "name": "Choice",
                    "package": "docs-fixture"
                  },
                  "tag": "constructor"
                },
                "function": {
                  "reference": {
                    "module": "Main",
                    "name": "Render",
                    "package": "docs-fixture"
                  },
                  "tag": "constructor"
                },
                "tag": "application"
              }
            }
          ],
          "kind": "Class",
          "members": [
            {
              "documentation": "A documented member.",
              "kind": "ClassMember",
              "name": "render",
              "signature": {
                "binder": {
                  "kind": {
                    "reference": {
                      "module": "Prim",
                      "name": "Type",
                      "package": null
                    },
                    "tag": "constructor"
                  },
                  "name": "a",
                  "visible": true
                },
                "body": {
                  "body": {
                    "argument": {
                      "kind": {
                        "reference": {
                          "module": "Prim",
                          "name": "Type",
                          "package": null
                        },
                        "tag": "constructor"
                      },
                      "name": "a",
                      "tag": "rigid"
                    },
                    "result": {
                      "reference": {
                        "module": "Prim",
                        "name": "String",
                        "package": null
                      },
                      "tag": "constructor"
                    },
                    "tag": "function"
                  },
                  "constraint": {
                    "argument": {
                      "kind": {
                        "reference": {
                          "module": "Prim",
                          "name": "Type",
                          "package": null
                        },
                        "tag": "constructor"
                      },
                      "name": "a",
                      "tag": "rigid"
                    },
                    "function": {
                      "reference": {
                        "module": "Main",
                        "name": "Render",
                        "package": "docs-fixture"
                      },
                      "tag": "constructor"
                    },
                    "tag": "application"
                  },
                  "tag": "constrained"
                },
                "tag": "forall"
              }
            }
          ],
          "name": "Render",
          "signature": {
            "argument": {
              "reference": {
                "module": "Prim",
                "name": "Type",
                "package": null
              },
              "tag": "constructor"
            },
            "result": {
              "reference": {
                "module": "Prim",
                "name": "Constraint",
                "package": null
              },
              "tag": "constructor"
            },
            "tag": "function"
          }
        }
      ]
    }
  ]
}
