---
source: tests-integration/src/fixtures.rs
assertion_line: 265
expression: diagnostics_report
---
Terms
equalInt :: Prim.Int -> Prim.Int -> Prim.Boolean
decrementInt :: Prim.Int -> Prim.Int
incrementInt :: Prim.Int -> Prim.Int
uncurriedTail :: Data.Function.Uncurried.Fn2 Prim.Int Prim.Int Prim.Int

Types
