---
source: tests-integration/src/fixtures.rs
assertion_line: 50
expression: report
---
Terms
identity ::
  forall (t :: Type) (@f :: (t :: Type) -> (t :: Type) -> Type) (a :: (t :: Type)).
    Category @(t :: Type) (f :: (t :: Type) -> (t :: Type) -> Type) =>
    (f :: (t :: Type) -> (t :: Type) -> Type) (a :: (t :: Type)) (a :: (t :: Type))

Types
Category :: forall (t :: Type). ((t :: Type) -> (t :: Type) -> Type) -> Constraint

Classes
class forall (t :: Type) (f :: (t :: Type) -> (t :: Type) -> Type). Category @(t :: Type) (f :: (t :: Type) -> (t :: Type) -> Type)
  identity ::
  forall (t :: Type) (@f :: (t :: Type) -> (t :: Type) -> Type) (a :: (t :: Type)).
    Category @(t :: Type) (f :: (t :: Type) -> (t :: Type) -> Type) =>
    (f :: (t :: Type) -> (t :: Type) -> Type) (a :: (t :: Type)) (a :: (t :: Type))

Instances
instance Category @Type Function
