---
source: tests-integration/src/fixtures.rs
assertion_line: 50
expression: report
---
Terms
identity ::
  forall (t :: Prim.Type) (@f :: (t :: Prim.Type) -> (t :: Prim.Type) -> Prim.Type).
    Main.Category @(t :: Prim.Type) (f :: (t :: Prim.Type) -> (t :: Prim.Type) -> Prim.Type) =>
    (forall (a :: (t :: Prim.Type)).
      (f :: (t :: Prim.Type) -> (t :: Prim.Type) -> Prim.Type)
        (a :: (t :: Prim.Type))
        (a :: (t :: Prim.Type)))

Types
Category ::
  forall (t :: Prim.Type). ((t :: Prim.Type) -> (t :: Prim.Type) -> Prim.Type) -> Prim.Constraint

Classes
class forall (t :: Prim.Type) (f :: (t :: Prim.Type) -> (t :: Prim.Type) -> Prim.Type). Main.Category @(t :: Prim.Type) (f :: (t :: Prim.Type) -> (t :: Prim.Type) -> Prim.Type)
  identity ::
  forall (t :: Prim.Type) (@f :: (t :: Prim.Type) -> (t :: Prim.Type) -> Prim.Type).
    Main.Category @(t :: Prim.Type) (f :: (t :: Prim.Type) -> (t :: Prim.Type) -> Prim.Type) =>
    (forall (a :: (t :: Prim.Type)).
      (f :: (t :: Prim.Type) -> (t :: Prim.Type) -> Prim.Type)
        (a :: (t :: Prim.Type))
        (a :: (t :: Prim.Type)))

Instances
instance Main.Category @Prim.Type Prim.Function
