---
source: tests-integration/src/fixtures.rs
assertion_line: 134
expression: report
---
Completion at Position { line: 2, character: 17 }

```
import Lib (class)
--               ^
```

╭────────────┬────────────────┬─────────────────────┬─────────────┬───────────────┬──────────────┬─────────────────────────╮
│  label     │  label_detail  │  label_description  │  sort_text  │  filter_text  │  text_edit   │  additional_text_edits  │
├────────────┼────────────────┼─────────────────────┼─────────────┼───────────────┼──────────────┼─────────────────────────┤
│  Foldable  │   ...          │  Lib                │  Foldable   │  Foldable     │  2:17..2:17  │  ...                    │
│            │                │                     │             │               │  ␠Foldable   │                         │
├────────────┼────────────────┼─────────────────────┼─────────────┼───────────────┼──────────────┼─────────────────────────┤
│  Functor   │   ...          │  Lib                │  Functor    │  Functor      │  2:17..2:17  │  ...                    │
│            │                │                     │             │               │  ␠Functor    │                         │
╰────────────┴────────────────┴─────────────────────┴─────────────┴───────────────┴──────────────┴─────────────────────────╯


Completion at Position { line: 5, character: 17 }

```
import Lib (class Foldable)
--               ^
```

╭────────────┬────────────────┬─────────────────────┬─────────────┬───────────────┬──────────────┬─────────────────────────╮
│  label     │  label_detail  │  label_description  │  sort_text  │  filter_text  │  text_edit   │  additional_text_edits  │
├────────────┼────────────────┼─────────────────────┼─────────────┼───────────────┼──────────────┼─────────────────────────┤
│  Foldable  │   ...          │  Lib                │  Foldable   │  Foldable     │  5:17..5:26  │  ...                    │
│            │                │                     │             │               │  ␠Foldable   │                         │
╰────────────┴────────────────┴─────────────────────┴─────────────┴───────────────┴──────────────┴─────────────────────────╯


Completion at Position { line: 8, character: 20 }

```
import Lib (class Fu)
--                  ^
```

╭────────────┬────────────────┬─────────────────────┬─────────────┬───────────────┬──────────────┬─────────────────────────╮
│  label     │  label_detail  │  label_description  │  sort_text  │  filter_text  │  text_edit   │  additional_text_edits  │
├────────────┼────────────────┼─────────────────────┼─────────────┼───────────────┼──────────────┼─────────────────────────┤
│  Foldable  │   ...          │  Lib                │  Foldable   │  Foldable     │  8:18..8:20  │  ...                    │
│            │                │                     │             │               │  Foldable    │                         │
├────────────┼────────────────┼─────────────────────┼─────────────┼───────────────┼──────────────┼─────────────────────────┤
│  Functor   │   ...          │  Lib                │  Functor    │  Functor      │  8:18..8:20  │  ...                    │
│            │                │                     │             │               │  Functor     │                         │
╰────────────┴────────────────┴─────────────────────┴─────────────┴───────────────┴──────────────┴─────────────────────────╯


Completion at Position { line: 11, character: 18 }

```
import Lib (class  Foldable)
--                ^
```

╭────────────┬────────────────┬─────────────────────┬─────────────┬───────────────┬────────────────┬─────────────────────────╮
│  label     │  label_detail  │  label_description  │  sort_text  │  filter_text  │  text_edit     │  additional_text_edits  │
├────────────┼────────────────┼─────────────────────┼─────────────┼───────────────┼────────────────┼─────────────────────────┤
│  Foldable  │   ...          │  Lib                │  Foldable   │  Foldable     │  11:18..11:27  │  ...                    │
│            │                │                     │             │               │  Foldable      │                         │
╰────────────┴────────────────┴─────────────────────┴─────────────┴───────────────┴────────────────┴─────────────────────────╯


Completion at Position { line: 14, character: 17 }

```
import Lib (class
--               ^
```

╭────────────┬────────────────┬─────────────────────┬─────────────┬───────────────┬────────────────┬─────────────────────────╮
│  label     │  label_detail  │  label_description  │  sort_text  │  filter_text  │  text_edit     │  additional_text_edits  │
├────────────┼────────────────┼─────────────────────┼─────────────┼───────────────┼────────────────┼─────────────────────────┤
│  Foldable  │   ...          │  Lib                │  Foldable   │  Foldable     │  14:17..14:17  │  17:2..17:4             │
│            │                │                     │             │               │                │  Foldable               │
├────────────┼────────────────┼─────────────────────┼─────────────┼───────────────┼────────────────┼─────────────────────────┤
│  Functor   │   ...          │  Lib                │  Functor    │  Functor      │  14:17..14:17  │  17:2..17:4             │
│            │                │                     │             │               │                │  Functor                │
╰────────────┴────────────────┴─────────────────────┴─────────────┴───────────────┴────────────────┴─────────────────────────╯


Completion at Position { line: 19, character: 14 }

```
import Lib (class Fu)
--            ^
```

╭─────────┬────────────────┬─────────────────────┬─────────────┬───────────────┬─────────────┬─────────────────────────╮
│  label  │  label_detail  │  label_description  │  sort_text  │  filter_text  │  text_edit  │  additional_text_edits  │
╰─────────┴────────────────┴─────────────────────┴─────────────┴───────────────┴─────────────┴─────────────────────────╯


Completion at Position { line: 23, character: 7 }

```
  -- Keep this comment.
--     ^
```

╭─────────┬────────────────┬─────────────────────┬─────────────┬───────────────┬─────────────┬─────────────────────────╮
│  label  │  label_detail  │  label_description  │  sort_text  │  filter_text  │  text_edit  │  additional_text_edits  │
╰─────────┴────────────────┴─────────────────────┴─────────────┴───────────────┴─────────────┴─────────────────────────╯


Completion at Position { line: 27, character: 33 }

```
import Lib (class Foldable, class)
--                               ^
```

╭───────────┬────────────────┬─────────────────────┬─────────────┬───────────────┬────────────────┬─────────────────────────╮
│  label    │  label_detail  │  label_description  │  sort_text  │  filter_text  │  text_edit     │  additional_text_edits  │
├───────────┼────────────────┼─────────────────────┼─────────────┼───────────────┼────────────────┼─────────────────────────┤
│  Functor  │   ...          │  Lib                │  Functor    │  Functor      │  27:33..27:33  │  ...                    │
│           │                │                     │             │               │  ␠Functor      │                         │
╰───────────┴────────────────┴─────────────────────┴─────────────┴───────────────┴────────────────┴─────────────────────────╯


Completion at Position { line: 30, character: 40 }

```
import Lib hiding (class Foldable, class)
--                                      ^
```

╭───────────┬────────────────┬─────────────────────┬─────────────┬───────────────┬────────────────┬─────────────────────────╮
│  label    │  label_detail  │  label_description  │  sort_text  │  filter_text  │  text_edit     │  additional_text_edits  │
├───────────┼────────────────┼─────────────────────┼─────────────┼───────────────┼────────────────┼─────────────────────────┤
│  Functor  │   ...          │  Lib                │  Functor    │  Functor      │  30:40..30:40  │  ...                    │
│           │                │                     │             │               │  ␠Functor      │                         │
╰───────────┴────────────────┴─────────────────────┴─────────────┴───────────────┴────────────────┴─────────────────────────╯


Completion at Position { line: 33, character: 40 }

```
import Lib (class Functor, class Foldable)
--                                      ^
```

╭────────────┬────────────────┬─────────────────────┬─────────────┬───────────────┬────────────────┬─────────────────────────╮
│  label     │  label_detail  │  label_description  │  sort_text  │  filter_text  │  text_edit     │  additional_text_edits  │
├────────────┼────────────────┼─────────────────────┼─────────────┼───────────────┼────────────────┼─────────────────────────┤
│  Foldable  │   ...          │  Lib                │  Foldable   │  Foldable     │  33:33..33:41  │  ...                    │
│            │                │                     │             │               │  Foldable      │                         │
╰────────────┴────────────────┴─────────────────────┴─────────────┴───────────────┴────────────────┴─────────────────────────╯
