---
source: tests-integration/src/fixtures.rs
assertion_line: 50
expression: report
---
Terms
Tuple ::
  forall (@a :: Type) (@b :: Type). (a :: Type) -> (b :: Type) -> Tuple (a :: Type) (b :: Type)
testBoth :: Int -> String -> Tuple Int String
testLeft :: forall (t :: Type). Int -> (t :: Type) -> Tuple Int (t :: Type)
testRight :: forall (t :: Type). (t :: Type) -> String -> Tuple (t :: Type) String

Types
Tuple :: Type -> Type -> Type

Roles
Tuple = [Representational, Representational]
