---
source: tests-integration/src/fixtures.rs
assertion_line: 50
expression: report
---
Terms
Just :: forall (@a :: Prim.Type). (a :: Prim.Type) -> Main.Maybe (a :: Prim.Type)
Nothing :: forall (@a :: Prim.Type). Main.Maybe (a :: Prim.Type)
test :: Prim.Partial => Prim.Int

Types
Maybe :: Prim.Type -> Prim.Type

Roles
Maybe = [Representational]

Diagnostics
warning[MissingPatterns]: Pattern match is not exhaustive. Missing: Nothing
  --> 6:3..9:6
  |
6 |   let
  |   ^~~
