---
source: tests-integration/src/fixtures.rs
assertion_line: 50
expression: report
---
Terms
Just :: forall (@a :: Prim.Type). (a :: Prim.Type) -> Main.Maybe (a :: Prim.Type)
Nothing :: forall (@a :: Prim.Type). Main.Maybe (a :: Prim.Type)
test :: forall (t0 :: Prim.Type). Main.Maybe (t0 :: Prim.Type) -> Prim.Int

Types
Maybe :: Prim.Type -> Prim.Type

Roles
Maybe = [Representational]

Diagnostics
warning[RedundantPattern]: Pattern match has redundant patterns: Just _
  --> 5:8..8:15
  |
5 | test = case _ of
  |        ^~~~~~~~~
