---
source: tests-integration/src/fixtures.rs
assertion_line: 50
expression: report
---
Terms
Nothing :: forall (@a :: Type). Maybe (a :: Type)
Just :: forall (@a :: Type). (a :: Type) -> Maybe (a :: Type)
List ::
  forall (t :: Type) (@a :: (t :: Type)).
    { head :: Int, tail :: Maybe (List @(t :: Type) (a :: (t :: Type))) } ->
    List @(t :: Type) (a :: (t :: Type))

Types
Maybe :: Type -> Type
List :: forall (t :: Type). (t :: Type) -> Type

Instances
instance forall (t :: Type). Eq (t :: Type) => Eq (Maybe (t :: Type))

Derived
derive forall (t :: Type). Eq (t :: Type) => Eq (List @Type (t :: Type))

Roles
Maybe = [Representational]
List = [Representational]
