---
source: tests-integration/src/fixtures.rs
assertion_line: 50
expression: report
---
Terms
value :: forall (@a :: Prim.Type). Main.Value (a :: Prim.Type) => (a :: Prim.Type)
guardedFailure :: Prim.TypeError.Fail (Prim.TypeError.Text "failure was demanded") => Prim.Int
useFailure :: Prim.Int
guardedWarning :: Prim.TypeError.Warn (Prim.TypeError.Text "warning was demanded") => Prim.Int
useWarning :: Prim.Int

Types
Value :: Prim.Type -> Prim.Constraint

Classes
class forall (a :: Prim.Type). Main.Value (a :: Prim.Type)
  value :: forall (@a :: Prim.Type). Main.Value (a :: Prim.Type) => (a :: Prim.Type)

Instances
instance Main.Value Prim.Int

Diagnostics
error[CustomFailure]: failure was demanded
  --> 14:1..14:18
   |
14 | useFailure :: Int
   | ^~~~~~~~~~~~~~~~~
warning[CustomWarning]: warning was demanded
  --> 20:1..20:18
   |
20 | useWarning :: Int
   | ^~~~~~~~~~~~~~~~~
