---
source: tests-integration/src/fixtures.rs
assertion_line: 50
expression: report
---
Terms
singleFieldUpdate ::
  forall (t :: Type) (t1 :: Row Type).
    { a :: (t :: Type) | (t1 :: Row Type) } -> { a :: Int | (t1 :: Row Type) }
multipleFieldUpdate ::
  forall (t :: Type) (t1 :: Type) (t2 :: Type) (t3 :: Row Type).
    { a :: (t :: Type), b :: (t1 :: Type), c :: (t2 :: Type) | (t3 :: Row Type) } ->
    { a :: Int, b :: Boolean, c :: String | (t3 :: Row Type) }
nestedRecordUpdate ::
  forall (t :: Type) (t1 :: Row Type) (t2 :: Row Type) (t3 :: Row Type).
    { a :: { b :: { c :: (t :: Type) | (t1 :: Row Type) } | (t2 :: Row Type) }
    | (t3 :: Row Type)
    } ->
    { a :: { b :: { c :: Int | (t1 :: Row Type) } | (t2 :: Row Type) } | (t3 :: Row Type) }
updateWithValueSection ::
  forall (t :: Type) (t1 :: Row Type).
    { a :: (t :: Type) | (t1 :: Row Type) } -> { a :: Int -> Int | (t1 :: Row Type) }
updateWithSectionInteraction ::
  forall (t :: Type) (t1 :: Row Type) (t2 :: Type).
    { a :: (t :: Type) | (t1 :: Row Type) } ->
    (t2 :: Type) ->
    { a :: (t2 :: Type) | (t1 :: Row Type) }
polymorphicRecordUpdate ::
  forall (t :: Type) (t1 :: Row Type).
    { foo :: (t :: Type) | (t1 :: Row Type) } -> { foo :: Int | (t1 :: Row Type) }
higherOrderContext ::
  forall (t :: Type) (t1 :: Row Type).
    Array { x :: (t :: Type) | (t1 :: Row Type) } -> Array { x :: Int | (t1 :: Row Type) }
multipleSectionsInteraction ::
  forall (t :: Type) (t1 :: Type) (t2 :: Row Type) (t3 :: Type) (t4 :: Type).
    { x :: (t :: Type), y :: (t1 :: Type) | (t2 :: Row Type) } ->
    (t3 :: Type) ->
    (t4 :: Type) ->
    { x :: (t3 :: Type), y :: (t4 :: Type) | (t2 :: Row Type) }
nestedSectionInteraction ::
  forall (t :: Type) (t1 :: Row Type) (t2 :: Row Type) (t3 :: Type).
    { a :: { b :: (t :: Type) | (t1 :: Row Type) } | (t2 :: Row Type) } ->
    (t3 :: Type) ->
    { a :: { b :: (t3 :: Type) | (t1 :: Row Type) } | (t2 :: Row Type) }
mixedSections ::
  forall (t :: Type) (t1 :: Type) (t2 :: Row Type).
    { a :: (t :: Type), b :: (t1 :: Type) | (t2 :: Row Type) } ->
    { a :: Int -> Int, b :: Int | (t2 :: Row Type) }
recordAccessSectionUpdate ::
  forall (t :: Type) (t1 :: Row Type) (t2 :: Type) (t3 :: Row Type).
    { a :: (t :: Type) | (t1 :: Row Type) } ->
    { a :: { b :: (t2 :: Type) | (t3 :: Row Type) } -> (t2 :: Type) | (t1 :: Row Type) }
concreteRecordUpdateSection :: forall (t :: Type). (t :: Type) -> { a :: (t :: Type) }
map ::
  forall (a :: Type) (b :: Type).
    ((a :: Type) -> (b :: Type)) -> Array (a :: Type) -> Array (b :: Type)
+ :: Int -> Int -> Int
add :: Int -> Int -> Int

Types
