---
source: tests-integration/src/fixtures.rs
assertion_line: 50
expression: report
---
Terms

Types
NonZeroInt :: Prim.Type
Identity :: forall (t :: Prim.Type). (t :: Prim.Type) -> (t :: Prim.Type)
FourtyTwo :: Prim.Int

Synonyms
type NonZeroInt = Prim.Int
type Identity a = (a :: (t :: Prim.Type))
type FourtyTwo = 42
