---
source: tests-integration/src/fixtures.rs
assertion_line: 50
expression: report
---
Terms
Box :: forall (@a :: Prim.Type). (a :: Prim.Type) -> Main.Box (a :: Prim.Type)

Types
UnaryKind :: Prim.Type
Box :: Main.UnaryKind

Synonyms
type UnaryKind = Prim.Type -> Prim.Type

Roles
Box = [Representational]
