---
source: tests-integration/src/fixtures.rs
assertion_line: 50
expression: report
---
Terms
reflectKind' ::
  forall (t :: Type) (@a :: (t :: Type)) (p :: (t :: Type) -> Type).
    HasKind' @(t :: Type) (a :: (t :: Type)) =>
    (p :: (t :: Type) -> Type) (a :: (t :: Type)) -> String

Types
HasKind' :: forall (t :: Type). (t :: Type) -> Constraint

Classes
class forall (t :: Type) (a :: (t :: Type)). HasKind' @(t :: Type) (a :: (t :: Type))
  reflectKind' ::
  forall (t :: Type) (@a :: (t :: Type)) (p :: (t :: Type) -> Type).
    HasKind' @(t :: Type) (a :: (t :: Type)) =>
    (p :: (t :: Type) -> Type) (a :: (t :: Type)) -> String
