---
source: tests-integration/src/fixtures.rs
assertion_line: 50
expression: report
---
Terms
interleaved ::
  forall (a :: Prim.Type).
    Main.First @Prim.Type (a :: Prim.Type) =>
    (forall (b :: Prim.Type).
      Main.Second @Prim.Type (b :: Prim.Type) =>
      (a :: Prim.Type) -> (b :: Prim.Type) -> Prim.String)
test :: Prim.String

Types
First :: forall (t :: Prim.Type). (t :: Prim.Type) -> Prim.Constraint
Second :: forall (t :: Prim.Type). (t :: Prim.Type) -> Prim.Constraint

Classes
class forall (t :: Prim.Type) (a :: (t :: Prim.Type)). Main.First @(t :: Prim.Type) (a :: (t :: Prim.Type))
class forall (t :: Prim.Type) (a :: (t :: Prim.Type)). Main.Second @(t :: Prim.Type) (a :: (t :: Prim.Type))

Instances
instance Main.First @Prim.Type Prim.Int
instance Main.Second @Prim.Type Prim.Boolean
