---
source: tests-integration/src/fixtures.rs
assertion_line: 50
expression: report
---
Terms

Types
Identity :: forall (t0 :: Prim.Type). (t0 :: Prim.Type) -> (t0 :: Prim.Type)
+ :: forall (t0 :: Prim.Type). (t0 :: Prim.Type) -> (t0 :: Prim.Type)

Synonyms
type Identity a = (a :: (t0 :: Prim.Type))
