---
source: tests-integration/tests/lowering_unit.rs
expression: "(terms, types)"
---
(
    [
        Base(
            Idx::<IndexedTermItem>(2),
        ),
        Base(
            Idx::<IndexedTermItem>(1),
        ),
        Base(
            Idx::<IndexedTermItem>(0),
        ),
    ],
    [],
)
