---
source: tests-integration/src/fixtures.rs
assertion_line: 50
expression: report
---
Terms
F ::
  forall (t :: Type) (@a :: (t :: Type)). G (a :: (t :: Type)) -> F @(t :: Type) (a :: (t :: Type))
G ::
  forall (t :: Type) (@a :: (t :: Type)). F (a :: (t :: Type)) -> G @(t :: Type) (a :: (t :: Type))

Types
F :: forall (t :: Type). (t :: Type) -> Type
G :: forall (t :: Type). (t :: Type) -> Type

Roles
F = [Representational]
G = [Representational]
