---
source: tests-integration/src/fixtures.rs
assertion_line: 280
expression: diagnostics_report
---
Terms
animation :: Alexandrite.StyleX.Keyframes
styles :: { button :: Alexandrite.StyleX.Style, label :: Alexandrite.StyleX.Style }
secondary :: { root :: Alexandrite.StyleX.Style }
buttonProps :: Alexandrite.StyleX.Props
styleProps :: { button :: Alexandrite.StyleX.Props, label :: { className :: Prim.String } }
appliedStyleProps :: { button :: Alexandrite.StyleX.Props, label :: { className :: Prim.String } }
flippedStyleProps :: { button :: Alexandrite.StyleX.Props, label :: { className :: Prim.String } }
buttonPropsArray :: Prim.Boolean -> Alexandrite.StyleX.Props
selectedProps :: Prim.Boolean -> Prim.Boolean -> Alexandrite.StyleX.Props
buttonClassName :: Prim.String
labelClassName :: Prim.String

Types
