---
source: tests-integration/src/fixtures.rs
assertion_line: 50
expression: report
---
Terms
Just :: forall (@a :: Prim.Type). (a :: Prim.Type) -> Main.Maybe (a :: Prim.Type)
Nothing :: forall (@a :: Prim.Type). Main.Maybe (a :: Prim.Type)
MkId :: (forall (a :: Prim.Type). (a :: Prim.Type) -> (a :: Prim.Type)) -> Main.Id
identity :: forall (a :: Prim.Type). Main.Maybe ((a :: Prim.Type) -> (a :: Prim.Type))
test :: Prim.Partial => Prim.Int
test2 :: Main.Id -> Prim.Boolean
test3 :: Prim.Partial => Prim.Int
test4 :: Main.Id -> Prim.Boolean

Types
Maybe :: Prim.Type -> Prim.Type
Id :: Prim.Type

Roles
Maybe = [Representational]
Id = []

Diagnostics
error[CannotUnify]: Cannot unify 'Boolean' with 'Int'
  --> 11:31..11:35
   |
11 |   Just f -> let _ = f 42 in f true
   |                               ^~~~
error[CannotUnify]: Cannot unify 'Boolean' with 'Int'
  --> 20:24..20:28
   |
20 |   in let _ = f 42 in f true
   |                        ^~~~
