---
source: tests-integration/src/fixtures.rs
assertion_line: 286
expression: report
---
Terms
Just :: forall @a. a -> Main.Maybe a
Nothing :: forall @a. Main.Maybe a
MkId :: (forall a. a -> a) -> Main.Id
identity :: forall a. Main.Maybe (a -> a)
test :: Prim.Partial => Prim.Int
test2 :: Main.Id -> Prim.Boolean
test3 :: Prim.Partial => Prim.Int
test4 :: Main.Id -> Prim.Boolean

Types
Maybe :: Prim.Type -> Prim.Type
Id :: Prim.Type

Roles
Maybe = [Representational]
Id = []

Diagnostics
Error! · [CannotUnify] · Main.purs:11:31
  •
  │
  • Cannot unify 'Boolean' with 'Int'
  │
  │     Just f -> let _ = f 42 in f true
  │                                 ╰───
  •

Error! · [CannotUnify] · Main.purs:20:24
  •
  │
  • Cannot unify 'Boolean' with 'Int'
  │
  │     in let _ = f 42 in f true
  │                          ╰───
  •
