---
source: tests-integration/src/fixtures.rs
assertion_line: 134
expression: report
---
Completion at Position { line: 2, character: 22 }

```
check functionBinder =
--                    ^
```

╭──────────────────┬────────────────┬─────────────────────┬──────────────────┬──────────────────┬───────────────────────────────────────────────────────────────────────────┬─────────────┬─────────────────────────╮
│  label           │  label_detail  │  label_description  │  sort_text       │  filter_text     │  detail                                                                   │  text_edit  │  additional_text_edits  │
├──────────────────┼────────────────┼─────────────────────┼──────────────────┼──────────────────┼───────────────────────────────────────────────────────────────────────────┼─────────────┼─────────────────────────┤
│  functionBinder  │   ...          │  Local              │  functionBinder  │  functionBinder  │  ...                                                                      │  ...        │  ...                    │
├──────────────────┼────────────────┼─────────────────────┼──────────────────┼──────────────────┼───────────────────────────────────────────────────────────────────────────┼─────────────┼─────────────────────────┤
│  check           │   ...          │  Local              │  check           │  check           │  check :: forall (t0 :: Type) (t1 :: Type). (t0 :: Type) -> (t1 :: Type)  │  ...        │  ...                    │
╰──────────────────┴────────────────┴─────────────────────┴──────────────────┴──────────────────┴───────────────────────────────────────────────────────────────────────────┴─────────────┴─────────────────────────╯
