---
source: tests-integration/src/fixtures.rs
assertion_line: 50
expression: report
---
Terms
Missing :: Main.Missing

Types
Missing :: Prim.Type
Parent :: Prim.Type -> Prim.Constraint
Child :: Prim.Type -> Prim.Constraint

Classes
class forall (value :: Prim.Type). Main.Parent value
class forall (value :: Prim.Type). Main.Parent value <= Main.Child value

Instances
instance Main.Child Main.Missing

Roles
Missing = []

Diagnostics
error[NoInstanceFound]: No instance found for: Parent Missing
  --> 11:1..11:23
   |
11 | instance Child Missing
   | ^~~~~~~~~~~~~~~~~~~~~~
