---
source: tests-integration/tests/nbe.rs
assertion_line: 14
expression: report
---
@export identity = \value%0 -> value%0

@export inlineGlobal = \value%1 -> identity value%1

@export inlineProperty = \record%2 -> identity record%2.value

@export inlineLiteral = \condition%3 ->
  if condition%3 then true else false

@export inlineClosure = \value%5 -> (\item%4 -> item%4) value%5

@export inlineCall = \function%6 value%7 -> function%6 value%7

@export inlineArray = \value%8 -> [value%8]

@export inlineRecord = \value%9 -> { value: value%9 }

@export inlineCapturedClosure = \captured%11 -> \$boolean%10@(_) -> captured%11

@export inlineNestedClosureCapture = \record%15 ->
  \$boolean%12@(_) ->
    let
      projected%14 = record%15.value
    in \$boolean%13@(_) -> projected%14

@export keepMultiUseClosure = \captured%18 ->
  let
    closure%16 = \$boolean%17@(_) -> captured%18
  in { first: closure%16, second: closure%16 }

@export keepMultiUse = \record%20 ->
  let
    value%19 = record%20.value
  in { first: value%19, second: value%19 }

@export inlineAcrossCall = \record%21 function%22 ->
  { projected: record%21.value, called: function%22 true }

@export inlineOrderedCalls = \first%23 second%24 ->
  { first: first%23 true, second: second%24 false }

@export keepReorderedCalls = \first%28 second%27 ->
  let
    firstResult%26 = first%28 true
  in let
    secondResult%25 = second%27 false
  in { first: secondResult%25, second: firstResult%26 }

@export keepMultiUseCall = \function%30 value%31 ->
  let
    result%29 = function%30 value%31
  in { first: result%29, second: result%29 }

@export keepCallBeforeBranch = \condition%32 function%35 value%34 ->
  let
    result%33 = function%35 value%34
  in if condition%32 then result%33 else value%34

@export keepTestCall = \function%36 value%37 ->
  case function%36 value%37 of
    [] ->
      true
    _ ->
      false
