---
source: tests-integration/src/fixtures.rs
assertion_line: 286
expression: report
---
Terms
Opaque :: forall @a. a -> Main.Opaque a
Wrapped :: forall @a. Main.Opaque (a -> Prim.Int) -> Main.Wrapped a

Types
Opaque :: Prim.Type -> Prim.Type
Wrapped :: Prim.Type -> Prim.Type

Derived
derive Data.Functor.Contravariant.Contravariant Main.Wrapped

Roles
Opaque = [Representational]
Wrapped = [Representational]

Diagnostics
Error! · [CannotDeriveForType] · Main.purs:8:1
  •
  │
  • Cannot derive for type: Opaque (t0 -> Int)
  │
  │   derive instance Contravariant Wrapped
  │   ╰────────────────────────────────────
  •
