---
source: tests-integration/src/fixtures.rs
assertion_line: 68
expression: report
---
data RightNested :: forall (k0 :: Prim.Type). (Prim.Type -> k0 -> Prim.Type) -> k0 -> Prim.Type
data RightNested @p @a
  | RightNested :: p Prim.Int a -> Main.RightNested p a

dictionary foldableRightNested ::
  forall p.
  { bifoldableDict :: Data.Bifoldable.Bifoldable p } =>
  Data.Foldable.Foldable (Main.RightNested @Prim.Type p)
  where
  foldr :: forall (a :: Prim.Type) (b :: Prim.Type). (a -> b -> b) -> b -> Main.RightNested @Prim.Type p a -> b
  foldr = \@a -> \@b ->
    \function accumulator value ->
      case value of
        (RightNested field0) -> bifoldr {bifoldableDict} (\ignored accumulator -> accumulator)
          (\element accumulator -> function element accumulator)
          accumulator
          field0
  foldl :: forall (a :: Prim.Type) (b :: Prim.Type). (b -> a -> b) -> b -> Main.RightNested @Prim.Type p a -> b
  foldl = \@a -> \@b ->
    \function accumulator value ->
      case value of
        (RightNested field0) -> bifoldl {bifoldableDict} (\accumulator ignored -> accumulator)
          (\accumulator element -> function accumulator element)
          accumulator
          field0
  foldMap :: forall (a :: Prim.Type) (m :: Prim.Type).
  Data.Monoid.Monoid m => (a -> m) -> Main.RightNested @Prim.Type p a -> m
  foldMap = \@a -> \@m -> \{monoidDict} ->
    \function value ->
      case value of
        (RightNested field0) -> bifoldMap {bifoldableDict} {monoidDict}
          (\ignored -> mempty {monoidDict})
          (\element -> function element)
          field0
