---
source: tests-integration/src/fixtures.rs
assertion_line: 50
expression: report
---
Terms
NotANewtype :: Prim.Int -> Main.NotANewtype

Types
NotANewtype :: Prim.Type

Derived
derive forall (t :: Prim.Type). Data.Newtype.Newtype @Prim.Type Main.NotANewtype (t :: Prim.Type)

Roles
NotANewtype = []

Diagnostics
error[ExpectedNewtype]: Expected a newtype, got: NotANewtype
  --> 7:1..7:38
  |
7 | derive instance Newtype NotANewtype _
  | ^~~~~~~~~~~~~~~~~~~~~~~~~~~~~~~~~~~~~
