---
source: tests-integration/src/fixtures.rs
assertion_line: 50
expression: report
---
Terms
unify ::
  forall (r :: Row (Type -> Type)).
    Box (r :: Row (Type -> Type)) -> Box (r :: Row (Type -> Type)) -> Box (r :: Row (Type -> Type))
withF :: forall (r :: Row (Type -> Type)). Box ( f :: F | (r :: Row (Type -> Type)) )
withG :: forall (r :: Row (Type -> Type)). Box ( g :: G | (r :: Row (Type -> Type)) )
test :: forall (t :: Row (Type -> Type)). Box ( f :: F, g :: G | (t :: Row (Type -> Type)) )

Types
F :: Type -> Type
G :: Type -> Type
Box :: Row (Type -> Type) -> Type

Roles
F = [Nominal]
G = [Nominal]
Box = [Nominal]
