---
source: tests-integration/src/fixtures.rs
assertion_line: 50
expression: report
---
Terms
clone ::
  forall (@a :: Prim.Type) (@b :: Prim.Type).
    Main.Clone (a :: Prim.Type) (b :: Prim.Type) => (a :: Prim.Type) -> (b :: Prim.Type)
testClonePerson ::
  { age :: Prim.Int, name :: Prim.String } -> { age :: Prim.Int, name :: Prim.String }
testCloneEmpty :: {} -> {}
testCloneSingle :: { x :: Prim.Int } -> { x :: Prim.Int }
nest ::
  forall (@a :: Prim.Type) (@b :: Prim.Type).
    Main.Nest (a :: Prim.Type) (b :: Prim.Type) => (a :: Prim.Type) -> (b :: Prim.Type)
testNest :: { a :: Prim.String } -> { inner :: { a :: Prim.String }, outer :: Prim.Int }

Types
Clone :: Prim.Type -> Prim.Type -> Prim.Constraint
Nest :: Prim.Type -> Prim.Type -> Prim.Constraint

Classes
class forall (a :: Prim.Type) (b :: Prim.Type). Main.Clone (a :: Prim.Type) (b :: Prim.Type)
  clone ::
  forall (@a :: Prim.Type) (@b :: Prim.Type).
    Main.Clone (a :: Prim.Type) (b :: Prim.Type) => (a :: Prim.Type) -> (b :: Prim.Type)
class forall (a :: Prim.Type) (b :: Prim.Type). Main.Nest (a :: Prim.Type) (b :: Prim.Type)
  nest ::
  forall (@a :: Prim.Type) (@b :: Prim.Type).
    Main.Nest (a :: Prim.Type) (b :: Prim.Type) => (a :: Prim.Type) -> (b :: Prim.Type)

Instances
instance forall (r :: Prim.Row Prim.Type).
  Main.Clone {| (r :: Prim.Row Prim.Type) } {| (r :: Prim.Row Prim.Type) }
instance forall (r :: Prim.Row Prim.Type).
  Main.Nest
    {| (r :: Prim.Row Prim.Type) }
    { inner :: {| (r :: Prim.Row Prim.Type) }, outer :: Prim.Int }
