---
source: tests-integration/src/fixtures.rs
assertion_line: 50
expression: report
---
Terms
Proxy :: forall k (@a :: k). Main.Proxy @k (a :: k)
warnBasic ::
  forall a. Prim.TypeError.Warn (Prim.TypeError.Text "This function is deprecated") => a -> a
useWarnBasic :: Prim.Int
warnBeside ::
  forall a.
    Prim.TypeError.Warn
      (Prim.TypeError.Beside (Prim.TypeError.Text "Left ") (Prim.TypeError.Text "Right")) =>
    a -> a
useWarnBeside :: Prim.Int
warnAbove ::
  forall a.
    Prim.TypeError.Warn
      (Prim.TypeError.Above (Prim.TypeError.Text "Line 1") (Prim.TypeError.Text "Line 2")) =>
    a -> a
useWarnAbove :: Prim.Int
warnQuote ::
  forall t0 (a :: t0).
    Prim.TypeError.Warn
      (Prim.TypeError.Beside
        (Prim.TypeError.Text "Got type: ")
        (Prim.TypeError.Quote @t0 (a :: t0))) =>
    Main.Proxy @t0 (a :: t0) -> Main.Proxy @t0 (a :: t0)
useWarnQuote :: Main.Proxy @Prim.Type Prim.Int
warnQuoteLabel ::
  forall a.
    Prim.TypeError.Warn
      (Prim.TypeError.Beside
        (Prim.TypeError.Text "Label: ")
        (Prim.TypeError.QuoteLabel "myField")) =>
    a -> a
useWarnQuoteLabel :: Prim.Int
warnQuoteLabelSpaces ::
  forall a.
    Prim.TypeError.Warn
      (Prim.TypeError.Beside
        (Prim.TypeError.Text "Label: ")
        (Prim.TypeError.QuoteLabel "h e l l o")) =>
    a -> a
useWarnQuoteLabelSpaces :: Prim.Int
warnQuoteLabelQuote ::
  forall a.
    Prim.TypeError.Warn
      (Prim.TypeError.Beside
        (Prim.TypeError.Text "Label: ")
        (Prim.TypeError.QuoteLabel "hel\"lo")) =>
    a -> a
useWarnQuoteLabelQuote :: Prim.Int
warnQuoteLabelRaw ::
  forall a.
    Prim.TypeError.Warn
      (Prim.TypeError.Beside
        (Prim.TypeError.Text "Label: ")
        (Prim.TypeError.QuoteLabel """raw\nstring""")) =>
    a -> a
useWarnQuoteLabelRaw :: Prim.Int

Types
Proxy :: forall k. k -> Prim.Type

Roles
Proxy = [Phantom]

Diagnostics
warning[CustomWarning]: This function is deprecated
  --> 11:1..11:20
   |
11 | useWarnBasic :: Int
   | ^~~~~~~~~~~~~~~~~~~
warning[CustomWarning]: Left Right
  --> 17:1..17:21
   |
17 | useWarnBeside :: Int
   | ^~~~~~~~~~~~~~~~~~~~
warning[CustomWarning]: Line 1
Line 2
  --> 23:1..23:20
   |
23 | useWarnAbove :: Int
   | ^~~~~~~~~~~~~~~~~~~
warning[CustomWarning]: Got type: Int
  --> 29:1..29:26
   |
29 | useWarnQuote :: Proxy Int
   | ^~~~~~~~~~~~~~~~~~~~~~~~~
warning[CustomWarning]: Label: myField
  --> 35:1..35:25
   |
35 | useWarnQuoteLabel :: Int
   | ^~~~~~~~~~~~~~~~~~~~~~~~
warning[CustomWarning]: Label: "h e l l o"
  --> 41:1..41:31
   |
41 | useWarnQuoteLabelSpaces :: Int
   | ^~~~~~~~~~~~~~~~~~~~~~~~~~~~~~
warning[CustomWarning]: Label: "hel\"lo"
  --> 47:1..47:30
   |
47 | useWarnQuoteLabelQuote :: Int
   | ^~~~~~~~~~~~~~~~~~~~~~~~~~~~~
warning[CustomWarning]: Label: """raw\nstring"""
  --> 53:1..53:28
   |
53 | useWarnQuoteLabelRaw :: Int
   | ^~~~~~~~~~~~~~~~~~~~~~~~~~~
