---
source: tests-integration/src/fixtures.rs
assertion_line: 50
expression: report
---
Terms
useBottom ::
  forall (a :: Prim.Type). Main.Bottom @Prim.Type (a :: Prim.Type) => (a :: Prim.Type) -> Prim.Int
useLeft ::
  forall (a :: Prim.Type). Main.Left @Prim.Type (a :: Prim.Type) => (a :: Prim.Type) -> Prim.Int
useRight ::
  forall (a :: Prim.Type). Main.Right @Prim.Type (a :: Prim.Type) => (a :: Prim.Type) -> Prim.Int
useTop ::
  forall (a :: Prim.Type). Main.Top @Prim.Type (a :: Prim.Type) => (a :: Prim.Type) -> Prim.Int
testDiamond ::
  forall (t :: Prim.Type). Main.Top @Prim.Type (t :: Prim.Type) => (t :: Prim.Type) -> Prim.Int
testShared ::
  forall (t :: Prim.Type).
    Main.Left @Prim.Type (t :: Prim.Type) =>
    Main.Right @Prim.Type (t :: Prim.Type) =>
    (t :: Prim.Type) -> Prim.Int

Types
Bottom :: forall (t :: Prim.Type). (t :: Prim.Type) -> Prim.Constraint
Left :: forall (t :: Prim.Type). (t :: Prim.Type) -> Prim.Constraint
Right :: forall (t :: Prim.Type). (t :: Prim.Type) -> Prim.Constraint
Top :: forall (t :: Prim.Type). (t :: Prim.Type) -> Prim.Constraint

Classes
class forall (t :: Prim.Type) (a :: (t :: Prim.Type)). Main.Bottom @(t :: Prim.Type) (a :: (t :: Prim.Type))
class forall (t :: Prim.Type) (a :: (t :: Prim.Type)). Main.Bottom @(t :: Prim.Type) (a :: (t :: Prim.Type)) <= Main.Left @(t :: Prim.Type) (a :: (t :: Prim.Type))
class forall (t :: Prim.Type) (a :: (t :: Prim.Type)). Main.Bottom @(t :: Prim.Type) (a :: (t :: Prim.Type)) <= Main.Right @(t :: Prim.Type) (a :: (t :: Prim.Type))
class forall (t :: Prim.Type) (a :: (t :: Prim.Type)). Main.Left @(t :: Prim.Type) (a :: (t :: Prim.Type)), Main.Right @(t :: Prim.Type) (a :: (t :: Prim.Type)) <= Main.Top @(t :: Prim.Type) (a :: (t :: Prim.Type))
