---
source: tests-integration/tests/nbe.rs
assertion_line: 14
expression: report
---
@export separatedNumber = 4_294_967_295.0

@export separatedNumberParts = 1_2.3_4e+0_2

@export separatedExponent = 1_2e0_2

@export separatedUpperExponent = 1_3E0_2

@export separatedNegativeExponent = 1_400e-0_2

@export matchesSeparatedNumber = \$number%0 ->
  case $number%0 of
    1_0.0_5e+0_2 ->
      true
    1_2e0_2 ->
      true
    1_3E0_2 ->
      true
    1_400e-0_2 ->
      true
    -1_5.0 ->
      true
    _ ->
      false
