---
source: tests-integration/src/fixtures.rs
assertion_line: 50
expression: report
---
Terms
step ::
  forall (@f :: Type) (@a :: Type) (@x :: Type) (@a' :: Type).
    Step (f :: Type) (a :: Type) (x :: Type) (a' :: Type) =>
    (f :: Type) -> (a :: Type) -> (x :: Type) -> (a' :: Type)
done ::
  forall (@f :: Type) (@a :: Type) (@x :: Type).
    Done (f :: Type) (a :: Type) (x :: Type) => (f :: Type) -> (a :: Type) -> (x :: Type)
walk ::
  forall (@f :: Type) (@a :: Type) (@r :: Type).
    Walk (f :: Type) (a :: Type) (r :: Type) => (f :: Type) -> (a :: Type) -> (r :: Type)

Types
Step :: Type -> Type -> Type -> Type -> Constraint
Done :: Type -> Type -> Type -> Constraint
Walk :: Type -> Type -> Type -> Constraint

Classes
class forall (f :: Type) (a :: Type) (x :: Type) (a' :: Type). Step (f :: Type) (a :: Type) (x :: Type) (a' :: Type)
  step ::
  forall (@f :: Type) (@a :: Type) (@x :: Type) (@a' :: Type).
    Step (f :: Type) (a :: Type) (x :: Type) (a' :: Type) =>
    (f :: Type) -> (a :: Type) -> (x :: Type) -> (a' :: Type)
class forall (f :: Type) (a :: Type) (x :: Type). Done (f :: Type) (a :: Type) (x :: Type)
  done ::
  forall (@f :: Type) (@a :: Type) (@x :: Type).
    Done (f :: Type) (a :: Type) (x :: Type) => (f :: Type) -> (a :: Type) -> (x :: Type)
class forall (f :: Type) (a :: Type) (r :: Type). Walk (f :: Type) (a :: Type) (r :: Type)
  walk ::
  forall (@f :: Type) (@a :: Type) (@r :: Type).
    Walk (f :: Type) (a :: Type) (r :: Type) => (f :: Type) -> (a :: Type) -> (r :: Type)

Instances
instance forall (t :: Type) (t1 :: Type) (t2 :: Type) (t3 :: Type) (t4 :: Type).
  Step (t :: Type) (t1 :: Type) (t2 :: Type) (t3 :: Type) =>
  Walk (t :: Type) (t3 :: Type) (t4 :: Type) =>
  Walk (t :: Type) (t1 :: Type) ((t2 :: Type) -> (t4 :: Type))
instance forall (t :: Type) (t1 :: Type) (t2 :: Type).
  Done (t :: Type) (t1 :: Type) (t2 :: Type) => Walk (t :: Type) (t1 :: Type) (t2 :: Type)
